Archive member included to satisfy reference by file (symbol)

/home/luevar/Документы/nstu/IoT/riot/examples/blinking_by_pressing/bin/stm32f0discovery/core/sched.o
                              /home/luevar/Документы/nstu/IoT/riot/examples/blinking_by_pressing/bin/stm32f0discovery/newlib_syscalls_default/syscalls.o (sched_active_pid)
/home/luevar/Документы/nstu/IoT/riot/examples/blinking_by_pressing/bin/stm32f0discovery/core/bitarithm.o
                              /home/luevar/Документы/nstu/IoT/riot/examples/blinking_by_pressing/bin/stm32f0discovery/core/sched.o (MultiplyDeBruijnBitPosition)
/home/luevar/Документы/nstu/IoT/riot/examples/blinking_by_pressing/bin/stm32f0discovery/cortexm_common/thread_arch.o
                              /home/luevar/Документы/nstu/IoT/riot/examples/blinking_by_pressing/bin/stm32f0discovery/core/sched.o (cpu_switch_context_exit)
/home/luevar/Документы/nstu/IoT/riot/examples/blinking_by_pressing/bin/stm32f0discovery/cortexm_common/vectors_cortexm.o
                              /home/luevar/Документы/nstu/IoT/riot/examples/blinking_by_pressing/bin/stm32f0discovery/cpu/vectors.o (dummy_handler_default)
/home/luevar/Документы/nstu/IoT/riot/examples/blinking_by_pressing/bin/stm32f0discovery/cortexm_common/irq_arch.o
                              /home/luevar/Документы/nstu/IoT/riot/examples/blinking_by_pressing/bin/stm32f0discovery/newlib_syscalls_default/syscalls.o (irq_disable)
/home/luevar/Документы/nstu/IoT/riot/examples/blinking_by_pressing/bin/stm32f0discovery/div/div.o
                              /home/luevar/Документы/nstu/IoT/riot/examples/blinking_by_pressing/bin/stm32f0discovery/newlib_syscalls_default/syscalls.o (_div_mulhi64)
/home/luevar/Документы/nstu/IoT/riot/examples/blinking_by_pressing/bin/stm32f0discovery/stdio_uart/stdio_uart.o
                              /home/luevar/Документы/nstu/IoT/riot/examples/blinking_by_pressing/bin/stm32f0discovery/newlib_syscalls_default/syscalls.o (stdio_read)
/home/luevar/Документы/nstu/IoT/riot/examples/blinking_by_pressing/bin/stm32f0discovery/stm32_common_periph/pm.o
                              /home/luevar/Документы/nstu/IoT/riot/examples/blinking_by_pressing/bin/stm32f0discovery/newlib_syscalls_default/syscalls.o (pm_off)
/home/luevar/Документы/nstu/IoT/riot/examples/blinking_by_pressing/bin/stm32f0discovery/stm32_common_periph/uart.o
                              /home/luevar/Документы/nstu/IoT/riot/examples/blinking_by_pressing/bin/stm32f0discovery/stdio_uart/stdio_uart.o (uart_init)
/home/luevar/Документы/nstu/IoT/riot/examples/blinking_by_pressing/bin/stm32f0discovery/stm32_common_periph/gpio.o
                              /home/luevar/Документы/nstu/IoT/riot/examples/blinking_by_pressing/bin/stm32f0discovery/stm32_common_periph/uart.o (gpio_init)
/home/luevar/Документы/nstu/IoT/riot/examples/blinking_by_pressing/bin/stm32f0discovery/xtimer/xtimer_core.o
                              /home/luevar/Документы/nstu/IoT/riot/examples/blinking_by_pressing/bin/stm32f0discovery/newlib_syscalls_default/syscalls.o (_xtimer_now64)
/home/luevar/Документы/nstu/IoT/riot/examples/blinking_by_pressing/bin/stm32f0discovery/board/board.o
                              /home/luevar/Документы/nstu/IoT/riot/examples/blinking_by_pressing/bin/stm32f0discovery/cortexm_common/vectors_cortexm.o (board_init)
/home/luevar/Документы/nstu/IoT/riot/examples/blinking_by_pressing/bin/stm32f0discovery/core/panic.o
                              /home/luevar/Документы/nstu/IoT/riot/examples/blinking_by_pressing/bin/stm32f0discovery/cortexm_common/vectors_cortexm.o (core_panic)
/home/luevar/Документы/nstu/IoT/riot/examples/blinking_by_pressing/bin/stm32f0discovery/core/kernel_init.o
                              /home/luevar/Документы/nstu/IoT/riot/examples/blinking_by_pressing/bin/stm32f0discovery/cortexm_common/vectors_cortexm.o (kernel_init)
/home/luevar/Документы/nstu/IoT/riot/examples/blinking_by_pressing/bin/stm32f0discovery/core/thread.o
                              /home/luevar/Документы/nstu/IoT/riot/examples/blinking_by_pressing/bin/stm32f0discovery/core/kernel_init.o (thread_create)
/home/luevar/Документы/nstu/IoT/riot/examples/blinking_by_pressing/bin/stm32f0discovery/pm_layered/pm.o
                              /home/luevar/Документы/nstu/IoT/riot/examples/blinking_by_pressing/bin/stm32f0discovery/core/kernel_init.o (pm_set_lowest)
/home/luevar/Документы/nstu/IoT/riot/examples/blinking_by_pressing/bin/stm32f0discovery/stm32_common/stmclk.o
                              /home/luevar/Документы/nstu/IoT/riot/examples/blinking_by_pressing/bin/stm32f0discovery/stm32_common_periph/pm.o (stmclk_init_sysclk)
/home/luevar/Документы/nstu/IoT/riot/examples/blinking_by_pressing/bin/stm32f0discovery/stm32_common/stmclk_common.o
                              /home/luevar/Документы/nstu/IoT/riot/examples/blinking_by_pressing/bin/stm32f0discovery/stm32_common/stmclk.o (stmclk_enable_hsi)
[...]
Memory Configuration

Name             Origin             Length             Attributes
ccmram           0x0000000010000000 0x0000000000000000
rom              0x0000000008000000 0x0000000000010000 xr
ram              0x0000000020000000 0x0000000000002000 w !xr
*default*        0x0000000000000000 0xffffffffffffffff

Linker script and memory map

LOAD /home/luevar/Документы/nstu/IoT/riot/examples/blinking_by_pressing/bin/stm32f0discovery/cpu/vectors.o
LOAD /home/luevar/Документы/nstu/IoT/riot/examples/blinking_by_pressing/bin/stm32f0discovery/newlib_syscalls_default/syscalls.o
START GROUP
LOAD /home/luevar/Документы/nstu/IoT/riot/examples/blinking_by_pressing/bin/stm32f0discovery/application_blinking_by_pressing.a
LOAD /home/luevar/Документы/nstu/IoT/riot/examples/blinking_by_pressing/bin/stm32f0discovery/auto_init.a
LOAD /home/luevar/Документы/nstu/IoT/riot/examples/blinking_by_pressing/bin/stm32f0discovery/board.a
LOAD /home/luevar/Документы/nstu/IoT/riot/examples/blinking_by_pressing/bin/stm32f0discovery/core.a
LOAD /home/luevar/Документы/nstu/IoT/riot/examples/blinking_by_pressing/bin/stm32f0discovery/cortexm_common.a
LOAD /home/luevar/Документы/nstu/IoT/riot/examples/blinking_by_pressing/bin/stm32f0discovery/cortexm_common_periph.a
LOAD /home/luevar/Документы/nstu/IoT/riot/examples/blinking_by_pressing/bin/stm32f0discovery/cpu.a
LOAD /home/luevar/Документы/nstu/IoT/riot/examples/blinking_by_pressing/bin/stm32f0discovery/div.a
LOAD /home/luevar/Документы/nstu/IoT/riot/examples/blinking_by_pressing/bin/stm32f0discovery/newlib_syscalls_default.a
LOAD /home/luevar/Документы/nstu/IoT/riot/examples/blinking_by_pressing/bin/stm32f0discovery/periph.a
LOAD /home/luevar/Документы/nstu/IoT/riot/examples/blinking_by_pressing/bin/stm32f0discovery/pm_layered.a
LOAD /home/luevar/Документы/nstu/IoT/riot/examples/blinking_by_pressing/bin/stm32f0discovery/stdio_uart.a
LOAD /home/luevar/Документы/nstu/IoT/riot/examples/blinking_by_pressing/bin/stm32f0discovery/stm32_common.a
LOAD /home/luevar/Документы/nstu/IoT/riot/examples/blinking_by_pressing/bin/stm32f0discovery/stm32_common_periph.a
LOAD /home/luevar/Документы/nstu/IoT/riot/examples/blinking_by_pressing/bin/stm32f0discovery/sys.a
LOAD /home/luevar/Документы/nstu/IoT/riot/examples/blinking_by_pressing/bin/stm32f0discovery/xtimer.a
LOAD /home/luevar/Документы/nstu/IoT/riot/examples/blinking_by_pressing/bin/stm32f0discovery/periph_common.a
LOAD /usr/bin/../lib/gcc/arm-none-eabi/7.3.1/../../../../arm-none-eabi/lib/thumb/v6-m/libm.a
END GROUP
LOAD /usr/bin/../lib/gcc/arm-none-eabi/7.3.1/thumb/v6-m/libgcc.a
                0x0000000008000000                _rom_start_addr = 0x8000000
                0x0000000020000000                _ram_start_addr = 0x20000000
                0x0000000000010000                _rom_length = 0x10000
                0x0000000000002000                _ram_length = 0x2000
LOAD /usr/bin/../lib/gcc/arm-none-eabi/7.3.1/../../../../arm-none-eabi/lib/thumb/v6-m/libc_nano.a
START GROUP
LOAD /usr/bin/../lib/gcc/arm-none-eabi/7.3.1/thumb/v6-m/libgcc.a
LOAD /usr/bin/../lib/gcc/arm-none-eabi/7.3.1/../../../../arm-none-eabi/lib/thumb/v6-m/libg_nano.a
LOAD /usr/bin/../lib/gcc/arm-none-eabi/7.3.1/../../../../arm-none-eabi/lib/thumb/v6-m/libc_nano.a
END GROUP
START GROUP
LOAD /usr/bin/../lib/gcc/arm-none-eabi/7.3.1/thumb/v6-m/libgcc.a
LOAD /usr/bin/../lib/gcc/arm-none-eabi/7.3.1/../../../../arm-none-eabi/lib/thumb/v6-m/libc_nano.a
END GROUP
                0x0000000000000000                ccmram_length = DEFINED (ccmram_len)?ccmram_len:0x0
                0x0000000000000000                _rom_offset = DEFINED (_rom_offset)?_rom_offset:0x0
                0x0000000000010000                _fw_rom_length = DEFINED (_fw_rom_length)?_fw_rom_length:(_rom_length - _rom_offset)
                0x0000000000000001                ASSERT ((_fw_rom_length <= (_rom_length - _rom_offset)), Specified firmware size does not fit in ROM)

.text           0x0000000008000000     0x23e0
                0x0000000008000000                . = ALIGN (0x4)
                0x0000000008000000                _sfixed = .
                0x0000000008000000                _isr_vectors = DEFINED (_isr_vectors)?_isr_vectors:.
 *(SORT_BY_NAME(.vectors*))
 .vectors.0     0x0000000008000000       0x40 /home/luevar/Документы/nstu/IoT/riot/examples/blinking_by_pressing/bin/stm32f0discovery/cortexm_common/vectors_cortexm.o
                0x0000000008000000                cortex_vector_base
 .vectors.1     0x0000000008000040       0x7c /home/luevar/Документы/nstu/IoT/riot/examples/blinking_by_pressing/bin/stm32f0discovery/cpu/vectors.o
                0x0000000008000040                vector_cpu
 *(.text .text.* .gnu.linkonce.t.*)
 .text.dummy_handler
                0x00000000080000bc        0x8 /home/luevar/Документы/nstu/IoT/riot/examples/blinking_by_pressing/bin/stm32f0discovery/cpu/vectors.o
                0x00000000080000bc                isr_pvd
                0x00000000080000bc                isr_i2c1
                0x00000000080000bc                isr_tim16
                0x00000000080000bc                isr_tsc
                0x00000000080000bc                isr_cec_can
                0x00000000080000bc                isr_tim7
                0x00000000080000bc                isr_dma1_channel4_5
                0x00000000080000bc                isr_tim1_brk_up_trg_com
                0x00000000080000bc                isr_dma1_channel4_5_6_7
                0x00000000080000bc                isr_i2c2
                0x00000000080000bc                isr_dma1_channel2_3
                0x00000000080000bc                isr_spi2
                0x00000000080000bc                isr_dma1_channel1
                0x00000000080000bc                dummy_handler
                0x00000000080000bc                isr_dma1_ch1
                0x00000000080000bc                isr_spi1
                0x00000000080000bc                isr_tim6
                0x00000000080000bc                isr_rcc
                0x00000000080000bc                isr_flash
                0x00000000080000bc                isr_rtc
                0x00000000080000bc                isr_tim1_cc
                0x00000000080000bc                isr_tim14
                0x00000000080000bc                isr_usb
                0x00000000080000bc                isr_adc1_comp
                0x00000000080000bc                isr_usart3_4
                0x00000000080000bc                isr_tim17
                0x00000000080000bc                isr_adc1
                0x00000000080000bc                isr_tim6_dac
                0x00000000080000bc                isr_dma1_ch4_7_dma2_ch3_5
                0x00000000080000bc                isr_pvd_vddio2
                0x00000000080000bc                isr_tim3
                0x00000000080000bc                isr_tim15
                0x00000000080000bc                isr_rcc_crs
                0x00000000080000bc                isr_usart3_8
                0x00000000080000bc                isr_dma1_ch2_3_dma2_ch1_2
                0x00000000080000bc                isr_wwdg
 .text._init    0x00000000080000c4        0x2 /home/luevar/Документы/nstu/IoT/riot/examples/blinking_by_pressing/bin/stm32f0discovery/newlib_syscalls_default/syscalls.o
                0x00000000080000c4                _init
 .text._fini    0x00000000080000c6        0x2 /home/luevar/Документы/nstu/IoT/riot/examples/blinking_by_pressing/bin/stm32f0discovery/newlib_syscalls_default/syscalls.o
                0x00000000080000c6                _fini
 .text._sbrk_r  0x00000000080000c8       0x3c /home/luevar/Документы/nstu/IoT/riot/examples/blinking_by_pressing/bin/stm32f0discovery/newlib_syscalls_default/syscalls.o
                0x00000000080000c8                _sbrk_r
 .text._read_r  0x0000000008000104        0xc /home/luevar/Документы/nstu/IoT/riot/examples/blinking_by_pressing/bin/stm32f0discovery/newlib_syscalls_default/syscalls.o
                0x0000000008000104                _read_r
 .text._write_r
                0x0000000008000110        0xc /home/luevar/Документы/nstu/IoT/riot/examples/blinking_by_pressing/bin/stm32f0discovery/newlib_syscalls_default/syscalls.o
                0x0000000008000110                _write_r
 .text._close_r
                0x000000000800011c        0xa /home/luevar/Документы/nstu/IoT/riot/examples/blinking_by_pressing/bin/stm32f0discovery/newlib_syscalls_default/syscalls.o
                0x000000000800011c                _close_r
 .text._lseek_r
                0x0000000008000126        0xa /home/luevar/Документы/nstu/IoT/riot/examples/blinking_by_pressing/bin/stm32f0discovery/newlib_syscalls_default/syscalls.o
                0x0000000008000126                _lseek_r
 .text._fstat_r
                0x0000000008000130        0xa /home/luevar/Документы/nstu/IoT/riot/examples/blinking_by_pressing/bin/stm32f0discovery/newlib_syscalls_default/syscalls.o
                0x0000000008000130                _fstat_r
 .text._isatty_r
                0x000000000800013a        0xe /home/luevar/Документы/nstu/IoT/riot/examples/blinking_by_pressing/bin/stm32f0discovery/newlib_syscalls_default/syscalls.o
                0x000000000800013a                _isatty_r
 .text.sched_run
                0x0000000008000148       0x68 /home/luevar/Документы/nstu/IoT/riot/examples/blinking_by_pressing/bin/stm32f0discovery/core/sched.o
                0x0000000008000148                sched_run
 .text.sched_set_status
                0x00000000080001b0       0x7c /home/luevar/Документы/nstu/IoT/riot/examples/blinking_by_pressing/bin/stm32f0discovery/core/sched.o
                0x00000000080001b0                sched_set_status
 .text.sched_switch
                0x000000000800022c       0x30 /home/luevar/Документы/nstu/IoT/riot/examples/blinking_by_pressing/bin/stm32f0discovery/core/sched.o
                0x000000000800022c                sched_switch
 .text.sched_task_exit
                0x000000000800025c       0x3c /home/luevar/Документы/nstu/IoT/riot/examples/blinking_by_pressing/bin/stm32f0discovery/core/sched.o
                0x000000000800025c                sched_task_exit
 .text.thread_stack_init
                0x0000000008000298       0x90 /home/luevar/Документы/nstu/IoT/riot/examples/blinking_by_pressing/bin/stm32f0discovery/cortexm_common/thread_arch.o
                0x0000000008000298                thread_stack_init
 .text.cpu_switch_context_exit
                0x0000000008000328        0x8 /home/luevar/Документы/nstu/IoT/riot/examples/blinking_by_pressing/bin/stm32f0discovery/cortexm_common/thread_arch.o
                0x0000000008000328                cpu_switch_context_exit
 .text.thread_yield_higher
                0x0000000008000330       0x14 /home/luevar/Документы/nstu/IoT/riot/examples/blinking_by_pressing/bin/stm32f0discovery/cortexm_common/thread_arch.o
                0x0000000008000330                thread_yield_higher
 .text.isr_pendsv
                0x0000000008000344       0x28 /home/luevar/Документы/nstu/IoT/riot/examples/blinking_by_pressing/bin/stm32f0discovery/cortexm_common/thread_arch.o
                0x0000000008000344                isr_pendsv
 .text.isr_svc  0x000000000800036c       0x2c /home/luevar/Документы/nstu/IoT/riot/examples/blinking_by_pressing/bin/stm32f0discovery/cortexm_common/thread_arch.o
                0x000000000800036c                isr_svc
 .text.hard_fault_default
                0x0000000008000398       0x50 /home/luevar/Документы/nstu/IoT/riot/examples/blinking_by_pressing/bin/stm32f0discovery/cortexm_common/vectors_cortexm.o
                0x0000000008000398                hard_fault_default
 .text.nmi_default
                0x00000000080003e8       0x10 /home/luevar/Документы/nstu/IoT/riot/examples/blinking_by_pressing/bin/stm32f0discovery/cortexm_common/vectors_cortexm.o
                0x00000000080003e8                nmi_default
 .text.dummy_handler_default
                0x00000000080003f8       0x10 /home/luevar/Документы/nstu/IoT/riot/examples/blinking_by_pressing/bin/stm32f0discovery/cortexm_common/vectors_cortexm.o
                0x00000000080003f8                dummy_handler_default
                0x00000000080003f8                isr_systick
 .text.pre_startup
                0x0000000008000408        0x2 /home/luevar/Документы/nstu/IoT/riot/examples/blinking_by_pressing/bin/stm32f0discovery/cortexm_common/vectors_cortexm.o
                0x0000000008000408                pre_startup
 .text.post_startup
                0x000000000800040a        0x2 /home/luevar/Документы/nstu/IoT/riot/examples/blinking_by_pressing/bin/stm32f0discovery/cortexm_common/vectors_cortexm.o
                0x000000000800040a                post_startup
 .text.reset_handler_default
                0x000000000800040c       0x68 /home/luevar/Документы/nstu/IoT/riot/examples/blinking_by_pressing/bin/stm32f0discovery/cortexm_common/vectors_cortexm.o
                0x000000000800040c                reset_handler_default
 .text.hard_fault_handler
                0x0000000008000474      0x118 /home/luevar/Документы/nstu/IoT/riot/examples/blinking_by_pressing/bin/stm32f0discovery/cortexm_common/vectors_cortexm.o
                0x0000000008000474                hard_fault_handler
 .text.irq_disable
                0x000000000800058c        0x8 /home/luevar/Документы/nstu/IoT/riot/examples/blinking_by_pressing/bin/stm32f0discovery/cortexm_common/irq_arch.o
                0x000000000800058c                irq_disable
 .text.irq_enable
                0x0000000008000594        0x8 /home/luevar/Документы/nstu/IoT/riot/examples/blinking_by_pressing/bin/stm32f0discovery/cortexm_common/irq_arch.o
                0x0000000008000594                irq_enable
 .text.irq_restore
                0x000000000800059c        0x6 /home/luevar/Документы/nstu/IoT/riot/examples/blinking_by_pressing/bin/stm32f0discovery/cortexm_common/irq_arch.o
                0x000000000800059c                irq_restore
 .text.irq_is_in
                0x00000000080005a2        0x8 /home/luevar/Документы/nstu/IoT/riot/examples/blinking_by_pressing/bin/stm32f0discovery/cortexm_common/irq_arch.o
                0x00000000080005a2                irq_is_in
 .text.stdio_init
                0x00000000080005aa       0x12 /home/luevar/Документы/nstu/IoT/riot/examples/blinking_by_pressing/bin/stm32f0discovery/stdio_uart/stdio_uart.o
                0x00000000080005aa                stdio_init
 .text.stdio_read
                0x00000000080005bc        0x6 /home/luevar/Документы/nstu/IoT/riot/examples/blinking_by_pressing/bin/stm32f0discovery/stdio_uart/stdio_uart.o
                0x00000000080005bc                stdio_read
 .text.stdio_write
                0x00000000080005c2       0x12 /home/luevar/Документы/nstu/IoT/riot/examples/blinking_by_pressing/bin/stm32f0discovery/stdio_uart/stdio_uart.o
                0x00000000080005c2                stdio_write
 .text.pm_set   0x00000000080005d4       0x6c /home/luevar/Документы/nstu/IoT/riot/examples/blinking_by_pressing/bin/stm32f0discovery/stm32_common_periph/pm.o
                0x00000000080005d4                pm_set
 .text.pm_off   0x0000000008000640        0xe /home/luevar/Документы/nstu/IoT/riot/examples/blinking_by_pressing/bin/stm32f0discovery/stm32_common_periph/pm.o
                0x0000000008000640                pm_off
 *fill*         0x000000000800064e        0x2 
 .text.uart_enable_clock
                0x0000000008000650       0x30 /home/luevar/Документы/nstu/IoT/riot/examples/blinking_by_pressing/bin/stm32f0discovery/stm32_common_periph/uart.o
 .text.irq_handler
                0x0000000008000680       0x4c /home/luevar/Документы/nstu/IoT/riot/examples/blinking_by_pressing/bin/stm32f0discovery/stm32_common_periph/uart.o
 .text.uart_init
                0x00000000080006cc       0xc8 /home/luevar/Документы/nstu/IoT/riot/examples/blinking_by_pressing/bin/stm32f0discovery/stm32_common_periph/uart.o
                0x00000000080006cc                uart_init
 .text.uart_write
                0x0000000008000794       0x48 /home/luevar/Документы/nstu/IoT/riot/examples/blinking_by_pressing/bin/stm32f0discovery/stm32_common_periph/uart.o
                0x0000000008000794                uart_write
 .text.isr_usart1
                0x00000000080007dc        0xa /home/luevar/Документы/nstu/IoT/riot/examples/blinking_by_pressing/bin/stm32f0discovery/stm32_common_periph/uart.o
                0x00000000080007dc                isr_usart1
 .text.isr_usart2
                0x00000000080007e6        0xa /home/luevar/Документы/nstu/IoT/riot/examples/blinking_by_pressing/bin/stm32f0discovery/stm32_common_periph/uart.o
                0x00000000080007e6                isr_usart2
 .text.gpio_init
                0x00000000080007f0       0x74 /home/luevar/Документы/nstu/IoT/riot/examples/blinking_by_pressing/bin/stm32f0discovery/stm32_common_periph/gpio.o
                0x00000000080007f0                gpio_init
 .text.gpio_init_af
                0x0000000008000864       0x42 /home/luevar/Документы/nstu/IoT/riot/examples/blinking_by_pressing/bin/stm32f0discovery/stm32_common_periph/gpio.o
                0x0000000008000864                gpio_init_af
 .text.gpio_read
                0x00000000080008a6       0x14 /home/luevar/Документы/nstu/IoT/riot/examples/blinking_by_pressing/bin/stm32f0discovery/stm32_common_periph/gpio.o
                0x00000000080008a6                gpio_read
 .text.gpio_set
                0x00000000080008ba       0x10 /home/luevar/Документы/nstu/IoT/riot/examples/blinking_by_pressing/bin/stm32f0discovery/stm32_common_periph/gpio.o
                0x00000000080008ba                gpio_set
 .text.gpio_clear
                0x00000000080008ca       0x12 /home/luevar/Документы/nstu/IoT/riot/examples/blinking_by_pressing/bin/stm32f0discovery/stm32_common_periph/gpio.o
                0x00000000080008ca                gpio_clear
 .text.gpio_toggle
                0x00000000080008dc       0x1c /home/luevar/Документы/nstu/IoT/riot/examples/blinking_by_pressing/bin/stm32f0discovery/stm32_common_periph/gpio.o
                0x00000000080008dc                gpio_toggle
 .text.gpio_init_int
                0x00000000080008f8       0xac /home/luevar/Документы/nstu/IoT/riot/examples/blinking_by_pressing/bin/stm32f0discovery/stm32_common_periph/gpio.o
                0x00000000080008f8                gpio_init_int
 .text.isr_exti
                0x00000000080009a4       0x44 /home/luevar/Документы/nstu/IoT/riot/examples/blinking_by_pressing/bin/stm32f0discovery/stm32_common_periph/gpio.o
                0x00000000080009a4                isr_exti
 .text._xtimer_lltimer_now
                0x00000000080009e8        0xa /home/luevar/Документы/nstu/IoT/riot/examples/blinking_by_pressing/bin/stm32f0discovery/xtimer/xtimer_core.o
 *fill*         0x00000000080009f2        0x2 
 .text._lltimer_set
                0x00000000080009f4       0x18 /home/luevar/Документы/nstu/IoT/riot/examples/blinking_by_pressing/bin/stm32f0discovery/xtimer/xtimer_core.o
 .text._next_period
                0x0000000008000a0c       0x9c /home/luevar/Документы/nstu/IoT/riot/examples/blinking_by_pressing/bin/stm32f0discovery/xtimer/xtimer_core.o
 .text._periph_timer_callback
                0x0000000008000aa8       0xcc /home/luevar/Документы/nstu/IoT/riot/examples/blinking_by_pressing/bin/stm32f0discovery/xtimer/xtimer_core.o
 .text.xtimer_init
                0x0000000008000b74       0x20 /home/luevar/Документы/nstu/IoT/riot/examples/blinking_by_pressing/bin/stm32f0discovery/xtimer/xtimer_core.o
                0x0000000008000b74                xtimer_init
 .text.board_init
                0x0000000008000b94       0x20 /home/luevar/Документы/nstu/IoT/riot/examples/blinking_by_pressing/bin/stm32f0discovery/board/board.o
                0x0000000008000b94                board_init
 .text.panic_arch
                0x0000000008000bb4        0x2 /home/luevar/Документы/nstu/IoT/riot/examples/blinking_by_pressing/bin/stm32f0discovery/core/panic.o
                0x0000000008000bb4                panic_arch
 *fill*         0x0000000008000bb6        0x2 
 .text.core_panic
                0x0000000008000bb8       0x48 /home/luevar/Документы/nstu/IoT/riot/examples/blinking_by_pressing/bin/stm32f0discovery/core/panic.o
                0x0000000008000bb8                core_panic
 .text.main_trampoline
                0x0000000008000c00       0x18 /home/luevar/Документы/nstu/IoT/riot/examples/blinking_by_pressing/bin/stm32f0discovery/core/kernel_init.o
 .text.idle_thread
                0x0000000008000c18        0x8 /home/luevar/Документы/nstu/IoT/riot/examples/blinking_by_pressing/bin/stm32f0discovery/core/kernel_init.o
 .text.kernel_init
                0x0000000008000c20       0x58 /home/luevar/Документы/nstu/IoT/riot/examples/blinking_by_pressing/bin/stm32f0discovery/core/kernel_init.o
                0x0000000008000c20                kernel_init
 .text.thread_create
                0x0000000008000c78       0xe8 /home/luevar/Документы/nstu/IoT/riot/examples/blinking_by_pressing/bin/stm32f0discovery/core/thread.o
                0x0000000008000c78                thread_create
 .text.pm_set_lowest
                0x0000000008000d60       0x34 /home/luevar/Документы/nstu/IoT/riot/examples/blinking_by_pressing/bin/stm32f0discovery/pm_layered/pm.o
                0x0000000008000d60                pm_set_lowest
 .text.pm_block
                0x0000000008000d94       0x30 /home/luevar/Документы/nstu/IoT/riot/examples/blinking_by_pressing/bin/stm32f0discovery/pm_layered/pm.o
                0x0000000008000d94                pm_block
 .text.stmclk_init_sysclk
                0x0000000008000dc4       0x8c /home/luevar/Документы/nstu/IoT/riot/examples/blinking_by_pressing/bin/stm32f0discovery/stm32_common/stmclk.o
                0x0000000008000dc4                stmclk_init_sysclk
 .text.stmclk_enable_hsi
                0x0000000008000e50       0x18 /home/luevar/Документы/nstu/IoT/riot/examples/blinking_by_pressing/bin/stm32f0discovery/stm32_common/stmclk_common.o
                0x0000000008000e50                stmclk_enable_hsi
 .text.stmclk_disable_hsi
                0x0000000008000e68       0x18 /home/luevar/Документы/nstu/IoT/riot/examples/blinking_by_pressing/bin/stm32f0discovery/stm32_common/stmclk_common.o
                0x0000000008000e68                stmclk_disable_hsi
 .text.cpu_init
                0x0000000008000e80       0x74 /home/luevar/Документы/nstu/IoT/riot/examples/blinking_by_pressing/bin/stm32f0discovery/stm32_common/cpu_init.o
                0x0000000008000e80                cpu_init
 .text.periph_apb_clk
                0x0000000008000ef4        0x8 /home/luevar/Документы/nstu/IoT/riot/examples/blinking_by_pressing/bin/stm32f0discovery/stm32_common/cpu_common.o
                0x0000000008000ef4                periph_apb_clk
 .text.periph_timer_clk
                0x0000000008000efc       0x14 /home/luevar/Документы/nstu/IoT/riot/examples/blinking_by_pressing/bin/stm32f0discovery/stm32_common/cpu_common.o
                0x0000000008000efc                periph_timer_clk
 .text.periph_clk_en
                0x0000000008000f10       0x34 /home/luevar/Документы/nstu/IoT/riot/examples/blinking_by_pressing/bin/stm32f0discovery/stm32_common/cpu_common.o
                0x0000000008000f10                periph_clk_en
 .text.timer_set_absolute
                0x0000000008000f44       0x3c /home/luevar/Документы/nstu/IoT/riot/examples/blinking_by_pressing/bin/stm32f0discovery/stm32_common_periph/timer.o
                0x0000000008000f44                timer_set_absolute
 .text.timer_read
                0x0000000008000f80       0x10 /home/luevar/Документы/nstu/IoT/riot/examples/blinking_by_pressing/bin/stm32f0discovery/stm32_common_periph/timer.o
                0x0000000008000f80                timer_read
 .text.timer_start
                0x0000000008000f90       0x14 /home/luevar/Документы/nstu/IoT/riot/examples/blinking_by_pressing/bin/stm32f0discovery/stm32_common_periph/timer.o
                0x0000000008000f90                timer_start
 .text.timer_init
                0x0000000008000fa4       0x58 /home/luevar/Документы/nstu/IoT/riot/examples/blinking_by_pressing/bin/stm32f0discovery/stm32_common_periph/timer.o
                0x0000000008000fa4                timer_init
 .text.isr_tim2
                0x0000000008000ffc       0x44 /home/luevar/Документы/nstu/IoT/riot/examples/blinking_by_pressing/bin/stm32f0discovery/stm32_common_periph/timer.o
                0x0000000008000ffc                isr_tim2
 .text.periph_init
                0x0000000008001040        0x2 /home/luevar/Документы/nstu/IoT/riot/examples/blinking_by_pressing/bin/stm32f0discovery/periph_common/init.o
                0x0000000008001040                periph_init
 *fill*         0x0000000008001042        0x2 
 .text.btn_handler
                0x0000000008001044       0x50 /home/luevar/Документы/nstu/IoT/riot/examples/blinking_by_pressing/bin/stm32f0discovery/application_blinking_by_pressing/blinking_by_pressing.o
 .text.startup.main
                0x0000000008001094       0x44 /home/luevar/Документы/nstu/IoT/riot/examples/blinking_by_pressing/bin/stm32f0discovery/application_blinking_by_pressing/blinking_by_pressing.o
                0x0000000008001094                main
 .text.auto_init
                0x00000000080010d8        0x8 /home/luevar/Документы/nstu/IoT/riot/examples/blinking_by_pressing/bin/stm32f0discovery/auto_init/auto_init.o
                0x00000000080010d8                auto_init
 .text.cortexm_init
                0x00000000080010e0       0x70 /home/luevar/Документы/nstu/IoT/riot/examples/blinking_by_pressing/bin/stm32f0discovery/cortexm_common/cortexm_init.o
                0x00000000080010e0                cortexm_init
 .text          0x0000000008001150      0x114 /usr/bin/../lib/gcc/arm-none-eabi/7.3.1/thumb/v6-m/libgcc.a(_udivsi3.o)
                0x0000000008001150                __udivsi3
                0x0000000008001150                __aeabi_uidiv
                0x000000000800125c                __aeabi_uidivmod
 .text          0x0000000008001264        0x4 /usr/bin/../lib/gcc/arm-none-eabi/7.3.1/thumb/v6-m/libgcc.a(_dvmd_tls.o)
                0x0000000008001264                __aeabi_ldiv0
                0x0000000008001264                __aeabi_idiv0
 .text.__libc_init_array
                0x0000000008001268       0x48 /usr/bin/../lib/gcc/arm-none-eabi/7.3.1/../../../../arm-none-eabi/lib/thumb/v6-m/libc_nano.a(lib_a-init.o)
                0x0000000008001268                __libc_init_array
 .text.printf   0x00000000080012b0       0x34 /usr/bin/../lib/gcc/arm-none-eabi/7.3.1/../../../../arm-none-eabi/lib/thumb/v6-m/libc_nano.a(lib_a-printf.o)
                0x00000000080012b0                printf
                0x00000000080012b0                iprintf
 .text._puts_r  0x00000000080012e4       0xc0 /usr/bin/../lib/gcc/arm-none-eabi/7.3.1/../../../../arm-none-eabi/lib/thumb/v6-m/libc_nano.a(lib_a-puts.o)
                0x00000000080012e4                _puts_r
 .text.puts     0x00000000080013a4       0x14 /usr/bin/../lib/gcc/arm-none-eabi/7.3.1/../../../../arm-none-eabi/lib/thumb/v6-m/libc_nano.a(lib_a-puts.o)
                0x00000000080013a4                puts
 .text.__swbuf_r
                0x00000000080013b8       0xac /usr/bin/../lib/gcc/arm-none-eabi/7.3.1/../../../../arm-none-eabi/lib/thumb/v6-m/libc_nano.a(lib_a-wbuf.o)
                0x00000000080013b8                __swbuf_r
 .text.__swsetup_r
                0x0000000008001464       0xec /usr/bin/../lib/gcc/arm-none-eabi/7.3.1/../../../../arm-none-eabi/lib/thumb/v6-m/libc_nano.a(lib_a-wsetup.o)
                0x0000000008001464                __swsetup_r
 .text.__sflush_r
                0x0000000008001550      0x114 /usr/bin/../lib/gcc/arm-none-eabi/7.3.1/../../../../arm-none-eabi/lib/thumb/v6-m/libc_nano.a(lib_a-fflush.o)
                0x0000000008001550                __sflush_r
 .text._fflush_r
                0x0000000008001664       0x58 /usr/bin/../lib/gcc/arm-none-eabi/7.3.1/../../../../arm-none-eabi/lib/thumb/v6-m/libc_nano.a(lib_a-fflush.o)
                0x0000000008001664                _fflush_r
 .text.std      0x00000000080016bc       0x48 /usr/bin/../lib/gcc/arm-none-eabi/7.3.1/../../../../arm-none-eabi/lib/thumb/v6-m/libc_nano.a(lib_a-findfp.o)
 .text._cleanup_r
                0x0000000008001704       0x10 /usr/bin/../lib/gcc/arm-none-eabi/7.3.1/../../../../arm-none-eabi/lib/thumb/v6-m/libc_nano.a(lib_a-findfp.o)
                0x0000000008001704                _cleanup_r
 .text.__sfmoreglue
                0x0000000008001714       0x2c /usr/bin/../lib/gcc/arm-none-eabi/7.3.1/../../../../arm-none-eabi/lib/thumb/v6-m/libc_nano.a(lib_a-findfp.o)
                0x0000000008001714                __sfmoreglue
 .text.__sinit  0x0000000008001740       0x68 /usr/bin/../lib/gcc/arm-none-eabi/7.3.1/../../../../arm-none-eabi/lib/thumb/v6-m/libc_nano.a(lib_a-findfp.o)
                0x0000000008001740                __sinit
 .text.__sfp    0x00000000080017a8       0x7c /usr/bin/../lib/gcc/arm-none-eabi/7.3.1/../../../../arm-none-eabi/lib/thumb/v6-m/libc_nano.a(lib_a-findfp.o)
                0x00000000080017a8                __sfp
 .text._fwalk_reent
                0x0000000008001824       0x42 /usr/bin/../lib/gcc/arm-none-eabi/7.3.1/../../../../arm-none-eabi/lib/thumb/v6-m/libc_nano.a(lib_a-fwalk.o)
                0x0000000008001824                _fwalk_reent
 *fill*         0x0000000008001866        0x2 
 .text.__swhatbuf_r
                0x0000000008001868       0x50 /usr/bin/../lib/gcc/arm-none-eabi/7.3.1/../../../../arm-none-eabi/lib/thumb/v6-m/libc_nano.a(lib_a-makebuf.o)
                0x0000000008001868                __swhatbuf_r
 .text.__smakebuf_r
                0x00000000080018b8       0x88 /usr/bin/../lib/gcc/arm-none-eabi/7.3.1/../../../../arm-none-eabi/lib/thumb/v6-m/libc_nano.a(lib_a-makebuf.o)
                0x00000000080018b8                __smakebuf_r
 .text.memset   0x0000000008001940       0x10 /usr/bin/../lib/gcc/arm-none-eabi/7.3.1/../../../../arm-none-eabi/lib/thumb/v6-m/libc_nano.a(lib_a-memset.o)
                0x0000000008001940                memset
 .text._free_r  0x0000000008001950       0x94 /usr/bin/../lib/gcc/arm-none-eabi/7.3.1/../../../../arm-none-eabi/lib/thumb/v6-m/libc_nano.a(lib_a-nano-freer.o)
                0x0000000008001950                _free_r
 .text._malloc_r
                0x00000000080019e4       0xbc /usr/bin/../lib/gcc/arm-none-eabi/7.3.1/../../../../arm-none-eabi/lib/thumb/v6-m/libc_nano.a(lib_a-nano-mallocr.o)
                0x00000000080019e4                _malloc_r
 .text.__sfputc_r
                0x0000000008001aa0       0x2a /usr/bin/../lib/gcc/arm-none-eabi/7.3.1/../../../../arm-none-eabi/lib/thumb/v6-m/libc_nano.a(lib_a-nano-vfprintf.o)
 .text.__sfputs_r
                0x0000000008001aca       0x24 /usr/bin/../lib/gcc/arm-none-eabi/7.3.1/../../../../arm-none-eabi/lib/thumb/v6-m/libc_nano.a(lib_a-nano-vfprintf.o)
                0x0000000008001aca                __sfputs_r
 *fill*         0x0000000008001aee        0x2 
 .text._vfprintf_r
                0x0000000008001af0      0x22c /usr/bin/../lib/gcc/arm-none-eabi/7.3.1/../../../../arm-none-eabi/lib/thumb/v6-m/libc_nano.a(lib_a-nano-vfprintf.o)
                0x0000000008001af0                _vfiprintf_r
                0x0000000008001af0                _vfprintf_r
 .text._printf_common
                0x0000000008001d1c       0xda /usr/bin/../lib/gcc/arm-none-eabi/7.3.1/../../../../arm-none-eabi/lib/thumb/v6-m/libc_nano.a(lib_a-nano-vfprintf_i.o)
                0x0000000008001d1c                _printf_common
 *fill*         0x0000000008001df6        0x2 
 .text._printf_i
                0x0000000008001df8      0x210 /usr/bin/../lib/gcc/arm-none-eabi/7.3.1/../../../../arm-none-eabi/lib/thumb/v6-m/libc_nano.a(lib_a-nano-vfprintf_i.o)
                0x0000000008001df8                _printf_i
 .text.__sread  0x0000000008002008       0x28 /usr/bin/../lib/gcc/arm-none-eabi/7.3.1/../../../../arm-none-eabi/lib/thumb/v6-m/libc_nano.a(lib_a-stdio.o)
                0x0000000008002008                __sread
 .text.__swrite
                0x0000000008002030       0x38 /usr/bin/../lib/gcc/arm-none-eabi/7.3.1/../../../../arm-none-eabi/lib/thumb/v6-m/libc_nano.a(lib_a-stdio.o)
                0x0000000008002030                __swrite
 .text.__sseek  0x0000000008002068       0x2c /usr/bin/../lib/gcc/arm-none-eabi/7.3.1/../../../../arm-none-eabi/lib/thumb/v6-m/libc_nano.a(lib_a-stdio.o)
                0x0000000008002068                __sseek
 .text.__sclose
                0x0000000008002094        0xc /usr/bin/../lib/gcc/arm-none-eabi/7.3.1/../../../../arm-none-eabi/lib/thumb/v6-m/libc_nano.a(lib_a-stdio.o)
                0x0000000008002094                __sclose
 .text.memchr   0x00000000080020a0       0x16 /usr/bin/../lib/gcc/arm-none-eabi/7.3.1/../../../../arm-none-eabi/lib/thumb/v6-m/libc_nano.a(lib_a-memchr-stub.o)
                0x00000000080020a0                memchr
 .text.__malloc_lock
                0x00000000080020b6        0x2 /usr/bin/../lib/gcc/arm-none-eabi/7.3.1/../../../../arm-none-eabi/lib/thumb/v6-m/libc_nano.a(lib_a-mlock.o)
                0x00000000080020b6                __malloc_lock
 .text.__malloc_unlock
                0x00000000080020b8        0x2 /usr/bin/../lib/gcc/arm-none-eabi/7.3.1/../../../../arm-none-eabi/lib/thumb/v6-m/libc_nano.a(lib_a-mlock.o)
                0x00000000080020b8                __malloc_unlock
 *(.glue_7t)
 .glue_7t       0x00000000080020ba        0x0 linker stubs
 *(.glue_7)
 .glue_7        0x00000000080020ba        0x0 linker stubs
 *(.rodata .rodata* .gnu.linkonce.r.*)
 .rodata.MultiplyDeBruijnBitPosition
                0x00000000080020ba       0x20 /home/luevar/Документы/nstu/IoT/riot/examples/blinking_by_pressing/bin/stm32f0discovery/core/bitarithm.o
                0x00000000080020ba                MultiplyDeBruijnBitPosition
 .rodata.dummy_handler_default.str1.1
                0x00000000080020da        0xe /home/luevar/Документы/nstu/IoT/riot/examples/blinking_by_pressing/bin/stm32f0discovery/cortexm_common/vectors_cortexm.o
 .rodata.hard_fault_handler.str1.1
                0x00000000080020e8      0x18b /home/luevar/Документы/nstu/IoT/riot/examples/blinking_by_pressing/bin/stm32f0discovery/cortexm_common/vectors_cortexm.o
 .rodata.nmi_default.str1.1
                0x0000000008002273        0xc /home/luevar/Документы/nstu/IoT/riot/examples/blinking_by_pressing/bin/stm32f0discovery/cortexm_common/vectors_cortexm.o
 *fill*         0x000000000800227f        0x1 
 .rodata.uart_config
                0x0000000008002280       0x28 /home/luevar/Документы/nstu/IoT/riot/examples/blinking_by_pressing/bin/stm32f0discovery/stm32_common_periph/uart.o
 .rodata.assert_crash_message
                0x00000000080022a8       0x12 /home/luevar/Документы/nstu/IoT/riot/examples/blinking_by_pressing/bin/stm32f0discovery/core/panic.o
                0x00000000080022a8                assert_crash_message
 .rodata.core_panic.str1.1
                0x00000000080022ba       0x2e /home/luevar/Документы/nstu/IoT/riot/examples/blinking_by_pressing/bin/stm32f0discovery/core/panic.o
 .rodata.main_trampoline.str1.1
                0x00000000080022e8       0x3c /home/luevar/Документы/nstu/IoT/riot/examples/blinking_by_pressing/bin/stm32f0discovery/core/kernel_init.o
 .rodata.str1.1
                0x0000000008002324        0xa /home/luevar/Документы/nstu/IoT/riot/examples/blinking_by_pressing/bin/stm32f0discovery/core/kernel_init.o
 .rodata.apbmul
                0x000000000800232e        0x2 /home/luevar/Документы/nstu/IoT/riot/examples/blinking_by_pressing/bin/stm32f0discovery/stm32_common/cpu_common.o
 .rodata.timer_config
                0x0000000008002330       0x10 /home/luevar/Документы/nstu/IoT/riot/examples/blinking_by_pressing/bin/stm32f0discovery/stm32_common_periph/timer.o
 .rodata.btn_handler.str1.1
                0x0000000008002340        0x5 /home/luevar/Документы/nstu/IoT/riot/examples/blinking_by_pressing/bin/stm32f0discovery/application_blinking_by_pressing/blinking_by_pressing.o
 *fill*         0x0000000008002345        0x3 
 .rodata._global_impure_ptr
                0x0000000008002348        0x4 /usr/bin/../lib/gcc/arm-none-eabi/7.3.1/../../../../arm-none-eabi/lib/thumb/v6-m/libc_nano.a(lib_a-impure.o)
                0x0000000008002348                _global_impure_ptr
 .rodata.__sf_fake_stderr
                0x000000000800234c       0x20 /usr/bin/../lib/gcc/arm-none-eabi/7.3.1/../../../../arm-none-eabi/lib/thumb/v6-m/libc_nano.a(lib_a-findfp.o)
                0x000000000800234c                __sf_fake_stderr
 .rodata.__sf_fake_stdin
                0x000000000800236c       0x20 /usr/bin/../lib/gcc/arm-none-eabi/7.3.1/../../../../arm-none-eabi/lib/thumb/v6-m/libc_nano.a(lib_a-findfp.o)
                0x000000000800236c                __sf_fake_stdin
 .rodata.__sf_fake_stdout
                0x000000000800238c       0x20 /usr/bin/../lib/gcc/arm-none-eabi/7.3.1/../../../../arm-none-eabi/lib/thumb/v6-m/libc_nano.a(lib_a-findfp.o)
                0x000000000800238c                __sf_fake_stdout
 .rodata._vfprintf_r.str1.1
                0x00000000080023ac       0x11 /usr/bin/../lib/gcc/arm-none-eabi/7.3.1/../../../../arm-none-eabi/lib/thumb/v6-m/libc_nano.a(lib_a-nano-vfprintf.o)
 .rodata._printf_i.str1.1
                0x00000000080023bd       0x22 /usr/bin/../lib/gcc/arm-none-eabi/7.3.1/../../../../arm-none-eabi/lib/thumb/v6-m/libc_nano.a(lib_a-nano-vfprintf_i.o)
 *(.ARM.extab* .gnu.linkonce.armextab.*)
                0x00000000080023e0                . = ALIGN (0x4)
 *fill*         0x00000000080023df        0x1 
 *(.init)
                0x00000000080023e0                . = ALIGN (0x4)
                0x00000000080023e0                __preinit_array_start = .
 *(.preinit_array)
                0x00000000080023e0                __preinit_array_end = .
                0x00000000080023e0                . = ALIGN (0x4)
                0x00000000080023e0                __init_array_start = .
 *(SORT_BY_NAME(.init_array.*))
 *(.init_array)
                0x00000000080023e0                __init_array_end = .
                0x00000000080023e0                . = ALIGN (0x4)
 *crtbegin.o(.ctors)
 *(EXCLUDE_FILE(*crtend.o) .ctors)
 *(SORT_BY_NAME(.ctors.*))
 *crtend.o(.ctors)
                0x00000000080023e0                . = ALIGN (0x4)
 *(.fini)
                0x00000000080023e0                . = ALIGN (0x4)
                0x00000000080023e0                __fini_array_start = .
 *(.fini_array)
 *(SORT_BY_NAME(.fini_array.*))
                0x00000000080023e0                __fini_array_end = .
 *crtbegin.o(.dtors)
 *(EXCLUDE_FILE(*crtend.o) .dtors)
 *(SORT_BY_NAME(.dtors.*))
 *crtend.o(.dtors)
                0x00000000080023e0                . = ALIGN (0x4)
                0x00000000080023e0                _efixed = .
                [!provide]                        PROVIDE (__exidx_start = .)

.vfp11_veneer   0x00000000080023e0        0x0
 .vfp11_veneer  0x00000000080023e0        0x0 linker stubs

.v4_bx          0x00000000080023e0        0x0
 .v4_bx         0x00000000080023e0        0x0 linker stubs

.iplt           0x00000000080023e0        0x0
 .iplt          0x00000000080023e0        0x0 /home/luevar/Документы/nstu/IoT/riot/examples/blinking_by_pressing/bin/stm32f0discovery/cpu/vectors.o

.igot.plt       0x00000000080023e0        0x0
 .igot.plt      0x00000000080023e0        0x0 /home/luevar/Документы/nstu/IoT/riot/examples/blinking_by_pressing/bin/stm32f0discovery/cpu/vectors.o

.rel.dyn        0x00000000080023e0        0x0
 .rel.iplt      0x00000000080023e0        0x0 /home/luevar/Документы/nstu/IoT/riot/examples/blinking_by_pressing/bin/stm32f0discovery/cpu/vectors.o

.ARM.exidx
 *(.ARM.exidx* .gnu.linkonce.armexidx.*)
                [!provide]                        PROVIDE (__exidx_end = .)
                0x00000000080023e0                . = ALIGN (0x4)

.eh_frame
 *(.eh_frame)
                0x00000000080023e0                . = ALIGN (0x4)
                0x00000000080023e0                _etext = .

.stack          0x0000000020000000      0x200
 *(.puf)
                0x0000000020000000                . = ALIGN (0x8)
                0x0000000020000000                _sstack = .
 *(.isr_stack)
 .isr_stack     0x0000000020000000      0x200 /home/luevar/Документы/nstu/IoT/riot/examples/blinking_by_pressing/bin/stm32f0discovery/cortexm_common/vectors_cortexm.o
                0x0000000020000000                isr_stack
                0x0000000020000200                . = ALIGN (0x8)
                0x0000000020000200                _estack = .

.relocate       0x0000000020000200       0x78 load address 0x00000000080023e0
                0x0000000020000200                . = ALIGN (0x4)
                0x0000000020000200                _srelocate = .
 *(.ramfunc .ramfunc.*)
 *(.data .data.*)
 .data.heap_top
                0x0000000020000200        0x4 /home/luevar/Документы/nstu/IoT/riot/examples/blinking_by_pressing/bin/stm32f0discovery/newlib_syscalls_default/syscalls.o
                0x0000000020000200                heap_top
 .data.idle_name
                0x0000000020000204        0x4 /home/luevar/Документы/nstu/IoT/riot/examples/blinking_by_pressing/bin/stm32f0discovery/core/kernel_init.o
                0x0000000020000204                idle_name
 .data.main_name
                0x0000000020000208        0x4 /home/luevar/Документы/nstu/IoT/riot/examples/blinking_by_pressing/bin/stm32f0discovery/core/kernel_init.o
                0x0000000020000208                main_name
 .data.pm_blocker
                0x000000002000020c        0x4 /home/luevar/Документы/nstu/IoT/riot/examples/blinking_by_pressing/bin/stm32f0discovery/pm_layered/pm.o
                0x000000002000020c                pm_blocker
 .data._impure_ptr
                0x0000000020000210        0x4 /usr/bin/../lib/gcc/arm-none-eabi/7.3.1/../../../../arm-none-eabi/lib/thumb/v6-m/libc_nano.a(lib_a-impure.o)
                0x0000000020000210                _impure_ptr
 .data.impure_data
                0x0000000020000214       0x60 /usr/bin/../lib/gcc/arm-none-eabi/7.3.1/../../../../arm-none-eabi/lib/thumb/v6-m/libc_nano.a(lib_a-impure.o)
 *(.openocd .openocd.*)
 .openocd       0x0000000020000274        0x2 /home/luevar/Документы/nstu/IoT/riot/examples/blinking_by_pressing/bin/stm32f0discovery/core/sched.o
                0x0000000020000274                _tcb_name_offset
                0x0000000020000275                max_threads
                0x0000000020000278                . = ALIGN (0x4)
 *fill*         0x0000000020000276        0x2 
                0x0000000020000278                _erelocate = .

.bss            0x0000000020000278      0x8a0 load address 0x0000000008002458
                0x0000000020000278                . = ALIGN (0x4)
                0x0000000020000278                _sbss = .
                0x0000000020000278                _szero = .
 *(.bss .bss.*)
 .bss.runqueue_bitcache
                0x0000000020000278        0x4 /home/luevar/Документы/nstu/IoT/riot/examples/blinking_by_pressing/bin/stm32f0discovery/core/sched.o
 .bss.sched_active_pid
                0x000000002000027c        0x2 /home/luevar/Документы/nstu/IoT/riot/examples/blinking_by_pressing/bin/stm32f0discovery/core/sched.o
                0x000000002000027c                sched_active_pid
 *fill*         0x000000002000027e        0x2 
 .bss.sched_active_thread
                0x0000000020000280        0x4 /home/luevar/Документы/nstu/IoT/riot/examples/blinking_by_pressing/bin/stm32f0discovery/core/sched.o
                0x0000000020000280                sched_active_thread
 .bss.sched_context_switch_request
                0x0000000020000284        0x4 /home/luevar/Документы/nstu/IoT/riot/examples/blinking_by_pressing/bin/stm32f0discovery/core/sched.o
                0x0000000020000284                sched_context_switch_request
 .bss.sched_num_threads
                0x0000000020000288        0x4 /home/luevar/Документы/nstu/IoT/riot/examples/blinking_by_pressing/bin/stm32f0discovery/core/sched.o
                0x0000000020000288                sched_num_threads
 .bss.sched_runqueues
                0x000000002000028c       0x40 /home/luevar/Документы/nstu/IoT/riot/examples/blinking_by_pressing/bin/stm32f0discovery/core/sched.o
                0x000000002000028c                sched_runqueues
 .bss.sched_threads
                0x00000000200002cc       0x84 /home/luevar/Документы/nstu/IoT/riot/examples/blinking_by_pressing/bin/stm32f0discovery/core/sched.o
                0x00000000200002cc                sched_threads
 .bss.isr_ctx   0x0000000020000350       0x18 /home/luevar/Документы/nstu/IoT/riot/examples/blinking_by_pressing/bin/stm32f0discovery/stm32_common_periph/uart.o
 .bss.isr_ctx   0x0000000020000368       0x80 /home/luevar/Документы/nstu/IoT/riot/examples/blinking_by_pressing/bin/stm32f0discovery/stm32_common_periph/gpio.o
 .bss._in_handler
                0x00000000200003e8        0x4 /home/luevar/Документы/nstu/IoT/riot/examples/blinking_by_pressing/bin/stm32f0discovery/xtimer/xtimer_core.o
 .bss._long_cnt
                0x00000000200003ec        0x4 /home/luevar/Документы/nstu/IoT/riot/examples/blinking_by_pressing/bin/stm32f0discovery/xtimer/xtimer_core.o
 .bss.long_list_head
                0x00000000200003f0        0x4 /home/luevar/Документы/nstu/IoT/riot/examples/blinking_by_pressing/bin/stm32f0discovery/xtimer/xtimer_core.o
 .bss.overflow_list_head
                0x00000000200003f4        0x4 /home/luevar/Документы/nstu/IoT/riot/examples/blinking_by_pressing/bin/stm32f0discovery/xtimer/xtimer_core.o
 .bss.timer_list_head
                0x00000000200003f8        0x4 /home/luevar/Документы/nstu/IoT/riot/examples/blinking_by_pressing/bin/stm32f0discovery/xtimer/xtimer_core.o
 .bss.crashed   0x00000000200003fc        0x4 /home/luevar/Документы/nstu/IoT/riot/examples/blinking_by_pressing/bin/stm32f0discovery/core/panic.o
 .bss.idle_stack
                0x0000000020000400      0x100 /home/luevar/Документы/nstu/IoT/riot/examples/blinking_by_pressing/bin/stm32f0discovery/core/kernel_init.o
 .bss.main_stack
                0x0000000020000500      0x600 /home/luevar/Документы/nstu/IoT/riot/examples/blinking_by_pressing/bin/stm32f0discovery/core/kernel_init.o
 .bss.isr_ctx   0x0000000020000b00        0x8 /home/luevar/Документы/nstu/IoT/riot/examples/blinking_by_pressing/bin/stm32f0discovery/stm32_common_periph/timer.o
 .bss.btn_switches
                0x0000000020000b08        0x1 /home/luevar/Документы/nstu/IoT/riot/examples/blinking_by_pressing/bin/stm32f0discovery/application_blinking_by_pressing/blinking_by_pressing.o
                0x0000000020000b08                btn_switches
 *fill*         0x0000000020000b09        0x3 
 .bss.last_toggle_time
                0x0000000020000b0c        0x4 /home/luevar/Документы/nstu/IoT/riot/examples/blinking_by_pressing/bin/stm32f0discovery/application_blinking_by_pressing/blinking_by_pressing.o
                0x0000000020000b0c                last_toggle_time
 .bss.__malloc_free_list
                0x0000000020000b10        0x4 /usr/bin/../lib/gcc/arm-none-eabi/7.3.1/../../../../arm-none-eabi/lib/thumb/v6-m/libc_nano.a(lib_a-nano-mallocr.o)
                0x0000000020000b10                __malloc_free_list
 .bss.__malloc_sbrk_start
                0x0000000020000b14        0x4 /usr/bin/../lib/gcc/arm-none-eabi/7.3.1/../../../../arm-none-eabi/lib/thumb/v6-m/libc_nano.a(lib_a-nano-mallocr.o)
                0x0000000020000b14                __malloc_sbrk_start
 *(COMMON)
                0x0000000020000b18                . = ALIGN (0x4)
                0x0000000020000b18                _ebss = .
                0x0000000020000b18                _ezero = .

.noinit         0x0000000020000b18        0x0 load address 0x0000000008002458
                0x0000000020000b18                __noinit_start = .
 *(.noinit)
                0x0000000020000b18                . = ALIGN (0x4)
                0x0000000020000b18                __noinit_end = .
                0x0000000020000b18                . = ALIGN (0x4)
                0x0000000020000b18                _sheap = .
                0x0000000020002000                _eheap = (ORIGIN (ram) + LENGTH (ram))
                0x0000000020000000                _sram = ORIGIN (ram)
                0x0000000020002000                _eram = (ORIGIN (ram) + LENGTH (ram))
OUTPUT(/home/luevar/Документы/nstu/IoT/riot/examples/blinking_by_pressing/bin/stm32f0discovery/blinking_by_pressing.elf elf32-littlearm)

.debug_info     0x0000000000000000    0x1ac48
 .debug_info    0x0000000000000000       0xd7 /home/luevar/Документы/nstu/IoT/riot/examples/blinking_by_pressing/bin/stm32f0discovery/cpu/vectors.o
 .debug_info    0x00000000000000d7     0x1ab7 /home/luevar/Документы/nstu/IoT/riot/examples/blinking_by_pressing/bin/stm32f0discovery/newlib_syscalls_default/syscalls.o
 .debug_info    0x0000000000001b8e      0xe44 /home/luevar/Документы/nstu/IoT/riot/examples/blinking_by_pressing/bin/stm32f0discovery/core/sched.o
 .debug_info    0x00000000000029d2      0x936 /home/luevar/Документы/nstu/IoT/riot/examples/blinking_by_pressing/bin/stm32f0discovery/core/bitarithm.o
 .debug_info    0x0000000000003308      0xee2 /home/luevar/Документы/nstu/IoT/riot/examples/blinking_by_pressing/bin/stm32f0discovery/cortexm_common/thread_arch.o
 .debug_info    0x00000000000041ea     0x107d /home/luevar/Документы/nstu/IoT/riot/examples/blinking_by_pressing/bin/stm32f0discovery/cortexm_common/vectors_cortexm.o
 .debug_info    0x0000000000005267      0xccc /home/luevar/Документы/nstu/IoT/riot/examples/blinking_by_pressing/bin/stm32f0discovery/cortexm_common/irq_arch.o
 .debug_info    0x0000000000005f33     0x123b /home/luevar/Документы/nstu/IoT/riot/examples/blinking_by_pressing/bin/stm32f0discovery/stdio_uart/stdio_uart.o
 .debug_info    0x000000000000716e      0xd32 /home/luevar/Документы/nstu/IoT/riot/examples/blinking_by_pressing/bin/stm32f0discovery/stm32_common_periph/pm.o
 .debug_info    0x0000000000007ea0     0x19de /home/luevar/Документы/nstu/IoT/riot/examples/blinking_by_pressing/bin/stm32f0discovery/stm32_common_periph/uart.o
 .debug_info    0x000000000000987e     0x1ad9 /home/luevar/Документы/nstu/IoT/riot/examples/blinking_by_pressing/bin/stm32f0discovery/stm32_common_periph/gpio.o
 .debug_info    0x000000000000b357     0x1d9b /home/luevar/Документы/nstu/IoT/riot/examples/blinking_by_pressing/bin/stm32f0discovery/xtimer/xtimer_core.o
 .debug_info    0x000000000000d0f2     0x1162 /home/luevar/Документы/nstu/IoT/riot/examples/blinking_by_pressing/bin/stm32f0discovery/board/board.o
 .debug_info    0x000000000000e254      0xd00 /home/luevar/Документы/nstu/IoT/riot/examples/blinking_by_pressing/bin/stm32f0discovery/core/panic.o
 .debug_info    0x000000000000ef54      0xd82 /home/luevar/Документы/nstu/IoT/riot/examples/blinking_by_pressing/bin/stm32f0discovery/core/kernel_init.o
 .debug_info    0x000000000000fcd6     0x11d1 /home/luevar/Документы/nstu/IoT/riot/examples/blinking_by_pressing/bin/stm32f0discovery/core/thread.o
 .debug_info    0x0000000000010ea7      0xd36 /home/luevar/Документы/nstu/IoT/riot/examples/blinking_by_pressing/bin/stm32f0discovery/pm_layered/pm.o
 .debug_info    0x0000000000011bdd     0x125f /home/luevar/Документы/nstu/IoT/riot/examples/blinking_by_pressing/bin/stm32f0discovery/stm32_common/stmclk.o
 .debug_info    0x0000000000012e3c     0x11f1 /home/luevar/Документы/nstu/IoT/riot/examples/blinking_by_pressing/bin/stm32f0discovery/stm32_common/stmclk_common.o
 .debug_info    0x000000000001402d      0xe80 /home/luevar/Документы/nstu/IoT/riot/examples/blinking_by_pressing/bin/stm32f0discovery/stm32_common/cpu_init.o
 .debug_info    0x0000000000014ead     0x1285 /home/luevar/Документы/nstu/IoT/riot/examples/blinking_by_pressing/bin/stm32f0discovery/stm32_common/cpu_common.o
 .debug_info    0x0000000000016132     0x1629 /home/luevar/Документы/nstu/IoT/riot/examples/blinking_by_pressing/bin/stm32f0discovery/stm32_common_periph/timer.o
 .debug_info    0x000000000001775b       0x3b /home/luevar/Документы/nstu/IoT/riot/examples/blinking_by_pressing/bin/stm32f0discovery/periph_common/init.o
 .debug_info    0x0000000000017796     0x1488 /home/luevar/Документы/nstu/IoT/riot/examples/blinking_by_pressing/bin/stm32f0discovery/application_blinking_by_pressing/blinking_by_pressing.o
 .debug_info    0x0000000000018c1e     0x10bb /home/luevar/Документы/nstu/IoT/riot/examples/blinking_by_pressing/bin/stm32f0discovery/auto_init/auto_init.o
 .debug_info    0x0000000000019cd9      0xf6f /home/luevar/Документы/nstu/IoT/riot/examples/blinking_by_pressing/bin/stm32f0discovery/cortexm_common/cortexm_init.o

.debug_abbrev   0x0000000000000000     0x445e
 .debug_abbrev  0x0000000000000000       0xaa /home/luevar/Документы/nstu/IoT/riot/examples/blinking_by_pressing/bin/stm32f0discovery/cpu/vectors.o
 .debug_abbrev  0x00000000000000aa      0x417 /home/luevar/Документы/nstu/IoT/riot/examples/blinking_by_pressing/bin/stm32f0discovery/newlib_syscalls_default/syscalls.o
 .debug_abbrev  0x00000000000004c1      0x32f /home/luevar/Документы/nstu/IoT/riot/examples/blinking_by_pressing/bin/stm32f0discovery/core/sched.o
 .debug_abbrev  0x00000000000007f0      0x1bf /home/luevar/Документы/nstu/IoT/riot/examples/blinking_by_pressing/bin/stm32f0discovery/core/bitarithm.o
 .debug_abbrev  0x00000000000009af      0x317 /home/luevar/Документы/nstu/IoT/riot/examples/blinking_by_pressing/bin/stm32f0discovery/cortexm_common/thread_arch.o
 .debug_abbrev  0x0000000000000cc6      0x350 /home/luevar/Документы/nstu/IoT/riot/examples/blinking_by_pressing/bin/stm32f0discovery/cortexm_common/vectors_cortexm.o
 .debug_abbrev  0x0000000000001016      0x289 /home/luevar/Документы/nstu/IoT/riot/examples/blinking_by_pressing/bin/stm32f0discovery/cortexm_common/irq_arch.o
 .debug_abbrev  0x000000000000129f      0x24a /home/luevar/Документы/nstu/IoT/riot/examples/blinking_by_pressing/bin/stm32f0discovery/stdio_uart/stdio_uart.o
 .debug_abbrev  0x00000000000014e9      0x27a /home/luevar/Документы/nstu/IoT/riot/examples/blinking_by_pressing/bin/stm32f0discovery/stm32_common_periph/pm.o
 .debug_abbrev  0x0000000000001763      0x40b /home/luevar/Документы/nstu/IoT/riot/examples/blinking_by_pressing/bin/stm32f0discovery/stm32_common_periph/uart.o
 .debug_abbrev  0x0000000000001b6e      0x376 /home/luevar/Документы/nstu/IoT/riot/examples/blinking_by_pressing/bin/stm32f0discovery/stm32_common_periph/gpio.o
 .debug_abbrev  0x0000000000001ee4      0x505 /home/luevar/Документы/nstu/IoT/riot/examples/blinking_by_pressing/bin/stm32f0discovery/xtimer/xtimer_core.o
 .debug_abbrev  0x00000000000023e9      0x1fa /home/luevar/Документы/nstu/IoT/riot/examples/blinking_by_pressing/bin/stm32f0discovery/board/board.o
 .debug_abbrev  0x00000000000025e3      0x270 /home/luevar/Документы/nstu/IoT/riot/examples/blinking_by_pressing/bin/stm32f0discovery/core/panic.o
 .debug_abbrev  0x0000000000002853      0x241 /home/luevar/Документы/nstu/IoT/riot/examples/blinking_by_pressing/bin/stm32f0discovery/core/kernel_init.o
 .debug_abbrev  0x0000000000002a94      0x346 /home/luevar/Документы/nstu/IoT/riot/examples/blinking_by_pressing/bin/stm32f0discovery/core/thread.o
 .debug_abbrev  0x0000000000002dda      0x218 /home/luevar/Документы/nstu/IoT/riot/examples/blinking_by_pressing/bin/stm32f0discovery/pm_layered/pm.o
 .debug_abbrev  0x0000000000002ff2      0x207 /home/luevar/Документы/nstu/IoT/riot/examples/blinking_by_pressing/bin/stm32f0discovery/stm32_common/stmclk.o
 .debug_abbrev  0x00000000000031f9      0x1c3 /home/luevar/Документы/nstu/IoT/riot/examples/blinking_by_pressing/bin/stm32f0discovery/stm32_common/stmclk_common.o
 .debug_abbrev  0x00000000000033bc      0x277 /home/luevar/Документы/nstu/IoT/riot/examples/blinking_by_pressing/bin/stm32f0discovery/stm32_common/cpu_init.o
 .debug_abbrev  0x0000000000003633      0x28e /home/luevar/Документы/nstu/IoT/riot/examples/blinking_by_pressing/bin/stm32f0discovery/stm32_common/cpu_common.o
 .debug_abbrev  0x00000000000038c1      0x382 /home/luevar/Документы/nstu/IoT/riot/examples/blinking_by_pressing/bin/stm32f0discovery/stm32_common_periph/timer.o
 .debug_abbrev  0x0000000000003c43       0x2f /home/luevar/Документы/nstu/IoT/riot/examples/blinking_by_pressing/bin/stm32f0discovery/periph_common/init.o
 .debug_abbrev  0x0000000000003c72      0x32d /home/luevar/Документы/nstu/IoT/riot/examples/blinking_by_pressing/bin/stm32f0discovery/application_blinking_by_pressing/blinking_by_pressing.o
 .debug_abbrev  0x0000000000003f9f      0x1e1 /home/luevar/Документы/nstu/IoT/riot/examples/blinking_by_pressing/bin/stm32f0discovery/auto_init/auto_init.o
 .debug_abbrev  0x0000000000004180      0x2de /home/luevar/Документы/nstu/IoT/riot/examples/blinking_by_pressing/bin/stm32f0discovery/cortexm_common/cortexm_init.o

.debug_aranges  0x0000000000000000      0x660
 .debug_aranges
                0x0000000000000000       0x20 /home/luevar/Документы/nstu/IoT/riot/examples/blinking_by_pressing/bin/stm32f0discovery/cpu/vectors.o
 .debug_aranges
                0x0000000000000020       0xb8 /home/luevar/Документы/nstu/IoT/riot/examples/blinking_by_pressing/bin/stm32f0discovery/newlib_syscalls_default/syscalls.o
 .debug_aranges
                0x00000000000000d8       0x38 /home/luevar/Документы/nstu/IoT/riot/examples/blinking_by_pressing/bin/stm32f0discovery/core/sched.o
 .debug_aranges
                0x0000000000000110       0x28 /home/luevar/Документы/nstu/IoT/riot/examples/blinking_by_pressing/bin/stm32f0discovery/core/bitarithm.o
 .debug_aranges
                0x0000000000000138       0x60 /home/luevar/Документы/nstu/IoT/riot/examples/blinking_by_pressing/bin/stm32f0discovery/cortexm_common/thread_arch.o
 .debug_aranges
                0x0000000000000198       0x48 /home/luevar/Документы/nstu/IoT/riot/examples/blinking_by_pressing/bin/stm32f0discovery/cortexm_common/vectors_cortexm.o
 .debug_aranges
                0x00000000000001e0       0x38 /home/luevar/Документы/nstu/IoT/riot/examples/blinking_by_pressing/bin/stm32f0discovery/cortexm_common/irq_arch.o
 .debug_aranges
                0x0000000000000218       0x30 /home/luevar/Документы/nstu/IoT/riot/examples/blinking_by_pressing/bin/stm32f0discovery/stdio_uart/stdio_uart.o
 .debug_aranges
                0x0000000000000248       0x28 /home/luevar/Документы/nstu/IoT/riot/examples/blinking_by_pressing/bin/stm32f0discovery/stm32_common_periph/pm.o
 .debug_aranges
                0x0000000000000270       0x58 /home/luevar/Документы/nstu/IoT/riot/examples/blinking_by_pressing/bin/stm32f0discovery/stm32_common_periph/uart.o
 .debug_aranges
                0x00000000000002c8       0x78 /home/luevar/Документы/nstu/IoT/riot/examples/blinking_by_pressing/bin/stm32f0discovery/stm32_common_periph/gpio.o
 .debug_aranges
                0x0000000000000340       0x78 /home/luevar/Документы/nstu/IoT/riot/examples/blinking_by_pressing/bin/stm32f0discovery/xtimer/xtimer_core.o
 .debug_aranges
                0x00000000000003b8       0x20 /home/luevar/Документы/nstu/IoT/riot/examples/blinking_by_pressing/bin/stm32f0discovery/board/board.o
 .debug_aranges
                0x00000000000003d8       0x28 /home/luevar/Документы/nstu/IoT/riot/examples/blinking_by_pressing/bin/stm32f0discovery/core/panic.o
 .debug_aranges
                0x0000000000000400       0x30 /home/luevar/Документы/nstu/IoT/riot/examples/blinking_by_pressing/bin/stm32f0discovery/core/kernel_init.o
 .debug_aranges
                0x0000000000000430       0x60 /home/luevar/Документы/nstu/IoT/riot/examples/blinking_by_pressing/bin/stm32f0discovery/core/thread.o
 .debug_aranges
                0x0000000000000490       0x30 /home/luevar/Документы/nstu/IoT/riot/examples/blinking_by_pressing/bin/stm32f0discovery/pm_layered/pm.o
 .debug_aranges
                0x00000000000004c0       0x20 /home/luevar/Документы/nstu/IoT/riot/examples/blinking_by_pressing/bin/stm32f0discovery/stm32_common/stmclk.o
 .debug_aranges
                0x00000000000004e0       0x48 /home/luevar/Документы/nstu/IoT/riot/examples/blinking_by_pressing/bin/stm32f0discovery/stm32_common/stmclk_common.o
 .debug_aranges
                0x0000000000000528       0x20 /home/luevar/Документы/nstu/IoT/riot/examples/blinking_by_pressing/bin/stm32f0discovery/stm32_common/cpu_init.o
 .debug_aranges
                0x0000000000000548       0x38 /home/luevar/Документы/nstu/IoT/riot/examples/blinking_by_pressing/bin/stm32f0discovery/stm32_common/cpu_common.o
 .debug_aranges
                0x0000000000000580       0x50 /home/luevar/Документы/nstu/IoT/riot/examples/blinking_by_pressing/bin/stm32f0discovery/stm32_common_periph/timer.o
 .debug_aranges
                0x00000000000005d0       0x20 /home/luevar/Документы/nstu/IoT/riot/examples/blinking_by_pressing/bin/stm32f0discovery/periph_common/init.o
 .debug_aranges
                0x00000000000005f0       0x28 /home/luevar/Документы/nstu/IoT/riot/examples/blinking_by_pressing/bin/stm32f0discovery/application_blinking_by_pressing/blinking_by_pressing.o
 .debug_aranges
                0x0000000000000618       0x20 /home/luevar/Документы/nstu/IoT/riot/examples/blinking_by_pressing/bin/stm32f0discovery/auto_init/auto_init.o
 .debug_aranges
                0x0000000000000638       0x28 /home/luevar/Документы/nstu/IoT/riot/examples/blinking_by_pressing/bin/stm32f0discovery/cortexm_common/cortexm_init.o

.debug_ranges   0x0000000000000000      0xac0
 .debug_ranges  0x0000000000000000       0x10 /home/luevar/Документы/nstu/IoT/riot/examples/blinking_by_pressing/bin/stm32f0discovery/cpu/vectors.o
 .debug_ranges  0x0000000000000010       0xe8 /home/luevar/Документы/nstu/IoT/riot/examples/blinking_by_pressing/bin/stm32f0discovery/newlib_syscalls_default/syscalls.o
 .debug_ranges  0x00000000000000f8       0x90 /home/luevar/Документы/nstu/IoT/riot/examples/blinking_by_pressing/bin/stm32f0discovery/core/sched.o
 .debug_ranges  0x0000000000000188       0x18 /home/luevar/Документы/nstu/IoT/riot/examples/blinking_by_pressing/bin/stm32f0discovery/core/bitarithm.o
 .debug_ranges  0x00000000000001a0       0x68 /home/luevar/Документы/nstu/IoT/riot/examples/blinking_by_pressing/bin/stm32f0discovery/cortexm_common/thread_arch.o
 .debug_ranges  0x0000000000000208       0x38 /home/luevar/Документы/nstu/IoT/riot/examples/blinking_by_pressing/bin/stm32f0discovery/cortexm_common/vectors_cortexm.o
 .debug_ranges  0x0000000000000240       0x28 /home/luevar/Документы/nstu/IoT/riot/examples/blinking_by_pressing/bin/stm32f0discovery/cortexm_common/irq_arch.o
 .debug_ranges  0x0000000000000268       0x20 /home/luevar/Документы/nstu/IoT/riot/examples/blinking_by_pressing/bin/stm32f0discovery/stdio_uart/stdio_uart.o
 .debug_ranges  0x0000000000000288       0x38 /home/luevar/Документы/nstu/IoT/riot/examples/blinking_by_pressing/bin/stm32f0discovery/stm32_common_periph/pm.o
 .debug_ranges  0x00000000000002c0      0x140 /home/luevar/Документы/nstu/IoT/riot/examples/blinking_by_pressing/bin/stm32f0discovery/stm32_common_periph/uart.o
 .debug_ranges  0x0000000000000400      0x1a0 /home/luevar/Документы/nstu/IoT/riot/examples/blinking_by_pressing/bin/stm32f0discovery/stm32_common_periph/gpio.o
 .debug_ranges  0x00000000000005a0      0x210 /home/luevar/Документы/nstu/IoT/riot/examples/blinking_by_pressing/bin/stm32f0discovery/xtimer/xtimer_core.o
 .debug_ranges  0x00000000000007b0       0x10 /home/luevar/Документы/nstu/IoT/riot/examples/blinking_by_pressing/bin/stm32f0discovery/board/board.o
 .debug_ranges  0x00000000000007c0       0x18 /home/luevar/Документы/nstu/IoT/riot/examples/blinking_by_pressing/bin/stm32f0discovery/core/panic.o
 .debug_ranges  0x00000000000007d8       0x20 /home/luevar/Документы/nstu/IoT/riot/examples/blinking_by_pressing/bin/stm32f0discovery/core/kernel_init.o
 .debug_ranges  0x00000000000007f8       0x98 /home/luevar/Документы/nstu/IoT/riot/examples/blinking_by_pressing/bin/stm32f0discovery/core/thread.o
 .debug_ranges  0x0000000000000890       0x20 /home/luevar/Документы/nstu/IoT/riot/examples/blinking_by_pressing/bin/stm32f0discovery/pm_layered/pm.o
 .debug_ranges  0x00000000000008b0       0x10 /home/luevar/Документы/nstu/IoT/riot/examples/blinking_by_pressing/bin/stm32f0discovery/stm32_common/stmclk.o
 .debug_ranges  0x00000000000008c0       0x38 /home/luevar/Документы/nstu/IoT/riot/examples/blinking_by_pressing/bin/stm32f0discovery/stm32_common/stmclk_common.o
 .debug_ranges  0x00000000000008f8       0x38 /home/luevar/Документы/nstu/IoT/riot/examples/blinking_by_pressing/bin/stm32f0discovery/stm32_common/cpu_init.o
 .debug_ranges  0x0000000000000930       0x28 /home/luevar/Документы/nstu/IoT/riot/examples/blinking_by_pressing/bin/stm32f0discovery/stm32_common/cpu_common.o
 .debug_ranges  0x0000000000000958       0x78 /home/luevar/Документы/nstu/IoT/riot/examples/blinking_by_pressing/bin/stm32f0discovery/stm32_common_periph/timer.o
 .debug_ranges  0x00000000000009d0       0x10 /home/luevar/Документы/nstu/IoT/riot/examples/blinking_by_pressing/bin/stm32f0discovery/periph_common/init.o
 .debug_ranges  0x00000000000009e0       0x30 /home/luevar/Документы/nstu/IoT/riot/examples/blinking_by_pressing/bin/stm32f0discovery/application_blinking_by_pressing/blinking_by_pressing.o
 .debug_ranges  0x0000000000000a10       0x10 /home/luevar/Документы/nstu/IoT/riot/examples/blinking_by_pressing/bin/stm32f0discovery/auto_init/auto_init.o
 .debug_ranges  0x0000000000000a20       0xa0 /home/luevar/Документы/nstu/IoT/riot/examples/blinking_by_pressing/bin/stm32f0discovery/cortexm_common/cortexm_init.o

.debug_macro    0x0000000000000000    0x1d12d
 .debug_macro   0x0000000000000000       0xe0 /home/luevar/Документы/nstu/IoT/riot/examples/blinking_by_pressing/bin/stm32f0discovery/cpu/vectors.o
 .debug_macro   0x00000000000000e0      0xa3c /home/luevar/Документы/nstu/IoT/riot/examples/blinking_by_pressing/bin/stm32f0discovery/cpu/vectors.o
 .debug_macro   0x0000000000000b1c       0xee /home/luevar/Документы/nstu/IoT/riot/examples/blinking_by_pressing/bin/stm32f0discovery/cpu/vectors.o
 .debug_macro   0x0000000000000c0a       0x2e /home/luevar/Документы/nstu/IoT/riot/examples/blinking_by_pressing/bin/stm32f0discovery/cpu/vectors.o
 .debug_macro   0x0000000000000c38       0x2e /home/luevar/Документы/nstu/IoT/riot/examples/blinking_by_pressing/bin/stm32f0discovery/cpu/vectors.o
 .debug_macro   0x0000000000000c66       0x22 /home/luevar/Документы/nstu/IoT/riot/examples/blinking_by_pressing/bin/stm32f0discovery/cpu/vectors.o
 .debug_macro   0x0000000000000c88       0x22 /home/luevar/Документы/nstu/IoT/riot/examples/blinking_by_pressing/bin/stm32f0discovery/cpu/vectors.o
 .debug_macro   0x0000000000000caa       0x56 /home/luevar/Документы/nstu/IoT/riot/examples/blinking_by_pressing/bin/stm32f0discovery/cpu/vectors.o
 .debug_macro   0x0000000000000d00       0x51 /home/luevar/Документы/nstu/IoT/riot/examples/blinking_by_pressing/bin/stm32f0discovery/cpu/vectors.o
 .debug_macro   0x0000000000000d51       0xef /home/luevar/Документы/nstu/IoT/riot/examples/blinking_by_pressing/bin/stm32f0discovery/cpu/vectors.o
 .debug_macro   0x0000000000000e40       0x6a /home/luevar/Документы/nstu/IoT/riot/examples/blinking_by_pressing/bin/stm32f0discovery/cpu/vectors.o
 .debug_macro   0x0000000000000eaa      0x1df /home/luevar/Документы/nstu/IoT/riot/examples/blinking_by_pressing/bin/stm32f0discovery/cpu/vectors.o
 .debug_macro   0x0000000000001089       0x1c /home/luevar/Документы/nstu/IoT/riot/examples/blinking_by_pressing/bin/stm32f0discovery/cpu/vectors.o
 .debug_macro   0x00000000000010a5       0x22 /home/luevar/Документы/nstu/IoT/riot/examples/blinking_by_pressing/bin/stm32f0discovery/cpu/vectors.o
 .debug_macro   0x00000000000010c7       0xb5 /home/luevar/Документы/nstu/IoT/riot/examples/blinking_by_pressing/bin/stm32f0discovery/cpu/vectors.o
 .debug_macro   0x000000000000117c      0x391 /home/luevar/Документы/nstu/IoT/riot/examples/blinking_by_pressing/bin/stm32f0discovery/cpu/vectors.o
 .debug_macro   0x000000000000150d     0x3dc2 /home/luevar/Документы/nstu/IoT/riot/examples/blinking_by_pressing/bin/stm32f0discovery/cpu/vectors.o
 .debug_macro   0x00000000000052cf       0x35 /home/luevar/Документы/nstu/IoT/riot/examples/blinking_by_pressing/bin/stm32f0discovery/cpu/vectors.o
 .debug_macro   0x0000000000005304       0x28 /home/luevar/Документы/nstu/IoT/riot/examples/blinking_by_pressing/bin/stm32f0discovery/cpu/vectors.o
 .debug_macro   0x000000000000532c       0x16 /home/luevar/Документы/nstu/IoT/riot/examples/blinking_by_pressing/bin/stm32f0discovery/cpu/vectors.o
 .debug_macro   0x0000000000005342      0x49a /home/luevar/Документы/nstu/IoT/riot/examples/blinking_by_pressing/bin/stm32f0discovery/newlib_syscalls_default/syscalls.o
 .debug_macro   0x00000000000057dc      0xa3c /home/luevar/Документы/nstu/IoT/riot/examples/blinking_by_pressing/bin/stm32f0discovery/newlib_syscalls_default/syscalls.o
 .debug_macro   0x0000000000006218       0x40 /home/luevar/Документы/nstu/IoT/riot/examples/blinking_by_pressing/bin/stm32f0discovery/newlib_syscalls_default/syscalls.o
 .debug_macro   0x0000000000006258       0x18 /home/luevar/Документы/nstu/IoT/riot/examples/blinking_by_pressing/bin/stm32f0discovery/newlib_syscalls_default/syscalls.o
 .debug_macro   0x0000000000006270       0x5c /home/luevar/Документы/nstu/IoT/riot/examples/blinking_by_pressing/bin/stm32f0discovery/newlib_syscalls_default/syscalls.o
 .debug_macro   0x00000000000062cc       0x3c /home/luevar/Документы/nstu/IoT/riot/examples/blinking_by_pressing/bin/stm32f0discovery/newlib_syscalls_default/syscalls.o
 .debug_macro   0x0000000000006308       0x34 /home/luevar/Документы/nstu/IoT/riot/examples/blinking_by_pressing/bin/stm32f0discovery/newlib_syscalls_default/syscalls.o
 .debug_macro   0x000000000000633c       0x10 /home/luevar/Документы/nstu/IoT/riot/examples/blinking_by_pressing/bin/stm32f0discovery/newlib_syscalls_default/syscalls.o
 .debug_macro   0x000000000000634c       0x57 /home/luevar/Документы/nstu/IoT/riot/examples/blinking_by_pressing/bin/stm32f0discovery/newlib_syscalls_default/syscalls.o
 .debug_macro   0x00000000000063a3       0xcf /home/luevar/Документы/nstu/IoT/riot/examples/blinking_by_pressing/bin/stm32f0discovery/newlib_syscalls_default/syscalls.o
 .debug_macro   0x0000000000006472      0x353 /home/luevar/Документы/nstu/IoT/riot/examples/blinking_by_pressing/bin/stm32f0discovery/newlib_syscalls_default/syscalls.o
 .debug_macro   0x00000000000067c5       0x10 /home/luevar/Документы/nstu/IoT/riot/examples/blinking_by_pressing/bin/stm32f0discovery/newlib_syscalls_default/syscalls.o
 .debug_macro   0x00000000000067d5       0xb7 /home/luevar/Документы/nstu/IoT/riot/examples/blinking_by_pressing/bin/stm32f0discovery/newlib_syscalls_default/syscalls.o
 .debug_macro   0x000000000000688c       0x52 /home/luevar/Документы/nstu/IoT/riot/examples/blinking_by_pressing/bin/stm32f0discovery/newlib_syscalls_default/syscalls.o
 .debug_macro   0x00000000000068de       0x1f /home/luevar/Документы/nstu/IoT/riot/examples/blinking_by_pressing/bin/stm32f0discovery/newlib_syscalls_default/syscalls.o
 .debug_macro   0x00000000000068fd       0x43 /home/luevar/Документы/nstu/IoT/riot/examples/blinking_by_pressing/bin/stm32f0discovery/newlib_syscalls_default/syscalls.o
 .debug_macro   0x0000000000006940       0x20 /home/luevar/Документы/nstu/IoT/riot/examples/blinking_by_pressing/bin/stm32f0discovery/newlib_syscalls_default/syscalls.o
 .debug_macro   0x0000000000006960       0xb6 /home/luevar/Документы/nstu/IoT/riot/examples/blinking_by_pressing/bin/stm32f0discovery/newlib_syscalls_default/syscalls.o
 .debug_macro   0x0000000000006a16      0x4fe /home/luevar/Документы/nstu/IoT/riot/examples/blinking_by_pressing/bin/stm32f0discovery/newlib_syscalls_default/syscalls.o
 .debug_macro   0x0000000000006f14      0x1a3 /home/luevar/Документы/nstu/IoT/riot/examples/blinking_by_pressing/bin/stm32f0discovery/newlib_syscalls_default/syscalls.o
 .debug_macro   0x00000000000070b7       0x10 /home/luevar/Документы/nstu/IoT/riot/examples/blinking_by_pressing/bin/stm32f0discovery/newlib_syscalls_default/syscalls.o
 .debug_macro   0x00000000000070c7       0x35 /home/luevar/Документы/nstu/IoT/riot/examples/blinking_by_pressing/bin/stm32f0discovery/newlib_syscalls_default/syscalls.o
 .debug_macro   0x00000000000070fc       0x10 /home/luevar/Документы/nstu/IoT/riot/examples/blinking_by_pressing/bin/stm32f0discovery/newlib_syscalls_default/syscalls.o
 .debug_macro   0x000000000000710c      0x241 /home/luevar/Документы/nstu/IoT/riot/examples/blinking_by_pressing/bin/stm32f0discovery/newlib_syscalls_default/syscalls.o
 .debug_macro   0x000000000000734d       0x16 /home/luevar/Документы/nstu/IoT/riot/examples/blinking_by_pressing/bin/stm32f0discovery/newlib_syscalls_default/syscalls.o
 .debug_macro   0x0000000000007363       0x10 /home/luevar/Документы/nstu/IoT/riot/examples/blinking_by_pressing/bin/stm32f0discovery/newlib_syscalls_default/syscalls.o
 .debug_macro   0x0000000000007373       0x16 /home/luevar/Документы/nstu/IoT/riot/examples/blinking_by_pressing/bin/stm32f0discovery/newlib_syscalls_default/syscalls.o
 .debug_macro   0x0000000000007389       0xff /home/luevar/Документы/nstu/IoT/riot/examples/blinking_by_pressing/bin/stm32f0discovery/newlib_syscalls_default/syscalls.o
 .debug_macro   0x0000000000007488       0x16 /home/luevar/Документы/nstu/IoT/riot/examples/blinking_by_pressing/bin/stm32f0discovery/newlib_syscalls_default/syscalls.o
 .debug_macro   0x000000000000749e       0x22 /home/luevar/Документы/nstu/IoT/riot/examples/blinking_by_pressing/bin/stm32f0discovery/newlib_syscalls_default/syscalls.o
 .debug_macro   0x00000000000074c0       0x16 /home/luevar/Документы/nstu/IoT/riot/examples/blinking_by_pressing/bin/stm32f0discovery/newlib_syscalls_default/syscalls.o
 .debug_macro   0x00000000000074d6       0x16 /home/luevar/Документы/nstu/IoT/riot/examples/blinking_by_pressing/bin/stm32f0discovery/newlib_syscalls_default/syscalls.o
 .debug_macro   0x00000000000074ec       0x10 /home/luevar/Документы/nstu/IoT/riot/examples/blinking_by_pressing/bin/stm32f0discovery/newlib_syscalls_default/syscalls.o
 .debug_macro   0x00000000000074fc       0x10 /home/luevar/Документы/nstu/IoT/riot/examples/blinking_by_pressing/bin/stm32f0discovery/newlib_syscalls_default/syscalls.o
 .debug_macro   0x000000000000750c       0x2e /home/luevar/Документы/nstu/IoT/riot/examples/blinking_by_pressing/bin/stm32f0discovery/newlib_syscalls_default/syscalls.o
 .debug_macro   0x000000000000753a       0xf5 /home/luevar/Документы/nstu/IoT/riot/examples/blinking_by_pressing/bin/stm32f0discovery/newlib_syscalls_default/syscalls.o
 .debug_macro   0x000000000000762f       0x22 /home/luevar/Документы/nstu/IoT/riot/examples/blinking_by_pressing/bin/stm32f0discovery/newlib_syscalls_default/syscalls.o
 .debug_macro   0x0000000000007651       0x35 /home/luevar/Документы/nstu/IoT/riot/examples/blinking_by_pressing/bin/stm32f0discovery/newlib_syscalls_default/syscalls.o
 .debug_macro   0x0000000000007686       0xaf /home/luevar/Документы/nstu/IoT/riot/examples/blinking_by_pressing/bin/stm32f0discovery/newlib_syscalls_default/syscalls.o
 .debug_macro   0x0000000000007735       0xd6 /home/luevar/Документы/nstu/IoT/riot/examples/blinking_by_pressing/bin/stm32f0discovery/newlib_syscalls_default/syscalls.o
 .debug_macro   0x000000000000780b       0x10 /home/luevar/Документы/nstu/IoT/riot/examples/blinking_by_pressing/bin/stm32f0discovery/newlib_syscalls_default/syscalls.o
 .debug_macro   0x000000000000781b      0x460 /home/luevar/Документы/nstu/IoT/riot/examples/blinking_by_pressing/bin/stm32f0discovery/newlib_syscalls_default/syscalls.o
 .debug_macro   0x0000000000007c7b       0x2b /home/luevar/Документы/nstu/IoT/riot/examples/blinking_by_pressing/bin/stm32f0discovery/newlib_syscalls_default/syscalls.o
 .debug_macro   0x0000000000007ca6       0xee /home/luevar/Документы/nstu/IoT/riot/examples/blinking_by_pressing/bin/stm32f0discovery/newlib_syscalls_default/syscalls.o
 .debug_macro   0x0000000000007d94       0x28 /home/luevar/Документы/nstu/IoT/riot/examples/blinking_by_pressing/bin/stm32f0discovery/newlib_syscalls_default/syscalls.o
 .debug_macro   0x0000000000007dbc       0x17 /home/luevar/Документы/nstu/IoT/riot/examples/blinking_by_pressing/bin/stm32f0discovery/newlib_syscalls_default/syscalls.o
 .debug_macro   0x0000000000007dd3       0x10 /home/luevar/Документы/nstu/IoT/riot/examples/blinking_by_pressing/bin/stm32f0discovery/newlib_syscalls_default/syscalls.o
 .debug_macro   0x0000000000007de3       0x12 /home/luevar/Документы/nstu/IoT/riot/examples/blinking_by_pressing/bin/stm32f0discovery/newlib_syscalls_default/syscalls.o
 .debug_macro   0x0000000000007df5       0x5f /home/luevar/Документы/nstu/IoT/riot/examples/blinking_by_pressing/bin/stm32f0discovery/newlib_syscalls_default/syscalls.o
 .debug_macro   0x0000000000007e54       0x16 /home/luevar/Документы/nstu/IoT/riot/examples/blinking_by_pressing/bin/stm32f0discovery/newlib_syscalls_default/syscalls.o
 .debug_macro   0x0000000000007e6a       0x58 /home/luevar/Документы/nstu/IoT/riot/examples/blinking_by_pressing/bin/stm32f0discovery/newlib_syscalls_default/syscalls.o
 .debug_macro   0x0000000000007ec2       0x34 /home/luevar/Документы/nstu/IoT/riot/examples/blinking_by_pressing/bin/stm32f0discovery/newlib_syscalls_default/syscalls.o
 .debug_macro   0x0000000000007ef6      0x28c /home/luevar/Документы/nstu/IoT/riot/examples/blinking_by_pressing/bin/stm32f0discovery/newlib_syscalls_default/syscalls.o
 .debug_macro   0x0000000000008182       0x10 /home/luevar/Документы/nstu/IoT/riot/examples/blinking_by_pressing/bin/stm32f0discovery/newlib_syscalls_default/syscalls.o
 .debug_macro   0x0000000000008192       0x10 /home/luevar/Документы/nstu/IoT/riot/examples/blinking_by_pressing/bin/stm32f0discovery/newlib_syscalls_default/syscalls.o
 .debug_macro   0x00000000000081a2       0x10 /home/luevar/Документы/nstu/IoT/riot/examples/blinking_by_pressing/bin/stm32f0discovery/newlib_syscalls_default/syscalls.o
 .debug_macro   0x00000000000081b2       0x43 /home/luevar/Документы/nstu/IoT/riot/examples/blinking_by_pressing/bin/stm32f0discovery/newlib_syscalls_default/syscalls.o
 .debug_macro   0x00000000000081f5       0x1c /home/luevar/Документы/nstu/IoT/riot/examples/blinking_by_pressing/bin/stm32f0discovery/newlib_syscalls_default/syscalls.o
 .debug_macro   0x0000000000008211       0x34 /home/luevar/Документы/nstu/IoT/riot/examples/blinking_by_pressing/bin/stm32f0discovery/newlib_syscalls_default/syscalls.o
 .debug_macro   0x0000000000008245       0x16 /home/luevar/Документы/nstu/IoT/riot/examples/blinking_by_pressing/bin/stm32f0discovery/newlib_syscalls_default/syscalls.o
 .debug_macro   0x000000000000825b       0x77 /home/luevar/Документы/nstu/IoT/riot/examples/blinking_by_pressing/bin/stm32f0discovery/newlib_syscalls_default/syscalls.o
 .debug_macro   0x00000000000082d2       0x58 /home/luevar/Документы/nstu/IoT/riot/examples/blinking_by_pressing/bin/stm32f0discovery/newlib_syscalls_default/syscalls.o
 .debug_macro   0x000000000000832a       0x10 /home/luevar/Документы/nstu/IoT/riot/examples/blinking_by_pressing/bin/stm32f0discovery/newlib_syscalls_default/syscalls.o
 .debug_macro   0x000000000000833a       0x10 /home/luevar/Документы/nstu/IoT/riot/examples/blinking_by_pressing/bin/stm32f0discovery/newlib_syscalls_default/syscalls.o
 .debug_macro   0x000000000000834a      0x302 /home/luevar/Документы/nstu/IoT/riot/examples/blinking_by_pressing/bin/stm32f0discovery/core/sched.o
 .debug_macro   0x000000000000864c      0xa3c /home/luevar/Документы/nstu/IoT/riot/examples/blinking_by_pressing/bin/stm32f0discovery/core/sched.o
 .debug_macro   0x0000000000009088      0x16d /home/luevar/Документы/nstu/IoT/riot/examples/blinking_by_pressing/bin/stm32f0discovery/core/sched.o
 .debug_macro   0x00000000000091f5       0x46 /home/luevar/Документы/nstu/IoT/riot/examples/blinking_by_pressing/bin/stm32f0discovery/core/sched.o
 .debug_macro   0x000000000000923b       0x3a /home/luevar/Документы/nstu/IoT/riot/examples/blinking_by_pressing/bin/stm32f0discovery/core/sched.o
 .debug_macro   0x0000000000009275      0x34d /home/luevar/Документы/nstu/IoT/riot/examples/blinking_by_pressing/bin/stm32f0discovery/core/sched.o
 .debug_macro   0x00000000000095c2       0x25 /home/luevar/Документы/nstu/IoT/riot/examples/blinking_by_pressing/bin/stm32f0discovery/core/sched.o
 .debug_macro   0x00000000000095e7       0x2e /home/luevar/Документы/nstu/IoT/riot/examples/blinking_by_pressing/bin/stm32f0discovery/core/sched.o
 .debug_macro   0x0000000000009615       0x1c /home/luevar/Документы/nstu/IoT/riot/examples/blinking_by_pressing/bin/stm32f0discovery/core/sched.o
 .debug_macro   0x0000000000009631      0x114 /home/luevar/Документы/nstu/IoT/riot/examples/blinking_by_pressing/bin/stm32f0discovery/core/sched.o
 .debug_macro   0x0000000000009745       0x1c /home/luevar/Документы/nstu/IoT/riot/examples/blinking_by_pressing/bin/stm32f0discovery/core/sched.o
 .debug_macro   0x0000000000009761      0x1ce /home/luevar/Документы/nstu/IoT/riot/examples/blinking_by_pressing/bin/stm32f0discovery/core/bitarithm.o
 .debug_macro   0x000000000000992f      0xa3c /home/luevar/Документы/nstu/IoT/riot/examples/blinking_by_pressing/bin/stm32f0discovery/core/bitarithm.o
 .debug_macro   0x000000000000a36b       0x97 /home/luevar/Документы/nstu/IoT/riot/examples/blinking_by_pressing/bin/stm32f0discovery/core/bitarithm.o
 .debug_macro   0x000000000000a402       0xf6 /home/luevar/Документы/nstu/IoT/riot/examples/blinking_by_pressing/bin/stm32f0discovery/core/bitarithm.o
 .debug_macro   0x000000000000a4f8      0x2ea /home/luevar/Документы/nstu/IoT/riot/examples/blinking_by_pressing/bin/stm32f0discovery/cortexm_common/thread_arch.o
 .debug_macro   0x000000000000a7e2      0xa3c /home/luevar/Документы/nstu/IoT/riot/examples/blinking_by_pressing/bin/stm32f0discovery/cortexm_common/thread_arch.o
 .debug_macro   0x000000000000b21e       0x1c /home/luevar/Документы/nstu/IoT/riot/examples/blinking_by_pressing/bin/stm32f0discovery/cortexm_common/thread_arch.o
 .debug_macro   0x000000000000b23a      0x311 /home/luevar/Документы/nstu/IoT/riot/examples/blinking_by_pressing/bin/stm32f0discovery/cortexm_common/vectors_cortexm.o
 .debug_macro   0x000000000000b54b      0xa3c /home/luevar/Документы/nstu/IoT/riot/examples/blinking_by_pressing/bin/stm32f0discovery/cortexm_common/vectors_cortexm.o
 .debug_macro   0x000000000000bf87       0x16 /home/luevar/Документы/nstu/IoT/riot/examples/blinking_by_pressing/bin/stm32f0discovery/cortexm_common/vectors_cortexm.o
 .debug_macro   0x000000000000bf9d       0x1c /home/luevar/Документы/nstu/IoT/riot/examples/blinking_by_pressing/bin/stm32f0discovery/cortexm_common/vectors_cortexm.o
 .debug_macro   0x000000000000bfb9      0x2da /home/luevar/Документы/nstu/IoT/riot/examples/blinking_by_pressing/bin/stm32f0discovery/cortexm_common/irq_arch.o
 .debug_macro   0x000000000000c293      0xa3c /home/luevar/Документы/nstu/IoT/riot/examples/blinking_by_pressing/bin/stm32f0discovery/cortexm_common/irq_arch.o
 .debug_macro   0x000000000000cccf      0x3cb /home/luevar/Документы/nstu/IoT/riot/examples/blinking_by_pressing/bin/stm32f0discovery/stdio_uart/stdio_uart.o
 .debug_macro   0x000000000000d09a      0xa3c /home/luevar/Документы/nstu/IoT/riot/examples/blinking_by_pressing/bin/stm32f0discovery/stdio_uart/stdio_uart.o
 .debug_macro   0x000000000000dad6      0x23b /home/luevar/Документы/nstu/IoT/riot/examples/blinking_by_pressing/bin/stm32f0discovery/stdio_uart/stdio_uart.o
 .debug_macro   0x000000000000dd11       0x52 /home/luevar/Документы/nstu/IoT/riot/examples/blinking_by_pressing/bin/stm32f0discovery/stdio_uart/stdio_uart.o
 .debug_macro   0x000000000000dd63       0x16 /home/luevar/Документы/nstu/IoT/riot/examples/blinking_by_pressing/bin/stm32f0discovery/stdio_uart/stdio_uart.o
 .debug_macro   0x000000000000dd79       0x16 /home/luevar/Документы/nstu/IoT/riot/examples/blinking_by_pressing/bin/stm32f0discovery/stdio_uart/stdio_uart.o
 .debug_macro   0x000000000000dd8f       0x10 /home/luevar/Документы/nstu/IoT/riot/examples/blinking_by_pressing/bin/stm32f0discovery/stdio_uart/stdio_uart.o
 .debug_macro   0x000000000000dd9f      0x344 /home/luevar/Документы/nstu/IoT/riot/examples/blinking_by_pressing/bin/stm32f0discovery/stm32_common_periph/pm.o
 .debug_macro   0x000000000000e0e3      0xa3c /home/luevar/Документы/nstu/IoT/riot/examples/blinking_by_pressing/bin/stm32f0discovery/stm32_common_periph/pm.o
 .debug_macro   0x000000000000eb1f      0x286 /home/luevar/Документы/nstu/IoT/riot/examples/blinking_by_pressing/bin/stm32f0discovery/stm32_common_periph/pm.o
 .debug_macro   0x000000000000eda5      0x34f /home/luevar/Документы/nstu/IoT/riot/examples/blinking_by_pressing/bin/stm32f0discovery/stm32_common_periph/uart.o
 .debug_macro   0x000000000000f0f4      0xa3c /home/luevar/Документы/nstu/IoT/riot/examples/blinking_by_pressing/bin/stm32f0discovery/stm32_common_periph/uart.o
 .debug_macro   0x000000000000fb30      0x309 /home/luevar/Документы/nstu/IoT/riot/examples/blinking_by_pressing/bin/stm32f0discovery/stm32_common_periph/gpio.o
 .debug_macro   0x000000000000fe39      0xa3c /home/luevar/Документы/nstu/IoT/riot/examples/blinking_by_pressing/bin/stm32f0discovery/stm32_common_periph/gpio.o
 .debug_macro   0x0000000000010875      0x3ae /home/luevar/Документы/nstu/IoT/riot/examples/blinking_by_pressing/bin/stm32f0discovery/xtimer/xtimer_core.o
 .debug_macro   0x0000000000010c23      0xa3c /home/luevar/Документы/nstu/IoT/riot/examples/blinking_by_pressing/bin/stm32f0discovery/xtimer/xtimer_core.o
 .debug_macro   0x000000000001165f       0x10 /home/luevar/Документы/nstu/IoT/riot/examples/blinking_by_pressing/bin/stm32f0discovery/xtimer/xtimer_core.o
 .debug_macro   0x000000000001166f       0x16 /home/luevar/Документы/nstu/IoT/riot/examples/blinking_by_pressing/bin/stm32f0discovery/xtimer/xtimer_core.o
 .debug_macro   0x0000000000011685      0x312 /home/luevar/Документы/nstu/IoT/riot/examples/blinking_by_pressing/bin/stm32f0discovery/board/board.o
 .debug_macro   0x0000000000011997      0xa3c /home/luevar/Документы/nstu/IoT/riot/examples/blinking_by_pressing/bin/stm32f0discovery/board/board.o
 .debug_macro   0x00000000000123d3      0x32b /home/luevar/Документы/nstu/IoT/riot/examples/blinking_by_pressing/bin/stm32f0discovery/core/panic.o
 .debug_macro   0x00000000000126fe      0xa3c /home/luevar/Документы/nstu/IoT/riot/examples/blinking_by_pressing/bin/stm32f0discovery/core/panic.o
 .debug_macro   0x000000000001313a      0x36e /home/luevar/Документы/nstu/IoT/riot/examples/blinking_by_pressing/bin/stm32f0discovery/core/kernel_init.o
 .debug_macro   0x00000000000134a8      0xa3c /home/luevar/Документы/nstu/IoT/riot/examples/blinking_by_pressing/bin/stm32f0discovery/core/kernel_init.o
 .debug_macro   0x0000000000013ee4       0xdc /home/luevar/Документы/nstu/IoT/riot/examples/blinking_by_pressing/bin/stm32f0discovery/core/kernel_init.o
 .debug_macro   0x0000000000013fc0      0x304 /home/luevar/Документы/nstu/IoT/riot/examples/blinking_by_pressing/bin/stm32f0discovery/core/thread.o
 .debug_macro   0x00000000000142c4      0xa3c /home/luevar/Документы/nstu/IoT/riot/examples/blinking_by_pressing/bin/stm32f0discovery/core/thread.o
 .debug_macro   0x0000000000014d00      0x328 /home/luevar/Документы/nstu/IoT/riot/examples/blinking_by_pressing/bin/stm32f0discovery/pm_layered/pm.o
 .debug_macro   0x0000000000015028      0xa3c /home/luevar/Документы/nstu/IoT/riot/examples/blinking_by_pressing/bin/stm32f0discovery/pm_layered/pm.o
 .debug_macro   0x0000000000015a64      0x32c /home/luevar/Документы/nstu/IoT/riot/examples/blinking_by_pressing/bin/stm32f0discovery/stm32_common/stmclk.o
 .debug_macro   0x0000000000015d90      0xa3c /home/luevar/Документы/nstu/IoT/riot/examples/blinking_by_pressing/bin/stm32f0discovery/stm32_common/stmclk.o
 .debug_macro   0x00000000000167cc       0x71 /home/luevar/Документы/nstu/IoT/riot/examples/blinking_by_pressing/bin/stm32f0discovery/stm32_common/stmclk.o
 .debug_macro   0x000000000001683d      0x323 /home/luevar/Документы/nstu/IoT/riot/examples/blinking_by_pressing/bin/stm32f0discovery/stm32_common/stmclk_common.o
 .debug_macro   0x0000000000016b60      0xa3c /home/luevar/Документы/nstu/IoT/riot/examples/blinking_by_pressing/bin/stm32f0discovery/stm32_common/stmclk_common.o
 .debug_macro   0x000000000001759c      0x34f /home/luevar/Документы/nstu/IoT/riot/examples/blinking_by_pressing/bin/stm32f0discovery/stm32_common/cpu_init.o
 .debug_macro   0x00000000000178eb      0xa3c /home/luevar/Документы/nstu/IoT/riot/examples/blinking_by_pressing/bin/stm32f0discovery/stm32_common/cpu_init.o
 .debug_macro   0x0000000000018327      0x31a /home/luevar/Документы/nstu/IoT/riot/examples/blinking_by_pressing/bin/stm32f0discovery/stm32_common/cpu_common.o
 .debug_macro   0x0000000000018641      0xa3c /home/luevar/Документы/nstu/IoT/riot/examples/blinking_by_pressing/bin/stm32f0discovery/stm32_common/cpu_common.o
 .debug_macro   0x000000000001907d      0x312 /home/luevar/Документы/nstu/IoT/riot/examples/blinking_by_pressing/bin/stm32f0discovery/stm32_common_periph/timer.o
 .debug_macro   0x000000000001938f      0xa3c /home/luevar/Документы/nstu/IoT/riot/examples/blinking_by_pressing/bin/stm32f0discovery/stm32_common_periph/timer.o
 .debug_macro   0x0000000000019dcb       0x1a /home/luevar/Документы/nstu/IoT/riot/examples/blinking_by_pressing/bin/stm32f0discovery/periph_common/init.o
 .debug_macro   0x0000000000019de5      0xa3c /home/luevar/Документы/nstu/IoT/riot/examples/blinking_by_pressing/bin/stm32f0discovery/periph_common/init.o
 .debug_macro   0x000000000001a821      0x392 /home/luevar/Документы/nstu/IoT/riot/examples/blinking_by_pressing/bin/stm32f0discovery/application_blinking_by_pressing/blinking_by_pressing.o
 .debug_macro   0x000000000001abb3      0xa3c /home/luevar/Документы/nstu/IoT/riot/examples/blinking_by_pressing/bin/stm32f0discovery/application_blinking_by_pressing/blinking_by_pressing.o
 .debug_macro   0x000000000001b5ef      0x3be /home/luevar/Документы/nstu/IoT/riot/examples/blinking_by_pressing/bin/stm32f0discovery/auto_init/auto_init.o
 .debug_macro   0x000000000001b9ad      0xa3c /home/luevar/Документы/nstu/IoT/riot/examples/blinking_by_pressing/bin/stm32f0discovery/auto_init/auto_init.o
 .debug_macro   0x000000000001c3e9       0x2e /home/luevar/Документы/nstu/IoT/riot/examples/blinking_by_pressing/bin/stm32f0discovery/auto_init/auto_init.o
 .debug_macro   0x000000000001c417      0x2da /home/luevar/Документы/nstu/IoT/riot/examples/blinking_by_pressing/bin/stm32f0discovery/cortexm_common/cortexm_init.o
 .debug_macro   0x000000000001c6f1      0xa3c /home/luevar/Документы/nstu/IoT/riot/examples/blinking_by_pressing/bin/stm32f0discovery/cortexm_common/cortexm_init.o

.debug_line     0x0000000000000000     0xb81f
 .debug_line    0x0000000000000000      0x39e /home/luevar/Документы/nstu/IoT/riot/examples/blinking_by_pressing/bin/stm32f0discovery/cpu/vectors.o
 .debug_line    0x000000000000039e      0xa91 /home/luevar/Документы/nstu/IoT/riot/examples/blinking_by_pressing/bin/stm32f0discovery/newlib_syscalls_default/syscalls.o
 .debug_line    0x0000000000000e2f      0x67d /home/luevar/Документы/nstu/IoT/riot/examples/blinking_by_pressing/bin/stm32f0discovery/core/sched.o
 .debug_line    0x00000000000014ac      0x4e3 /home/luevar/Документы/nstu/IoT/riot/examples/blinking_by_pressing/bin/stm32f0discovery/core/bitarithm.o
 .debug_line    0x000000000000198f      0x6ce /home/luevar/Документы/nstu/IoT/riot/examples/blinking_by_pressing/bin/stm32f0discovery/cortexm_common/thread_arch.o
 .debug_line    0x000000000000205d      0x72a /home/luevar/Документы/nstu/IoT/riot/examples/blinking_by_pressing/bin/stm32f0discovery/cortexm_common/vectors_cortexm.o
 .debug_line    0x0000000000002787      0x634 /home/luevar/Документы/nstu/IoT/riot/examples/blinking_by_pressing/bin/stm32f0discovery/cortexm_common/irq_arch.o
 .debug_line    0x0000000000002dbb      0x7e6 /home/luevar/Документы/nstu/IoT/riot/examples/blinking_by_pressing/bin/stm32f0discovery/stdio_uart/stdio_uart.o
 .debug_line    0x00000000000035a1      0x735 /home/luevar/Документы/nstu/IoT/riot/examples/blinking_by_pressing/bin/stm32f0discovery/stm32_common_periph/pm.o
 .debug_line    0x0000000000003cd6      0x8cd /home/luevar/Документы/nstu/IoT/riot/examples/blinking_by_pressing/bin/stm32f0discovery/stm32_common_periph/uart.o
 .debug_line    0x00000000000045a3      0x8ff /home/luevar/Документы/nstu/IoT/riot/examples/blinking_by_pressing/bin/stm32f0discovery/stm32_common_periph/gpio.o
 .debug_line    0x0000000000004ea2      0xa95 /home/luevar/Документы/nstu/IoT/riot/examples/blinking_by_pressing/bin/stm32f0discovery/xtimer/xtimer_core.o
 .debug_line    0x0000000000005937      0x6fc /home/luevar/Документы/nstu/IoT/riot/examples/blinking_by_pressing/bin/stm32f0discovery/board/board.o
 .debug_line    0x0000000000006033      0x713 /home/luevar/Документы/nstu/IoT/riot/examples/blinking_by_pressing/bin/stm32f0discovery/core/panic.o
 .debug_line    0x0000000000006746      0x73f /home/luevar/Документы/nstu/IoT/riot/examples/blinking_by_pressing/bin/stm32f0discovery/core/kernel_init.o
 .debug_line    0x0000000000006e85      0x72d /home/luevar/Документы/nstu/IoT/riot/examples/blinking_by_pressing/bin/stm32f0discovery/core/thread.o
 .debug_line    0x00000000000075b2      0x722 /home/luevar/Документы/nstu/IoT/riot/examples/blinking_by_pressing/bin/stm32f0discovery/pm_layered/pm.o
 .debug_line    0x0000000000007cd4      0x6d8 /home/luevar/Документы/nstu/IoT/riot/examples/blinking_by_pressing/bin/stm32f0discovery/stm32_common/stmclk.o
 .debug_line    0x00000000000083ac      0x71c /home/luevar/Документы/nstu/IoT/riot/examples/blinking_by_pressing/bin/stm32f0discovery/stm32_common/stmclk_common.o
 .debug_line    0x0000000000008ac8      0x721 /home/luevar/Документы/nstu/IoT/riot/examples/blinking_by_pressing/bin/stm32f0discovery/stm32_common/cpu_init.o
 .debug_line    0x00000000000091e9      0x704 /home/luevar/Документы/nstu/IoT/riot/examples/blinking_by_pressing/bin/stm32f0discovery/stm32_common/cpu_common.o
 .debug_line    0x00000000000098ed      0x7e6 /home/luevar/Документы/nstu/IoT/riot/examples/blinking_by_pressing/bin/stm32f0discovery/stm32_common_periph/timer.o
 .debug_line    0x000000000000a0d3       0xf7 /home/luevar/Документы/nstu/IoT/riot/examples/blinking_by_pressing/bin/stm32f0discovery/periph_common/init.o