Archive member included to satisfy reference by file (symbol)

/home/luevar/Документы/nstu/IoT/git/case_1/blinking_by_pressing/bin/unwd-range-l1-r3/core.a(sched.o)
                              /home/luevar/Документы/nstu/IoT/git/case_1/blinking_by_pressing/bin/unwd-range-l1-r3/newlib_syscalls_default/syscalls.o (sched_active_pid)
/home/luevar/Документы/nstu/IoT/git/case_1/blinking_by_pressing/bin/unwd-range-l1-r3/cortexm_common.a(thread_arch.o)
                              /home/luevar/Документы/nstu/IoT/git/case_1/blinking_by_pressing/bin/unwd-range-l1-r3/core.a(sched.o) (cpu_switch_context_exit)
/home/luevar/Документы/nstu/IoT/git/case_1/blinking_by_pressing/bin/unwd-range-l1-r3/cortexm_common.a(vectors_cortexm.o)
                              /home/luevar/Документы/nstu/IoT/git/case_1/blinking_by_pressing/bin/unwd-range-l1-r3/cpu/vectors.o (dummy_handler_default)
/home/luevar/Документы/nstu/IoT/git/case_1/blinking_by_pressing/bin/unwd-range-l1-r3/cortexm_common.a(irq_arch.o)
                              /home/luevar/Документы/nstu/IoT/git/case_1/blinking_by_pressing/bin/unwd-range-l1-r3/newlib_syscalls_default/syscalls.o (irq_disable)
/home/luevar/Документы/nstu/IoT/git/case_1/blinking_by_pressing/bin/unwd-range-l1-r3/div.a(div.o)
                              /home/luevar/Документы/nstu/IoT/git/case_1/blinking_by_pressing/bin/unwd-range-l1-r3/newlib_syscalls_default/syscalls.o (_div_mulhi64)
/home/luevar/Документы/nstu/IoT/git/case_1/blinking_by_pressing/bin/unwd-range-l1-r3/stdio_uart.a(stdio_uart.o)
                              /home/luevar/Документы/nstu/IoT/git/case_1/blinking_by_pressing/bin/unwd-range-l1-r3/newlib_syscalls_default/syscalls.o (stdio_init)
/home/luevar/Документы/nstu/IoT/git/case_1/blinking_by_pressing/bin/unwd-range-l1-r3/stm32_common_periph.a(pm.o)
                              /home/luevar/Документы/nstu/IoT/git/case_1/blinking_by_pressing/bin/unwd-range-l1-r3/newlib_syscalls_default/syscalls.o (pm_off)
/home/luevar/Документы/nstu/IoT/git/case_1/blinking_by_pressing/bin/unwd-range-l1-r3/stm32_common_periph.a(uart.o)
                              /home/luevar/Документы/nstu/IoT/git/case_1/blinking_by_pressing/bin/unwd-range-l1-r3/stdio_uart.a(stdio_uart.o) (uart_write)
/home/luevar/Документы/nstu/IoT/git/case_1/blinking_by_pressing/bin/unwd-range-l1-r3/stm32_common_periph.a(gpio.o)
                              /home/luevar/Документы/nstu/IoT/git/case_1/blinking_by_pressing/bin/unwd-range-l1-r3/stm32_common_periph.a(pm.o) (gpio_init)
/home/luevar/Документы/nstu/IoT/git/case_1/blinking_by_pressing/bin/unwd-range-l1-r3/xtimer.a(xtimer_core.o)
                              /home/luevar/Документы/nstu/IoT/git/case_1/blinking_by_pressing/bin/unwd-range-l1-r3/newlib_syscalls_default/syscalls.o (_xtimer_now64)
/home/luevar/Документы/nstu/IoT/git/case_1/blinking_by_pressing/bin/unwd-range-l1-r3/boards_common_unwd.a(board.o)
                              /home/luevar/Документы/nstu/IoT/git/case_1/blinking_by_pressing/bin/unwd-range-l1-r3/cortexm_common.a(vectors_cortexm.o) (board_init)
/home/luevar/Документы/nstu/IoT/git/case_1/blinking_by_pressing/bin/unwd-range-l1-r3/core.a(panic.o)
                              /home/luevar/Документы/nstu/IoT/git/case_1/blinking_by_pressing/bin/unwd-range-l1-r3/cortexm_common.a(vectors_cortexm.o) (core_panic)
/home/luevar/Документы/nstu/IoT/git/case_1/blinking_by_pressing/bin/unwd-range-l1-r3/core.a(kernel_init.o)
                              /home/luevar/Документы/nstu/IoT/git/case_1/blinking_by_pressing/bin/unwd-range-l1-r3/cortexm_common.a(vectors_cortexm.o) (kernel_init)
/home/luevar/Документы/nstu/IoT/git/case_1/blinking_by_pressing/bin/unwd-range-l1-r3/core.a(thread.o)
                              /home/luevar/Документы/nstu/IoT/git/case_1/blinking_by_pressing/bin/unwd-range-l1-r3/core.a(kernel_init.o) (thread_create)
/home/luevar/Документы/nstu/IoT/git/case_1/blinking_by_pressing/bin/unwd-range-l1-r3/cortexm_common.a(cortexm_init.o)
                              /home/luevar/Документы/nstu/IoT/git/case_1/blinking_by_pressing/bin/unwd-range-l1-r3/stm32_common_periph.a(pm.o) (cpu_check_address)
/home/luevar/Документы/nstu/IoT/git/case_1/blinking_by_pressing/bin/unwd-range-l1-r3/isrpipe.a(isrpipe.o)
                              /home/luevar/Документы/nstu/IoT/git/case_1/blinking_by_pressing/bin/unwd-range-l1-r3/stdio_uart.a(stdio_uart.o) (isrpipe_write_one)
/home/luevar/Документы/nstu/IoT/git/case_1/blinking_by_pressing/bin/unwd-range-l1-r3/pm_layered.a(pm.o)
                              /home/luevar/Документы/nstu/IoT/git/case_1/blinking_by_pressing/bin/unwd-range-l1-r3/core.a(kernel_init.o) (pm_set_lowest)
/home/luevar/Документы/nstu/IoT/git/case_1/blinking_by_pressing/bin/unwd-range-l1-r3/stm32_common.a(cpu_init.o)
                              /home/luevar/Документы/nstu/IoT/git/case_1/blinking_by_pressing/bin/unwd-range-l1-r3/boards_common_unwd.a(board.o) (cpu_init)
[...]
Memory Configuration

Name             Origin             Length             Attributes
ccmram           0x0000000010000000 0x0000000000000000
rom              0x0000000008000000 0x0000000000080000 xr
ram              0x0000000020000000 0x0000000000014000 w !xr
*default*        0x0000000000000000 0xffffffffffffffff

Linker script and memory map

LOAD /home/luevar/Документы/nstu/IoT/git/case_1/blinking_by_pressing/bin/unwd-range-l1-r3/cpu/vectors.o
LOAD /home/luevar/Документы/nstu/IoT/git/case_1/blinking_by_pressing/bin/unwd-range-l1-r3/newlib_syscalls_default/syscalls.o
START GROUP
LOAD /home/luevar/Документы/nstu/IoT/git/case_1/blinking_by_pressing/bin/unwd-range-l1-r3/application_blinking_by_pressing.a
LOAD /home/luevar/Документы/nstu/IoT/git/case_1/blinking_by_pressing/bin/unwd-range-l1-r3/auto_init.a
LOAD /home/luevar/Документы/nstu/IoT/git/case_1/blinking_by_pressing/bin/unwd-range-l1-r3/board.a
LOAD /home/luevar/Документы/nstu/IoT/git/case_1/blinking_by_pressing/bin/unwd-range-l1-r3/boards_common_unwd.a
LOAD /home/luevar/Документы/nstu/IoT/git/case_1/blinking_by_pressing/bin/unwd-range-l1-r3/core.a
LOAD /home/luevar/Документы/nstu/IoT/git/case_1/blinking_by_pressing/bin/unwd-range-l1-r3/cortexm_common.a
LOAD /home/luevar/Документы/nstu/IoT/git/case_1/blinking_by_pressing/bin/unwd-range-l1-r3/cortexm_common_periph.a
LOAD /home/luevar/Документы/nstu/IoT/git/case_1/blinking_by_pressing/bin/unwd-range-l1-r3/cpu.a
LOAD /home/luevar/Документы/nstu/IoT/git/case_1/blinking_by_pressing/bin/unwd-range-l1-r3/div.a
LOAD /home/luevar/Документы/nstu/IoT/git/case_1/blinking_by_pressing/bin/unwd-range-l1-r3/isrpipe.a
LOAD /home/luevar/Документы/nstu/IoT/git/case_1/blinking_by_pressing/bin/unwd-range-l1-r3/newlib_syscalls_default.a
LOAD /home/luevar/Документы/nstu/IoT/git/case_1/blinking_by_pressing/bin/unwd-range-l1-r3/periph.a
LOAD /home/luevar/Документы/nstu/IoT/git/case_1/blinking_by_pressing/bin/unwd-range-l1-r3/pm_layered.a
LOAD /home/luevar/Документы/nstu/IoT/git/case_1/blinking_by_pressing/bin/unwd-range-l1-r3/stdio_uart.a
LOAD /home/luevar/Документы/nstu/IoT/git/case_1/blinking_by_pressing/bin/unwd-range-l1-r3/stm32_common.a
LOAD /home/luevar/Документы/nstu/IoT/git/case_1/blinking_by_pressing/bin/unwd-range-l1-r3/stm32_common_periph.a
LOAD /home/luevar/Документы/nstu/IoT/git/case_1/blinking_by_pressing/bin/unwd-range-l1-r3/sys.a
LOAD /home/luevar/Документы/nstu/IoT/git/case_1/blinking_by_pressing/bin/unwd-range-l1-r3/tsrb.a
LOAD /home/luevar/Документы/nstu/IoT/git/case_1/blinking_by_pressing/bin/unwd-range-l1-r3/xtimer.a
LOAD /home/luevar/Документы/nstu/IoT/git/case_1/blinking_by_pressing/bin/unwd-range-l1-r3/periph_common.a
LOAD /usr/bin/../lib/gcc/arm-none-eabi/7.3.1/../../../../arm-none-eabi/lib/thumb/v7-m/libm.a
END GROUP
LOAD /usr/bin/../lib/gcc/arm-none-eabi/7.3.1/thumb/v7-m/libgcc.a
                0x0000000008000000                _rom_start_addr = 0x8000000
                0x0000000020000000                _ram_start_addr = 0x20000000
                0x0000000000080000                _rom_length = 0x80000
                0x0000000000014000                _ram_length = 0x14000
LOAD /usr/bin/../lib/gcc/arm-none-eabi/7.3.1/../../../../arm-none-eabi/lib/thumb/v7-m/libc_nano.a
START GROUP
LOAD /usr/bin/../lib/gcc/arm-none-eabi/7.3.1/thumb/v7-m/libgcc.a
LOAD /usr/bin/../lib/gcc/arm-none-eabi/7.3.1/../../../../arm-none-eabi/lib/thumb/v7-m/libg_nano.a
LOAD /usr/bin/../lib/gcc/arm-none-eabi/7.3.1/../../../../arm-none-eabi/lib/thumb/v7-m/libc_nano.a
END GROUP
START GROUP
LOAD /usr/bin/../lib/gcc/arm-none-eabi/7.3.1/thumb/v7-m/libgcc.a
LOAD /usr/bin/../lib/gcc/arm-none-eabi/7.3.1/../../../../arm-none-eabi/lib/thumb/v7-m/libc_nano.a
END GROUP
                0x0000000000000000                ccmram_length = DEFINED (ccmram_len)?ccmram_len:0x0
                0x0000000000000000                _rom_offset = DEFINED (_rom_offset)?_rom_offset:0x0
                0x0000000000080000                _fw_rom_length = DEFINED (_fw_rom_length)?_fw_rom_length:(_rom_length - _rom_offset)
                0x0000000000000001                ASSERT ((_fw_rom_length <= (_rom_length - _rom_offset)), Specified firmware size does not fit in ROM)

.text           0x0000000008000000     0x2ab0
                0x0000000008000000                . = ALIGN (0x4)
                0x0000000008000000                _sfixed = .
                0x0000000008000000                _isr_vectors = DEFINED (_isr_vectors)?_isr_vectors:.
 *(SORT_BY_NAME(.vectors*))
 .vectors.0     0x0000000008000000       0x40 /home/luevar/Документы/nstu/IoT/git/case_1/blinking_by_pressing/bin/unwd-range-l1-r3/cortexm_common.a(vectors_cortexm.o)
                0x0000000008000000                cortex_vector_base
 .vectors.1     0x0000000008000040       0xe4 /home/luevar/Документы/nstu/IoT/git/case_1/blinking_by_pressing/bin/unwd-range-l1-r3/cpu/vectors.o
                0x0000000008000040                vector_cpu
 *(.text .text.* .gnu.linkonce.t.*)
 .text.dummy_handler
                0x0000000008000124        0x4 /home/luevar/Документы/nstu/IoT/git/case_1/blinking_by_pressing/bin/unwd-range-l1-r3/cpu/vectors.o
                0x0000000008000124                isr_pvd
                0x0000000008000124                isr_rtc_wkup
                0x0000000008000124                isr_comp_acq
                0x0000000008000124                isr_tim10
                0x0000000008000124                isr_dac
                0x0000000008000124                isr_dma2_ch5
                0x0000000008000124                isr_dma1_ch2
                0x0000000008000124                isr_tim7
                0x0000000008000124                isr_tim5
                0x0000000008000124                isr_i2c1_ev
                0x0000000008000124                isr_dma1_ch7
                0x0000000008000124                isr_tim4
                0x0000000008000124                isr_dma1_ch3
                0x0000000008000124                isr_dma2_ch3
                0x0000000008000124                isr_tim2
                0x0000000008000124                isr_sdio
                0x0000000008000124                isr_spi2
                0x0000000008000124                dummy_handler
                0x0000000008000124                isr_usb_hp
                0x0000000008000124                isr_aes
                0x0000000008000124                isr_dma2_ch4
                0x0000000008000124                isr_dma1_ch1
                0x0000000008000124                isr_comp
                0x0000000008000124                isr_dma1_ch6
                0x0000000008000124                isr_spi1
                0x0000000008000124                isr_tim6
                0x0000000008000124                isr_usb_lp
                0x0000000008000124                isr_rcc
                0x0000000008000124                isr_flash
                0x0000000008000124                isr_uart5
                0x0000000008000124                isr_dma2_ch2
                0x0000000008000124                isr_adc1
                0x0000000008000124                isr_uart4
                0x0000000008000124                isr_i2c2_er
                0x0000000008000124                isr_usb_fs_wkup
                0x0000000008000124                isr_dma2_ch1
                0x0000000008000124                isr_spi3
                0x0000000008000124                isr_lcd
                0x0000000008000124                isr_tim3
                0x0000000008000124                isr_dma1_ch5
                0x0000000008000124                isr_dma1_ch4
                0x0000000008000124                isr_i2c2_ev
                0x0000000008000124                isr_rtc_alarm
                0x0000000008000124                isr_tamper_stamp
                0x0000000008000124                isr_i2c1_er
                0x0000000008000124                isr_wwdg
 .text._init    0x0000000008000128        0x4 /home/luevar/Документы/nstu/IoT/git/case_1/blinking_by_pressing/bin/unwd-range-l1-r3/newlib_syscalls_default/syscalls.o
                0x0000000008000128                _init
 .text._fini    0x000000000800012c        0x2 /home/luevar/Документы/nstu/IoT/git/case_1/blinking_by_pressing/bin/unwd-range-l1-r3/newlib_syscalls_default/syscalls.o
                0x000000000800012c                _fini
 *fill*         0x000000000800012e        0x2 
 .text._sbrk_r  0x0000000008000130       0x3c /home/luevar/Документы/nstu/IoT/git/case_1/blinking_by_pressing/bin/unwd-range-l1-r3/newlib_syscalls_default/syscalls.o
                0x0000000008000130                _sbrk_r
 .text._read_r  0x000000000800016c        0x8 /home/luevar/Документы/nstu/IoT/git/case_1/blinking_by_pressing/bin/unwd-range-l1-r3/newlib_syscalls_default/syscalls.o
                0x000000000800016c                _read_r
 .text._write_r
                0x0000000008000174        0x8 /home/luevar/Документы/nstu/IoT/git/case_1/blinking_by_pressing/bin/unwd-range-l1-r3/newlib_syscalls_default/syscalls.o
                0x0000000008000174                _write_r
 .text._close_r
                0x000000000800017c        0xa /home/luevar/Документы/nstu/IoT/git/case_1/blinking_by_pressing/bin/unwd-range-l1-r3/newlib_syscalls_default/syscalls.o
                0x000000000800017c                _close_r
 .text._lseek_r
                0x0000000008000186        0xa /home/luevar/Документы/nstu/IoT/git/case_1/blinking_by_pressing/bin/unwd-range-l1-r3/newlib_syscalls_default/syscalls.o
                0x0000000008000186                _lseek_r
 .text._fstat_r
                0x0000000008000190        0xa /home/luevar/Документы/nstu/IoT/git/case_1/blinking_by_pressing/bin/unwd-range-l1-r3/newlib_syscalls_default/syscalls.o
                0x0000000008000190                _fstat_r
 .text._isatty_r
                0x000000000800019a        0xe /home/luevar/Документы/nstu/IoT/git/case_1/blinking_by_pressing/bin/unwd-range-l1-r3/newlib_syscalls_default/syscalls.o
                0x000000000800019a                _isatty_r
 .text.sched_run
                0x00000000080001a8       0x64 /home/luevar/Документы/nstu/IoT/git/case_1/blinking_by_pressing/bin/unwd-range-l1-r3/core.a(sched.o)
                0x00000000080001a8                sched_run
 .text.sched_set_status
                0x000000000800020c       0x80 /home/luevar/Документы/nstu/IoT/git/case_1/blinking_by_pressing/bin/unwd-range-l1-r3/core.a(sched.o)
                0x000000000800020c                sched_set_status
 .text.sched_switch
                0x000000000800028c       0x30 /home/luevar/Документы/nstu/IoT/git/case_1/blinking_by_pressing/bin/unwd-range-l1-r3/core.a(sched.o)
                0x000000000800028c                sched_switch
 .text.sched_task_exit
                0x00000000080002bc       0x3c /home/luevar/Документы/nstu/IoT/git/case_1/blinking_by_pressing/bin/unwd-range-l1-r3/core.a(sched.o)
                0x00000000080002bc                sched_task_exit
 .text.thread_stack_init
                0x00000000080002f8       0x64 /home/luevar/Документы/nstu/IoT/git/case_1/blinking_by_pressing/bin/unwd-range-l1-r3/cortexm_common.a(thread_arch.o)
                0x00000000080002f8                thread_stack_init
 .text.cpu_switch_context_exit
                0x000000000800035c        0x8 /home/luevar/Документы/nstu/IoT/git/case_1/blinking_by_pressing/bin/unwd-range-l1-r3/cortexm_common.a(thread_arch.o)
                0x000000000800035c                cpu_switch_context_exit
 .text.thread_yield_higher
                0x0000000008000364       0x10 /home/luevar/Документы/nstu/IoT/git/case_1/blinking_by_pressing/bin/unwd-range-l1-r3/cortexm_common.a(thread_arch.o)
                0x0000000008000364                thread_yield_higher
 .text.isr_pendsv
                0x0000000008000374       0x1c /home/luevar/Документы/nstu/IoT/git/case_1/blinking_by_pressing/bin/unwd-range-l1-r3/cortexm_common.a(thread_arch.o)
                0x0000000008000374                isr_pendsv
 .text.isr_svc  0x0000000008000390       0x1c /home/luevar/Документы/nstu/IoT/git/case_1/blinking_by_pressing/bin/unwd-range-l1-r3/cortexm_common.a(thread_arch.o)
                0x0000000008000390                isr_svc
 .text.hard_fault_default
                0x00000000080003ac       0x44 /home/luevar/Документы/nstu/IoT/git/case_1/blinking_by_pressing/bin/unwd-range-l1-r3/cortexm_common.a(vectors_cortexm.o)
                0x00000000080003ac                hard_fault_default
 .text.nmi_default
                0x00000000080003f0       0x10 /home/luevar/Документы/nstu/IoT/git/case_1/blinking_by_pressing/bin/unwd-range-l1-r3/cortexm_common.a(vectors_cortexm.o)
                0x00000000080003f0                nmi_default
 .text.mem_manage_default
                0x0000000008000400       0x10 /home/luevar/Документы/nstu/IoT/git/case_1/blinking_by_pressing/bin/unwd-range-l1-r3/cortexm_common.a(vectors_cortexm.o)
                0x0000000008000400                mem_manage_default
 .text.bus_fault_default
                0x0000000008000410       0x10 /home/luevar/Документы/nstu/IoT/git/case_1/blinking_by_pressing/bin/unwd-range-l1-r3/cortexm_common.a(vectors_cortexm.o)
                0x0000000008000410                bus_fault_default
 .text.usage_fault_default
                0x0000000008000420       0x10 /home/luevar/Документы/nstu/IoT/git/case_1/blinking_by_pressing/bin/unwd-range-l1-r3/cortexm_common.a(vectors_cortexm.o)
                0x0000000008000420                usage_fault_default
 .text.debug_mon_default
                0x0000000008000430       0x10 /home/luevar/Документы/nstu/IoT/git/case_1/blinking_by_pressing/bin/unwd-range-l1-r3/cortexm_common.a(vectors_cortexm.o)
                0x0000000008000430                debug_mon_default
 .text.dummy_handler_default
                0x0000000008000440       0x10 /home/luevar/Документы/nstu/IoT/git/case_1/blinking_by_pressing/bin/unwd-range-l1-r3/cortexm_common.a(vectors_cortexm.o)
                0x0000000008000440                dummy_handler_default
                0x0000000008000440                isr_systick
 .text.pre_startup
                0x0000000008000450        0x2 /home/luevar/Документы/nstu/IoT/git/case_1/blinking_by_pressing/bin/unwd-range-l1-r3/cortexm_common.a(vectors_cortexm.o)
                0x0000000008000450                pre_startup
 .text.post_startup
                0x0000000008000452        0x2 /home/luevar/Документы/nstu/IoT/git/case_1/blinking_by_pressing/bin/unwd-range-l1-r3/cortexm_common.a(vectors_cortexm.o)
                0x0000000008000452                post_startup
 .text.reset_handler_default
                0x0000000008000454       0x6c /home/luevar/Документы/nstu/IoT/git/case_1/blinking_by_pressing/bin/unwd-range-l1-r3/cortexm_common.a(vectors_cortexm.o)
                0x0000000008000454                reset_handler_default
 .text.hard_fault_handler
                0x00000000080004c0      0x188 /home/luevar/Документы/nstu/IoT/git/case_1/blinking_by_pressing/bin/unwd-range-l1-r3/cortexm_common.a(vectors_cortexm.o)
                0x00000000080004c0                hard_fault_handler
 .text.irq_disable
                0x0000000008000648        0x8 /home/luevar/Документы/nstu/IoT/git/case_1/blinking_by_pressing/bin/unwd-range-l1-r3/cortexm_common.a(irq_arch.o)
                0x0000000008000648                irq_disable
 .text.irq_enable
                0x0000000008000650        0x8 /home/luevar/Документы/nstu/IoT/git/case_1/blinking_by_pressing/bin/unwd-range-l1-r3/cortexm_common.a(irq_arch.o)
                0x0000000008000650                irq_enable
 .text.irq_restore
                0x0000000008000658        0x6 /home/luevar/Документы/nstu/IoT/git/case_1/blinking_by_pressing/bin/unwd-range-l1-r3/cortexm_common.a(irq_arch.o)
                0x0000000008000658                irq_restore
 .text.irq_is_in
                0x000000000800065e        0x8 /home/luevar/Документы/nstu/IoT/git/case_1/blinking_by_pressing/bin/unwd-range-l1-r3/cortexm_common.a(irq_arch.o)
                0x000000000800065e                irq_is_in
 *fill*         0x0000000008000666        0x2 
 .text.stdio_init
                0x0000000008000668       0x18 /home/luevar/Документы/nstu/IoT/git/case_1/blinking_by_pressing/bin/unwd-range-l1-r3/stdio_uart.a(stdio_uart.o)
                0x0000000008000668                stdio_init
 .text.stdio_read
                0x0000000008000680       0x10 /home/luevar/Документы/nstu/IoT/git/case_1/blinking_by_pressing/bin/unwd-range-l1-r3/stdio_uart.a(stdio_uart.o)
                0x0000000008000680                stdio_read
 .text.stdio_write
                0x0000000008000690       0x12 /home/luevar/Документы/nstu/IoT/git/case_1/blinking_by_pressing/bin/unwd-range-l1-r3/stdio_uart.a(stdio_uart.o)
                0x0000000008000690                stdio_write
 *fill*         0x00000000080006a2        0x2 
 .text.pm_set   0x00000000080006a4      0x220 /home/luevar/Документы/nstu/IoT/git/case_1/blinking_by_pressing/bin/unwd-range-l1-r3/stm32_common_periph.a(pm.o)
                0x00000000080006a4                pm_set
 .text.pm_off   0x00000000080008c4       0x14 /home/luevar/Документы/nstu/IoT/git/case_1/blinking_by_pressing/bin/unwd-range-l1-r3/stm32_common_periph.a(pm.o)
                0x00000000080008c4                pm_off
 .text.irq_handler
                0x00000000080008d8       0x48 /home/luevar/Документы/nstu/IoT/git/case_1/blinking_by_pressing/bin/unwd-range-l1-r3/stm32_common_periph.a(uart.o)
 .text.uart_set_baudrate
                0x0000000008000920       0x7c /home/luevar/Документы/nstu/IoT/git/case_1/blinking_by_pressing/bin/unwd-range-l1-r3/stm32_common_periph.a(uart.o)
                0x0000000008000920                uart_set_baudrate
 .text.uart_write
                0x000000000800099c       0x40 /home/luevar/Документы/nstu/IoT/git/case_1/blinking_by_pressing/bin/unwd-range-l1-r3/stm32_common_periph.a(uart.o)
                0x000000000800099c                uart_write
 .text.uart_poweron
                0x00000000080009dc       0x2c /home/luevar/Документы/nstu/IoT/git/case_1/blinking_by_pressing/bin/unwd-range-l1-r3/stm32_common_periph.a(uart.o)
                0x00000000080009dc                uart_poweron
 .text.uart_init
                0x0000000008000a08       0xc0 /home/luevar/Документы/nstu/IoT/git/case_1/blinking_by_pressing/bin/unwd-range-l1-r3/stm32_common_periph.a(uart.o)
                0x0000000008000a08                uart_init
 .text.isr_usart1
                0x0000000008000ac8        0x6 /home/luevar/Документы/nstu/IoT/git/case_1/blinking_by_pressing/bin/unwd-range-l1-r3/stm32_common_periph.a(uart.o)
                0x0000000008000ac8                isr_usart1
 .text.isr_usart2
                0x0000000008000ace        0x6 /home/luevar/Документы/nstu/IoT/git/case_1/blinking_by_pressing/bin/unwd-range-l1-r3/stm32_common_periph.a(uart.o)
                0x0000000008000ace                isr_usart2
 .text.isr_usart3
                0x0000000008000ad4        0x6 /home/luevar/Документы/nstu/IoT/git/case_1/blinking_by_pressing/bin/unwd-range-l1-r3/stm32_common_periph.a(uart.o)
                0x0000000008000ad4                isr_usart3
 .text.gpio_init
                0x0000000008000ada       0x7a /home/luevar/Документы/nstu/IoT/git/case_1/blinking_by_pressing/bin/unwd-range-l1-r3/stm32_common_periph.a(gpio.o)
                0x0000000008000ada                gpio_init
 .text.gpio_init_af
                0x0000000008000b54       0x5a /home/luevar/Документы/nstu/IoT/git/case_1/blinking_by_pressing/bin/unwd-range-l1-r3/stm32_common_periph.a(gpio.o)
                0x0000000008000b54                gpio_init_af
 .text.gpio_read
                0x0000000008000bae       0x40 /home/luevar/Документы/nstu/IoT/git/case_1/blinking_by_pressing/bin/unwd-range-l1-r3/stm32_common_periph.a(gpio.o)
                0x0000000008000bae                gpio_read
 .text.gpio_set
                0x0000000008000bee       0x16 /home/luevar/Документы/nstu/IoT/git/case_1/blinking_by_pressing/bin/unwd-range-l1-r3/stm32_common_periph.a(gpio.o)
                0x0000000008000bee                gpio_set
 .text.gpio_clear
                0x0000000008000c04       0x18 /home/luevar/Документы/nstu/IoT/git/case_1/blinking_by_pressing/bin/unwd-range-l1-r3/stm32_common_periph.a(gpio.o)
                0x0000000008000c04                gpio_clear
 .text.gpio_toggle
                0x0000000008000c1c       0x1e /home/luevar/Документы/nstu/IoT/git/case_1/blinking_by_pressing/bin/unwd-range-l1-r3/stm32_common_periph.a(gpio.o)
                0x0000000008000c1c                gpio_toggle
 *fill*         0x0000000008000c3a        0x2 
 .text.gpio_init_int
                0x0000000008000c3c       0xc0 /home/luevar/Документы/nstu/IoT/git/case_1/blinking_by_pressing/bin/unwd-range-l1-r3/stm32_common_periph.a(gpio.o)
                0x0000000008000c3c                gpio_init_int
 .text.isr_exti
                0x0000000008000cfc       0x50 /home/luevar/Документы/nstu/IoT/git/case_1/blinking_by_pressing/bin/unwd-range-l1-r3/stm32_common_periph.a(gpio.o)
                0x0000000008000cfc                isr_exti
 .text._xtimer_lltimer_now
                0x0000000008000d4c        0x6 /home/luevar/Документы/nstu/IoT/git/case_1/blinking_by_pressing/bin/unwd-range-l1-r3/xtimer.a(xtimer_core.o)
 *fill*         0x0000000008000d52        0x2 
 .text._xtimer_now
                0x0000000008000d54       0x18 /home/luevar/Документы/nstu/IoT/git/case_1/blinking_by_pressing/bin/unwd-range-l1-r3/xtimer.a(xtimer_core.o)
 .text._lltimer_set
                0x0000000008000d6c       0x14 /home/luevar/Документы/nstu/IoT/git/case_1/blinking_by_pressing/bin/unwd-range-l1-r3/xtimer.a(xtimer_core.o)
 .text._next_period
                0x0000000008000d80       0xc4 /home/luevar/Документы/nstu/IoT/git/case_1/blinking_by_pressing/bin/unwd-range-l1-r3/xtimer.a(xtimer_core.o)
 .text._periph_timer_callback
                0x0000000008000e44       0xd8 /home/luevar/Документы/nstu/IoT/git/case_1/blinking_by_pressing/bin/unwd-range-l1-r3/xtimer.a(xtimer_core.o)
 .text.xtimer_init
                0x0000000008000f1c       0x24 /home/luevar/Документы/nstu/IoT/git/case_1/blinking_by_pressing/bin/unwd-range-l1-r3/xtimer.a(xtimer_core.o)
                0x0000000008000f1c                xtimer_init
 .text.board_init
                0x0000000008000f40       0x18 /home/luevar/Документы/nstu/IoT/git/case_1/blinking_by_pressing/bin/unwd-range-l1-r3/boards_common_unwd.a(board.o)
                0x0000000008000f40                board_init
 .text.panic_arch
                0x0000000008000f58        0x2 /home/luevar/Документы/nstu/IoT/git/case_1/blinking_by_pressing/bin/unwd-range-l1-r3/core.a(panic.o)
                0x0000000008000f58                panic_arch
 *fill*         0x0000000008000f5a        0x2 
 .text.core_panic
                0x0000000008000f5c       0x44 /home/luevar/Документы/nstu/IoT/git/case_1/blinking_by_pressing/bin/unwd-range-l1-r3/core.a(panic.o)
                0x0000000008000f5c                core_panic
 .text.main_trampoline
                0x0000000008000fa0       0x18 /home/luevar/Документы/nstu/IoT/git/case_1/blinking_by_pressing/bin/unwd-range-l1-r3/core.a(kernel_init.o)
 .text.idle_thread
                0x0000000008000fb8        0x8 /home/luevar/Документы/nstu/IoT/git/case_1/blinking_by_pressing/bin/unwd-range-l1-r3/core.a(kernel_init.o)
 .text.kernel_init
                0x0000000008000fc0       0x58 /home/luevar/Документы/nstu/IoT/git/case_1/blinking_by_pressing/bin/unwd-range-l1-r3/core.a(kernel_init.o)
                0x0000000008000fc0                kernel_init
 .text.thread_add_to_list
                0x0000000008001018       0x30 /home/luevar/Документы/nstu/IoT/git/case_1/blinking_by_pressing/bin/unwd-range-l1-r3/core.a(thread.o)
                0x0000000008001018                thread_add_to_list
 .text.thread_create
                0x0000000008001048       0xec /home/luevar/Документы/nstu/IoT/git/case_1/blinking_by_pressing/bin/unwd-range-l1-r3/core.a(thread.o)
                0x0000000008001048                thread_create
 .text.cpu_check_address
                0x0000000008001134       0x38 /home/luevar/Документы/nstu/IoT/git/case_1/blinking_by_pressing/bin/unwd-range-l1-r3/cortexm_common.a(cortexm_init.o)
                0x0000000008001134                cpu_check_address
 .text.cpu_find_memory_size
                0x000000000800116c       0x1e /home/luevar/Документы/nstu/IoT/git/case_1/blinking_by_pressing/bin/unwd-range-l1-r3/cortexm_common.a(cortexm_init.o)
                0x000000000800116c                cpu_find_memory_size
 *fill*         0x000000000800118a        0x2 
 .text.cortexm_init
                0x000000000800118c       0x40 /home/luevar/Документы/nstu/IoT/git/case_1/blinking_by_pressing/bin/unwd-range-l1-r3/cortexm_common.a(cortexm_init.o)
                0x000000000800118c                cortexm_init
 .text.isrpipe_write_one
                0x00000000080011cc       0x16 /home/luevar/Документы/nstu/IoT/git/case_1/blinking_by_pressing/bin/unwd-range-l1-r3/isrpipe.a(isrpipe.o)
                0x00000000080011cc                isrpipe_write_one
 .text.isrpipe_read
                0x00000000080011e2       0x24 /home/luevar/Документы/nstu/IoT/git/case_1/blinking_by_pressing/bin/unwd-range-l1-r3/isrpipe.a(isrpipe.o)
                0x00000000080011e2                isrpipe_read
 *fill*         0x0000000008001206        0x2 
 .text.pm_set_lowest
                0x0000000008001208       0x40 /home/luevar/Документы/nstu/IoT/git/case_1/blinking_by_pressing/bin/unwd-range-l1-r3/pm_layered.a(pm.o)
                0x0000000008001208                pm_set_lowest
 .text.cpu_init
                0x0000000008001248       0x90 /home/luevar/Документы/nstu/IoT/git/case_1/blinking_by_pressing/bin/unwd-range-l1-r3/stm32_common.a(cpu_init.o)
                0x0000000008001248                cpu_init
 .text.stmclk_init_sysclk
                0x00000000080012d8      0x160 /home/luevar/Документы/nstu/IoT/git/case_1/blinking_by_pressing/bin/unwd-range-l1-r3/stm32_common.a(stmclk_l0l1.o)
                0x00000000080012d8                stmclk_init_sysclk
 .text.periph_apb_clk
                0x0000000008001438        0xc /home/luevar/Документы/nstu/IoT/git/case_1/blinking_by_pressing/bin/unwd-range-l1-r3/stm32_common.a(cpu_common.o)
                0x0000000008001438                periph_apb_clk
 .text.periph_timer_clk
                0x0000000008001444       0x14 /home/luevar/Документы/nstu/IoT/git/case_1/blinking_by_pressing/bin/unwd-range-l1-r3/stm32_common.a(cpu_common.o)
                0x0000000008001444                periph_timer_clk
 .text.periph_clk_en
                0x0000000008001458       0x34 /home/luevar/Документы/nstu/IoT/git/case_1/blinking_by_pressing/bin/unwd-range-l1-r3/stm32_common.a(cpu_common.o)
                0x0000000008001458                periph_clk_en
 .text.periph_clk_dis
                0x000000000800148c       0x34 /home/luevar/Документы/nstu/IoT/git/case_1/blinking_by_pressing/bin/unwd-range-l1-r3/stm32_common.a(cpu_common.o)
                0x000000000800148c                periph_clk_dis
 .text.is_periph_clk
                0x00000000080014c0       0x30 /home/luevar/Документы/nstu/IoT/git/case_1/blinking_by_pressing/bin/unwd-range-l1-r3/stm32_common.a(cpu_common.o)
                0x00000000080014c0                is_periph_clk
 .text.cpu_init_status
                0x00000000080014f0       0x78 /home/luevar/Документы/nstu/IoT/git/case_1/blinking_by_pressing/bin/unwd-range-l1-r3/stm32_common.a(stm_status.o)
                0x00000000080014f0                cpu_init_status
 .text.irq_handler
                0x0000000008001568       0x78 /home/luevar/Документы/nstu/IoT/git/case_1/blinking_by_pressing/bin/unwd-range-l1-r3/stm32_common_periph.a(timer.o)
 .text.timer_set_absolute
                0x00000000080015e0       0x40 /home/luevar/Документы/nstu/IoT/git/case_1/blinking_by_pressing/bin/unwd-range-l1-r3/stm32_common_periph.a(timer.o)
                0x00000000080015e0                timer_set_absolute
 .text.timer_read
                0x0000000008001620       0x10 /home/luevar/Документы/nstu/IoT/git/case_1/blinking_by_pressing/bin/unwd-range-l1-r3/stm32_common_periph.a(timer.o)
                0x0000000008001620                timer_read
 .text.timer_start
                0x0000000008001630       0x14 /home/luevar/Документы/nstu/IoT/git/case_1/blinking_by_pressing/bin/unwd-range-l1-r3/stm32_common_periph.a(timer.o)
                0x0000000008001630                timer_start
 .text.timer_init
                0x0000000008001644       0x84 /home/luevar/Документы/nstu/IoT/git/case_1/blinking_by_pressing/bin/unwd-range-l1-r3/stm32_common_periph.a(timer.o)
                0x0000000008001644                timer_init
 .text.isr_tim11
                0x00000000080016c8        0x6 /home/luevar/Документы/nstu/IoT/git/case_1/blinking_by_pressing/bin/unwd-range-l1-r3/stm32_common_periph.a(timer.o)
                0x00000000080016c8                isr_tim11
 .text.isr_tim9
                0x00000000080016ce        0x6 /home/luevar/Документы/nstu/IoT/git/case_1/blinking_by_pressing/bin/unwd-range-l1-r3/stm32_common_periph.a(timer.o)
                0x00000000080016ce                isr_tim9
 .text._pop     0x00000000080016d4       0x12 /home/luevar/Документы/nstu/IoT/git/case_1/blinking_by_pressing/bin/unwd-range-l1-r3/tsrb.a(tsrb.o)
 .text.tsrb_get
                0x00000000080016e6       0x26 /home/luevar/Документы/nstu/IoT/git/case_1/blinking_by_pressing/bin/unwd-range-l1-r3/tsrb.a(tsrb.o)
                0x00000000080016e6                tsrb_get
 .text.tsrb_add_one
                0x000000000800170c       0x26 /home/luevar/Документы/nstu/IoT/git/case_1/blinking_by_pressing/bin/unwd-range-l1-r3/tsrb.a(tsrb.o)
                0x000000000800170c                tsrb_add_one
 .text.periph_init
                0x0000000008001732        0x2 /home/luevar/Документы/nstu/IoT/git/case_1/blinking_by_pressing/bin/unwd-range-l1-r3/periph_common.a(init.o)
                0x0000000008001732                periph_init
 .text.btn_handler
                0x0000000008001734       0x44 /home/luevar/Документы/nstu/IoT/git/case_1/blinking_by_pressing/bin/unwd-range-l1-r3/application_blinking_by_pressing.a(blinking_by_pressing.o)
 .text.startup.main
                0x0000000008001778       0x2c /home/luevar/Документы/nstu/IoT/git/case_1/blinking_by_pressing/bin/unwd-range-l1-r3/application_blinking_by_pressing.a(blinking_by_pressing.o)
                0x0000000008001778                main
 .text.auto_init
                0x00000000080017a4        0x4 /home/luevar/Документы/nstu/IoT/git/case_1/blinking_by_pressing/bin/unwd-range-l1-r3/auto_init.a(auto_init.o)
                0x00000000080017a4                auto_init
 .text._mutex_lock
                0x00000000080017a8       0x60 /home/luevar/Документы/nstu/IoT/git/case_1/blinking_by_pressing/bin/unwd-range-l1-r3/core.a(mutex.o)
                0x00000000080017a8                _mutex_lock
 .text.mutex_unlock
                0x0000000008001808       0x4c /home/luevar/Документы/nstu/IoT/git/case_1/blinking_by_pressing/bin/unwd-range-l1-r3/core.a(mutex.o)
                0x0000000008001808                mutex_unlock
 .text.__libc_init_array
                0x0000000008001854       0x48 /usr/bin/../lib/gcc/arm-none-eabi/7.3.1/../../../../arm-none-eabi/lib/thumb/v7-m/libc_nano.a(lib_a-init.o)
                0x0000000008001854                __libc_init_array
 .text.printf   0x000000000800189c       0x30 /usr/bin/../lib/gcc/arm-none-eabi/7.3.1/../../../../arm-none-eabi/lib/thumb/v7-m/libc_nano.a(lib_a-printf.o)
                0x000000000800189c                printf
                0x000000000800189c                iprintf
 .text._puts_r  0x00000000080018cc       0xb8 /usr/bin/../lib/gcc/arm-none-eabi/7.3.1/../../../../arm-none-eabi/lib/thumb/v7-m/libc_nano.a(lib_a-puts.o)
                0x00000000080018cc                _puts_r
 .text.puts     0x0000000008001984       0x10 /usr/bin/../lib/gcc/arm-none-eabi/7.3.1/../../../../arm-none-eabi/lib/thumb/v7-m/libc_nano.a(lib_a-puts.o)
                0x0000000008001984                puts
 .text.__swbuf_r
                0x0000000008001994       0xa4 /usr/bin/../lib/gcc/arm-none-eabi/7.3.1/../../../../arm-none-eabi/lib/thumb/v7-m/libc_nano.a(lib_a-wbuf.o)
                0x0000000008001994                __swbuf_r
 .text.__swsetup_r
                0x0000000008001a38       0xdc /usr/bin/../lib/gcc/arm-none-eabi/7.3.1/../../../../arm-none-eabi/lib/thumb/v7-m/libc_nano.a(lib_a-wsetup.o)
                0x0000000008001a38                __swsetup_r
 .text.__sflush_r
                0x0000000008001b14      0x10c /usr/bin/../lib/gcc/arm-none-eabi/7.3.1/../../../../arm-none-eabi/lib/thumb/v7-m/libc_nano.a(lib_a-fflush.o)
                0x0000000008001b14                __sflush_r
 .text._fflush_r
                0x0000000008001c20       0x54 /usr/bin/../lib/gcc/arm-none-eabi/7.3.1/../../../../arm-none-eabi/lib/thumb/v7-m/libc_nano.a(lib_a-fflush.o)
                0x0000000008001c20                _fflush_r
 .text.std      0x0000000008001c74       0x48 /usr/bin/../lib/gcc/arm-none-eabi/7.3.1/../../../../arm-none-eabi/lib/thumb/v7-m/libc_nano.a(lib_a-findfp.o)
 .text._cleanup_r
                0x0000000008001cbc        0xc /usr/bin/../lib/gcc/arm-none-eabi/7.3.1/../../../../arm-none-eabi/lib/thumb/v7-m/libc_nano.a(lib_a-findfp.o)
                0x0000000008001cbc                _cleanup_r
 .text.__sfmoreglue
                0x0000000008001cc8       0x2c /usr/bin/../lib/gcc/arm-none-eabi/7.3.1/../../../../arm-none-eabi/lib/thumb/v7-m/libc_nano.a(lib_a-findfp.o)
                0x0000000008001cc8                __sfmoreglue
 .text.__sinit  0x0000000008001cf4       0x60 /usr/bin/../lib/gcc/arm-none-eabi/7.3.1/../../../../arm-none-eabi/lib/thumb/v7-m/libc_nano.a(lib_a-findfp.o)
                0x0000000008001cf4                __sinit
 .text.__sfp    0x0000000008001d54       0x78 /usr/bin/../lib/gcc/arm-none-eabi/7.3.1/../../../../arm-none-eabi/lib/thumb/v7-m/libc_nano.a(lib_a-findfp.o)
                0x0000000008001d54                __sfp
 .text._fwalk_reent
                0x0000000008001dcc       0x3c /usr/bin/../lib/gcc/arm-none-eabi/7.3.1/../../../../arm-none-eabi/lib/thumb/v7-m/libc_nano.a(lib_a-fwalk.o)
                0x0000000008001dcc                _fwalk_reent
 .text.__swhatbuf_r
                0x0000000008001e08       0x48 /usr/bin/../lib/gcc/arm-none-eabi/7.3.1/../../../../arm-none-eabi/lib/thumb/v7-m/libc_nano.a(lib_a-makebuf.o)
                0x0000000008001e08                __swhatbuf_r
 .text.__smakebuf_r
                0x0000000008001e50       0x80 /usr/bin/../lib/gcc/arm-none-eabi/7.3.1/../../../../arm-none-eabi/lib/thumb/v7-m/libc_nano.a(lib_a-makebuf.o)
                0x0000000008001e50                __smakebuf_r
 .text.memset   0x0000000008001ed0       0x10 /usr/bin/../lib/gcc/arm-none-eabi/7.3.1/../../../../arm-none-eabi/lib/thumb/v7-m/libc_nano.a(lib_a-memset.o)
                0x0000000008001ed0                memset
 .text._free_r  0x0000000008001ee0       0x98 /usr/bin/../lib/gcc/arm-none-eabi/7.3.1/../../../../arm-none-eabi/lib/thumb/v7-m/libc_nano.a(lib_a-nano-freer.o)
                0x0000000008001ee0                _free_r
 .text._malloc_r
                0x0000000008001f78       0xb4 /usr/bin/../lib/gcc/arm-none-eabi/7.3.1/../../../../arm-none-eabi/lib/thumb/v7-m/libc_nano.a(lib_a-nano-mallocr.o)
                0x0000000008001f78                _malloc_r
 .text.__sfputc_r
                0x000000000800202c       0x2a /usr/bin/../lib/gcc/arm-none-eabi/7.3.1/../../../../arm-none-eabi/lib/thumb/v7-m/libc_nano.a(lib_a-nano-vfprintf.o)
 .text.__sfputs_r
                0x0000000008002056       0x24 /usr/bin/../lib/gcc/arm-none-eabi/7.3.1/../../../../arm-none-eabi/lib/thumb/v7-m/libc_nano.a(lib_a-nano-vfprintf.o)
                0x0000000008002056                __sfputs_r
 *fill*         0x000000000800207a        0x2 
 .text._vfprintf_r
                0x000000000800207c      0x22c /usr/bin/../lib/gcc/arm-none-eabi/7.3.1/../../../../arm-none-eabi/lib/thumb/v7-m/libc_nano.a(lib_a-nano-vfprintf.o)
                0x000000000800207c                _vfiprintf_r
                0x000000000800207c                _vfprintf_r
 .text._printf_common
                0x00000000080022a8       0xec /usr/bin/../lib/gcc/arm-none-eabi/7.3.1/../../../../arm-none-eabi/lib/thumb/v7-m/libc_nano.a(lib_a-nano-vfprintf_i.o)
                0x00000000080022a8                _printf_common
 .text._printf_i
                0x0000000008002394      0x224 /usr/bin/../lib/gcc/arm-none-eabi/7.3.1/../../../../arm-none-eabi/lib/thumb/v7-m/libc_nano.a(lib_a-nano-vfprintf_i.o)
                0x0000000008002394                _printf_i
 .text.__sread  0x00000000080025b8       0x22 /usr/bin/../lib/gcc/arm-none-eabi/7.3.1/../../../../arm-none-eabi/lib/thumb/v7-m/libc_nano.a(lib_a-stdio.o)
                0x00000000080025b8                __sread
 .text.__swrite
                0x00000000080025da       0x38 /usr/bin/../lib/gcc/arm-none-eabi/7.3.1/../../../../arm-none-eabi/lib/thumb/v7-m/libc_nano.a(lib_a-stdio.o)
                0x00000000080025da                __swrite
 .text.__sseek  0x0000000008002612       0x24 /usr/bin/../lib/gcc/arm-none-eabi/7.3.1/../../../../arm-none-eabi/lib/thumb/v7-m/libc_nano.a(lib_a-stdio.o)
                0x0000000008002612                __sseek
 .text.__sclose
                0x0000000008002636        0x8 /usr/bin/../lib/gcc/arm-none-eabi/7.3.1/../../../../arm-none-eabi/lib/thumb/v7-m/libc_nano.a(lib_a-stdio.o)
                0x0000000008002636                __sclose
 .text.memchr   0x000000000800263e       0x1c /usr/bin/../lib/gcc/arm-none-eabi/7.3.1/../../../../arm-none-eabi/lib/thumb/v7-m/libc_nano.a(lib_a-memchr-stub.o)
                0x000000000800263e                memchr
 .text.__malloc_lock
                0x000000000800265a        0x2 /usr/bin/../lib/gcc/arm-none-eabi/7.3.1/../../../../arm-none-eabi/lib/thumb/v7-m/libc_nano.a(lib_a-mlock.o)
                0x000000000800265a                __malloc_lock
 .text.__malloc_unlock
                0x000000000800265c        0x2 /usr/bin/../lib/gcc/arm-none-eabi/7.3.1/../../../../arm-none-eabi/lib/thumb/v7-m/libc_nano.a(lib_a-mlock.o)
                0x000000000800265c                __malloc_unlock
 *(.glue_7t)
 .glue_7t       0x000000000800265e        0x0 linker stubs
 *(.glue_7)
 .glue_7        0x000000000800265e        0x0 linker stubs
 *(.rodata .rodata* .gnu.linkonce.r.*)
 .rodata.bus_fault_default.str1.1
                0x000000000800265e       0x12 /home/luevar/Документы/nstu/IoT/git/case_1/blinking_by_pressing/bin/unwd-range-l1-r3/cortexm_common.a(vectors_cortexm.o)
 .rodata.debug_mon_default.str1.1
                0x0000000008002670       0x12 /home/luevar/Документы/nstu/IoT/git/case_1/blinking_by_pressing/bin/unwd-range-l1-r3/cortexm_common.a(vectors_cortexm.o)
 .rodata.dummy_handler_default.str1.1
                0x0000000008002682        0xe /home/luevar/Документы/nstu/IoT/git/case_1/blinking_by_pressing/bin/unwd-range-l1-r3/cortexm_common.a(vectors_cortexm.o)
 .rodata.hard_fault_handler.str1.1
                0x0000000008002690      0x1f4 /home/luevar/Документы/nstu/IoT/git/case_1/blinking_by_pressing/bin/unwd-range-l1-r3/cortexm_common.a(vectors_cortexm.o)
 .rodata.mem_manage_default.str1.1
                0x0000000008002884       0x13 /home/luevar/Документы/nstu/IoT/git/case_1/blinking_by_pressing/bin/unwd-range-l1-r3/cortexm_common.a(vectors_cortexm.o)
 .rodata.nmi_default.str1.1
                0x0000000008002897        0xc /home/luevar/Документы/nstu/IoT/git/case_1/blinking_by_pressing/bin/unwd-range-l1-r3/cortexm_common.a(vectors_cortexm.o)
 .rodata.usage_fault_default.str1.1
                0x00000000080028a3       0x14 /home/luevar/Документы/nstu/IoT/git/case_1/blinking_by_pressing/bin/unwd-range-l1-r3/cortexm_common.a(vectors_cortexm.o)
 *fill*         0x00000000080028b7        0x1 
 .rodata.uart_config
                0x00000000080028b8       0x48 /home/luevar/Документы/nstu/IoT/git/case_1/blinking_by_pressing/bin/unwd-range-l1-r3/stm32_common_periph.a(pm.o)
 .rodata.uart_config
                0x0000000008002900       0x48 /home/luevar/Документы/nstu/IoT/git/case_1/blinking_by_pressing/bin/unwd-range-l1-r3/stm32_common_periph.a(uart.o)
 .rodata.assert_crash_message
                0x0000000008002948       0x12 /home/luevar/Документы/nstu/IoT/git/case_1/blinking_by_pressing/bin/unwd-range-l1-r3/core.a(panic.o)
                0x0000000008002948                assert_crash_message
 .rodata.core_panic.str1.1
                0x000000000800295a       0x2e /home/luevar/Документы/nstu/IoT/git/case_1/blinking_by_pressing/bin/unwd-range-l1-r3/core.a(panic.o)
 .rodata.main_trampoline.str1.1
                0x0000000008002988       0x30 /home/luevar/Документы/nstu/IoT/git/case_1/blinking_by_pressing/bin/unwd-range-l1-r3/core.a(kernel_init.o)
 .rodata.str1.1
                0x00000000080029b8        0xa /home/luevar/Документы/nstu/IoT/git/case_1/blinking_by_pressing/bin/unwd-range-l1-r3/core.a(kernel_init.o)
 .rodata.apbmul
                0x00000000080029c2        0x2 /home/luevar/Документы/nstu/IoT/git/case_1/blinking_by_pressing/bin/unwd-range-l1-r3/stm32_common.a(cpu_common.o)
 .rodata.CSWTCH.1
                0x00000000080029c4       0x22 /home/luevar/Документы/nstu/IoT/git/case_1/blinking_by_pressing/bin/unwd-range-l1-r3/stm32_common.a(stm_status.o)
 *fill*         0x00000000080029e6        0x2 
 .rodata.timer_config
                0x00000000080029e8       0x20 /home/luevar/Документы/nstu/IoT/git/case_1/blinking_by_pressing/bin/unwd-range-l1-r3/stm32_common_periph.a(timer.o)
 .rodata.btn_handler.str1.1
                0x0000000008002a08        0xd /home/luevar/Документы/nstu/IoT/git/case_1/blinking_by_pressing/bin/unwd-range-l1-r3/application_blinking_by_pressing.a(blinking_by_pressing.o)
 *fill*         0x0000000008002a15        0x3 
 .rodata._global_impure_ptr
                0x0000000008002a18        0x4 /usr/bin/../lib/gcc/arm-none-eabi/7.3.1/../../../../arm-none-eabi/lib/thumb/v7-m/libc_nano.a(lib_a-impure.o)
                0x0000000008002a18                _global_impure_ptr
 .rodata.__sf_fake_stderr
                0x0000000008002a1c       0x20 /usr/bin/../lib/gcc/arm-none-eabi/7.3.1/../../../../arm-none-eabi/lib/thumb/v7-m/libc_nano.a(lib_a-findfp.o)
                0x0000000008002a1c                __sf_fake_stderr
 .rodata.__sf_fake_stdin
                0x0000000008002a3c       0x20 /usr/bin/../lib/gcc/arm-none-eabi/7.3.1/../../../../arm-none-eabi/lib/thumb/v7-m/libc_nano.a(lib_a-findfp.o)
                0x0000000008002a3c                __sf_fake_stdin
 .rodata.__sf_fake_stdout
                0x0000000008002a5c       0x20 /usr/bin/../lib/gcc/arm-none-eabi/7.3.1/../../../../arm-none-eabi/lib/thumb/v7-m/libc_nano.a(lib_a-findfp.o)
                0x0000000008002a5c                __sf_fake_stdout
 .rodata._vfprintf_r.str1.1
                0x0000000008002a7c       0x11 /usr/bin/../lib/gcc/arm-none-eabi/7.3.1/../../../../arm-none-eabi/lib/thumb/v7-m/libc_nano.a(lib_a-nano-vfprintf.o)
 .rodata._printf_i.str1.1
                0x0000000008002a8d       0x22 /usr/bin/../lib/gcc/arm-none-eabi/7.3.1/../../../../arm-none-eabi/lib/thumb/v7-m/libc_nano.a(lib_a-nano-vfprintf_i.o)
 *(.ARM.extab* .gnu.linkonce.armextab.*)
                0x0000000008002ab0                . = ALIGN (0x4)
 *fill*         0x0000000008002aaf        0x1 
 *(.init)
                0x0000000008002ab0                . = ALIGN (0x4)
                0x0000000008002ab0                __preinit_array_start = .
 *(.preinit_array)
                0x0000000008002ab0                __preinit_array_end = .
                0x0000000008002ab0                . = ALIGN (0x4)
                0x0000000008002ab0                __init_array_start = .
 *(SORT_BY_NAME(.init_array.*))
 *(.init_array)
                0x0000000008002ab0                __init_array_end = .
                0x0000000008002ab0                . = ALIGN (0x4)
 *crtbegin.o(.ctors)
 *(EXCLUDE_FILE(*crtend.o) .ctors)
 *(SORT_BY_NAME(.ctors.*))
 *crtend.o(.ctors)
                0x0000000008002ab0                . = ALIGN (0x4)
 *(.fini)
                0x0000000008002ab0                . = ALIGN (0x4)
                0x0000000008002ab0                __fini_array_start = .
 *(.fini_array)
 *(SORT_BY_NAME(.fini_array.*))
                0x0000000008002ab0                __fini_array_end = .
 *crtbegin.o(.dtors)
 *(EXCLUDE_FILE(*crtend.o) .dtors)
 *(SORT_BY_NAME(.dtors.*))
 *crtend.o(.dtors)
                0x0000000008002ab0                . = ALIGN (0x4)
                0x0000000008002ab0                _efixed = .
                [!provide]                        PROVIDE (__exidx_start = .)

.vfp11_veneer   0x0000000008002ab0        0x0
 .vfp11_veneer  0x0000000008002ab0        0x0 linker stubs

.v4_bx          0x0000000008002ab0        0x0
 .v4_bx         0x0000000008002ab0        0x0 linker stubs

.iplt           0x0000000008002ab0        0x0
 .iplt          0x0000000008002ab0        0x0 /home/luevar/Документы/nstu/IoT/git/case_1/blinking_by_pressing/bin/unwd-range-l1-r3/cpu/vectors.o

.igot.plt       0x0000000008002ab0        0x0
 .igot.plt      0x0000000008002ab0        0x0 /home/luevar/Документы/nstu/IoT/git/case_1/blinking_by_pressing/bin/unwd-range-l1-r3/cpu/vectors.o

.rel.dyn        0x0000000008002ab0        0x0
 .rel.iplt      0x0000000008002ab0        0x0 /home/luevar/Документы/nstu/IoT/git/case_1/blinking_by_pressing/bin/unwd-range-l1-r3/cpu/vectors.o

.ARM.exidx
 *(.ARM.exidx* .gnu.linkonce.armexidx.*)
                [!provide]                        PROVIDE (__exidx_end = .)
                0x0000000008002ab0                . = ALIGN (0x4)

.eh_frame
 *(.eh_frame)
                0x0000000008002ab0                . = ALIGN (0x4)
                0x0000000008002ab0                _etext = .

.stack          0x0000000020000000      0x200
 *(.puf)
                0x0000000020000000                . = ALIGN (0x8)
                0x0000000020000000                _sstack = .
 *(.isr_stack)
 .isr_stack     0x0000000020000000      0x200 /home/luevar/Документы/nstu/IoT/git/case_1/blinking_by_pressing/bin/unwd-range-l1-r3/cortexm_common.a(vectors_cortexm.o)
                0x0000000020000000                isr_stack
                0x0000000020000200                . = ALIGN (0x8)
                0x0000000020000200                _estack = .

.relocate       0x0000000020000200       0x8c load address 0x0000000008002ab0
                0x0000000020000200                . = ALIGN (0x4)
                0x0000000020000200                _srelocate = .
 *(.ramfunc .ramfunc.*)
 *(.data .data.*)
 .data.heap_top
                0x0000000020000200        0x4 /home/luevar/Документы/nstu/IoT/git/case_1/blinking_by_pressing/bin/unwd-range-l1-r3/newlib_syscalls_default/syscalls.o
                0x0000000020000200                heap_top
 .data.stdio_uart_isrpipe
                0x0000000020000204       0x14 /home/luevar/Документы/nstu/IoT/git/case_1/blinking_by_pressing/bin/unwd-range-l1-r3/stdio_uart.a(stdio_uart.o)
                0x0000000020000204                stdio_uart_isrpipe
 .data.idle_name
                0x0000000020000218        0x4 /home/luevar/Документы/nstu/IoT/git/case_1/blinking_by_pressing/bin/unwd-range-l1-r3/core.a(kernel_init.o)
                0x0000000020000218                idle_name
 .data.main_name
                0x000000002000021c        0x4 /home/luevar/Документы/nstu/IoT/git/case_1/blinking_by_pressing/bin/unwd-range-l1-r3/core.a(kernel_init.o)
                0x000000002000021c                main_name
 .data.pm_blocker
                0x0000000020000220        0x4 /home/luevar/Документы/nstu/IoT/git/case_1/blinking_by_pressing/bin/unwd-range-l1-r3/pm_layered.a(pm.o)
                0x0000000020000220                pm_blocker
 .data._impure_ptr
                0x0000000020000224        0x4 /usr/bin/../lib/gcc/arm-none-eabi/7.3.1/../../../../arm-none-eabi/lib/thumb/v7-m/libc_nano.a(lib_a-impure.o)
                0x0000000020000224                _impure_ptr
 .data.impure_data
                0x0000000020000228       0x60 /usr/bin/../lib/gcc/arm-none-eabi/7.3.1/../../../../arm-none-eabi/lib/thumb/v7-m/libc_nano.a(lib_a-impure.o)
 *(.openocd .openocd.*)
 .openocd       0x0000000020000288        0x2 /home/luevar/Документы/nstu/IoT/git/case_1/blinking_by_pressing/bin/unwd-range-l1-r3/core.a(sched.o)
                0x0000000020000288                _tcb_name_offset
                0x0000000020000289                max_threads
                0x000000002000028c                . = ALIGN (0x4)
 *fill*         0x000000002000028a        0x2 
                0x000000002000028c                _erelocate = .

.noinit         0x000000002000028c        0x0 load address 0x0000000008002b3c
                0x000000002000028c                __noinit_start = .
 *(.noinit)
                0x000000002000028c                . = ALIGN (0x4)
                0x000000002000028c                __noinit_end = .

.bss            0x000000002000028c      0xf84 load address 0x0000000008002b3c
                0x000000002000028c                . = ALIGN (0x4)
                0x000000002000028c                _sbss = .
                0x000000002000028c                _szero = .
 *(.bss .bss.*)
 .bss.runqueue_bitcache
                0x000000002000028c        0x4 /home/luevar/Документы/nstu/IoT/git/case_1/blinking_by_pressing/bin/unwd-range-l1-r3/core.a(sched.o)
 .bss.sched_active_pid
                0x0000000020000290        0x2 /home/luevar/Документы/nstu/IoT/git/case_1/blinking_by_pressing/bin/unwd-range-l1-r3/core.a(sched.o)
                0x0000000020000290                sched_active_pid
 *fill*         0x0000000020000292        0x2 
 .bss.sched_active_thread
                0x0000000020000294        0x4 /home/luevar/Документы/nstu/IoT/git/case_1/blinking_by_pressing/bin/unwd-range-l1-r3/core.a(sched.o)
                0x0000000020000294                sched_active_thread
 .bss.sched_context_switch_request
                0x0000000020000298        0x4 /home/luevar/Документы/nstu/IoT/git/case_1/blinking_by_pressing/bin/unwd-range-l1-r3/core.a(sched.o)
                0x0000000020000298                sched_context_switch_request
 .bss.sched_num_threads
                0x000000002000029c        0x4 /home/luevar/Документы/nstu/IoT/git/case_1/blinking_by_pressing/bin/unwd-range-l1-r3/core.a(sched.o)
                0x000000002000029c                sched_num_threads
 .bss.sched_runqueues
                0x00000000200002a0       0x40 /home/luevar/Документы/nstu/IoT/git/case_1/blinking_by_pressing/bin/unwd-range-l1-r3/core.a(sched.o)
                0x00000000200002a0                sched_runqueues
 .bss.sched_threads
                0x00000000200002e0       0x84 /home/luevar/Документы/nstu/IoT/git/case_1/blinking_by_pressing/bin/unwd-range-l1-r3/core.a(sched.o)
                0x00000000200002e0                sched_threads
 .bss._rx_buf_mem
                0x0000000020000364       0x40 /home/luevar/Документы/nstu/IoT/git/case_1/blinking_by_pressing/bin/unwd-range-l1-r3/stdio_uart.a(stdio_uart.o)
 .bss.lpm_gpio_brr
                0x00000000200003a4       0x10 /home/luevar/Документы/nstu/IoT/git/case_1/blinking_by_pressing/bin/unwd-range-l1-r3/stm32_common_periph.a(pm.o)
 .bss.lpm_gpio_moder
                0x00000000200003b4       0x20 /home/luevar/Документы/nstu/IoT/git/case_1/blinking_by_pressing/bin/unwd-range-l1-r3/stm32_common_periph.a(pm.o)
 .bss.lpm_gpio_otyper
                0x00000000200003d4       0x10 /home/luevar/Документы/nstu/IoT/git/case_1/blinking_by_pressing/bin/unwd-range-l1-r3/stm32_common_periph.a(pm.o)
 .bss.lpm_gpio_pupdr
                0x00000000200003e4       0x20 /home/luevar/Документы/nstu/IoT/git/case_1/blinking_by_pressing/bin/unwd-range-l1-r3/stm32_common_periph.a(pm.o)
 .bss.lpm_usart
                0x0000000020000404        0x3 /home/luevar/Документы/nstu/IoT/git/case_1/blinking_by_pressing/bin/unwd-range-l1-r3/stm32_common_periph.a(pm.o)
 .bss.powermode
                0x0000000020000407        0x1 /home/luevar/Документы/nstu/IoT/git/case_1/blinking_by_pressing/bin/unwd-range-l1-r3/stm32_common_periph.a(pm.o)
 .bss.isr_ctx   0x0000000020000408       0x24 /home/luevar/Документы/nstu/IoT/git/case_1/blinking_by_pressing/bin/unwd-range-l1-r3/stm32_common_periph.a(uart.o)
 .bss.isr_ctx   0x000000002000042c       0x80 /home/luevar/Документы/nstu/IoT/git/case_1/blinking_by_pressing/bin/unwd-range-l1-r3/stm32_common_periph.a(gpio.o)
 .bss._in_handler
                0x00000000200004ac        0x4 /home/luevar/Документы/nstu/IoT/git/case_1/blinking_by_pressing/bin/unwd-range-l1-r3/xtimer.a(xtimer_core.o)
 .bss._long_cnt
                0x00000000200004b0        0x4 /home/luevar/Документы/nstu/IoT/git/case_1/blinking_by_pressing/bin/unwd-range-l1-r3/xtimer.a(xtimer_core.o)
 .bss._xtimer_high_cnt
                0x00000000200004b4        0x4 /home/luevar/Документы/nstu/IoT/git/case_1/blinking_by_pressing/bin/unwd-range-l1-r3/xtimer.a(xtimer_core.o)
                0x00000000200004b4                _xtimer_high_cnt
 .bss.long_list_head
                0x00000000200004b8        0x4 /home/luevar/Документы/nstu/IoT/git/case_1/blinking_by_pressing/bin/unwd-range-l1-r3/xtimer.a(xtimer_core.o)
 .bss.overflow_list_head
                0x00000000200004bc        0x4 /home/luevar/Документы/nstu/IoT/git/case_1/blinking_by_pressing/bin/unwd-range-l1-r3/xtimer.a(xtimer_core.o)
 .bss.timer_list_head
                0x00000000200004c0        0x4 /home/luevar/Документы/nstu/IoT/git/case_1/blinking_by_pressing/bin/unwd-range-l1-r3/xtimer.a(xtimer_core.o)
 .bss.crashed   0x00000000200004c4        0x4 /home/luevar/Документы/nstu/IoT/git/case_1/blinking_by_pressing/bin/unwd-range-l1-r3/core.a(panic.o)
 .bss.idle_stack
                0x00000000200004c8      0x100 /home/luevar/Документы/nstu/IoT/git/case_1/blinking_by_pressing/bin/unwd-range-l1-r3/core.a(kernel_init.o)
 .bss.main_stack
                0x00000000200005c8      0xc00 /home/luevar/Документы/nstu/IoT/git/case_1/blinking_by_pressing/bin/unwd-range-l1-r3/core.a(kernel_init.o)
 .bss.clock_source_rdy
                0x00000000200011c8        0x4 /home/luevar/Документы/nstu/IoT/git/case_1/blinking_by_pressing/bin/unwd-range-l1-r3/stm32_common.a(stmclk_l0l1.o)
 .bss.cpu_status
                0x00000000200011cc       0x28 /home/luevar/Документы/nstu/IoT/git/case_1/blinking_by_pressing/bin/unwd-range-l1-r3/stm32_common.a(stm_status.o)
                0x00000000200011cc                cpu_status
 .bss.isr_ctx   0x00000000200011f4       0x10 /home/luevar/Документы/nstu/IoT/git/case_1/blinking_by_pressing/bin/unwd-range-l1-r3/stm32_common_periph.a(timer.o)
 .bss.last_button_press
                0x0000000020001204        0x4 /home/luevar/Документы/nstu/IoT/git/case_1/blinking_by_pressing/bin/unwd-range-l1-r3/application_blinking_by_pressing.a(blinking_by_pressing.o)
                0x0000000020001204                last_button_press
 .bss.__malloc_free_list
                0x0000000020001208        0x4 /usr/bin/../lib/gcc/arm-none-eabi/7.3.1/../../../../arm-none-eabi/lib/thumb/v7-m/libc_nano.a(lib_a-nano-mallocr.o)
                0x0000000020001208                __malloc_free_list
 .bss.__malloc_sbrk_start
                0x000000002000120c        0x4 /usr/bin/../lib/gcc/arm-none-eabi/7.3.1/../../../../arm-none-eabi/lib/thumb/v7-m/libc_nano.a(lib_a-nano-mallocr.o)
                0x000000002000120c                __malloc_sbrk_start
 *(COMMON)
                0x0000000020001210                . = ALIGN (0x4)
                0x0000000020001210                _ebss = .
                0x0000000020001210                _ezero = .
                0x0000000020001210                . = ALIGN (0x4)
                0x0000000020001210                _sheap = .
                0x0000000020014000                _eheap = (ORIGIN (ram) + LENGTH (ram))
                0x0000000020000000                _sram = ORIGIN (ram)
                0x0000000020014000                _eram = (ORIGIN (ram) + LENGTH (ram))
OUTPUT(/home/luevar/Документы/nstu/IoT/git/case_1/blinking_by_pressing/bin/unwd-range-l1-r3/blinking_by_pressing.elf elf32-littlearm)

.debug_info     0x0000000000000000    0x2548e
 .debug_info    0x0000000000000000       0xfe /home/luevar/Документы/nstu/IoT/git/case_1/blinking_by_pressing/bin/unwd-range-l1-r3/cpu/vectors.o
 .debug_info    0x00000000000000fe     0x20cc /home/luevar/Документы/nstu/IoT/git/case_1/blinking_by_pressing/bin/unwd-range-l1-r3/newlib_syscalls_default/syscalls.o
 .debug_info    0x00000000000021ca      0xec0 /home/luevar/Документы/nstu/IoT/git/case_1/blinking_by_pressing/bin/unwd-range-l1-r3/core.a(sched.o)
 .debug_info    0x000000000000308a     0x10fe /home/luevar/Документы/nstu/IoT/git/case_1/blinking_by_pressing/bin/unwd-range-l1-r3/cortexm_common.a(thread_arch.o)
 .debug_info    0x0000000000004188     0x1583 /home/luevar/Документы/nstu/IoT/git/case_1/blinking_by_pressing/bin/unwd-range-l1-r3/cortexm_common.a(vectors_cortexm.o)
 .debug_info    0x000000000000570b      0xe15 /home/luevar/Документы/nstu/IoT/git/case_1/blinking_by_pressing/bin/unwd-range-l1-r3/cortexm_common.a(irq_arch.o)
 .debug_info    0x0000000000006520     0x18cc /home/luevar/Документы/nstu/IoT/git/case_1/blinking_by_pressing/bin/unwd-range-l1-r3/stdio_uart.a(stdio_uart.o)
 .debug_info    0x0000000000007dec     0x1f46 /home/luevar/Документы/nstu/IoT/git/case_1/blinking_by_pressing/bin/unwd-range-l1-r3/stm32_common_periph.a(pm.o)
 .debug_info    0x0000000000009d32     0x21d8 /home/luevar/Документы/nstu/IoT/git/case_1/blinking_by_pressing/bin/unwd-range-l1-r3/stm32_common_periph.a(uart.o)
 .debug_info    0x000000000000bf0a     0x23bb /home/luevar/Документы/nstu/IoT/git/case_1/blinking_by_pressing/bin/unwd-range-l1-r3/stm32_common_periph.a(gpio.o)
 .debug_info    0x000000000000e2c5     0x24d7 /home/luevar/Документы/nstu/IoT/git/case_1/blinking_by_pressing/bin/unwd-range-l1-r3/xtimer.a(xtimer_core.o)
 .debug_info    0x000000000001079c     0x173f /home/luevar/Документы/nstu/IoT/git/case_1/blinking_by_pressing/bin/unwd-range-l1-r3/boards_common_unwd.a(board.o)
 .debug_info    0x0000000000011edb      0xe61 /home/luevar/Документы/nstu/IoT/git/case_1/blinking_by_pressing/bin/unwd-range-l1-r3/core.a(panic.o)
 .debug_info    0x0000000000012d3c      0xecb /home/luevar/Документы/nstu/IoT/git/case_1/blinking_by_pressing/bin/unwd-range-l1-r3/core.a(kernel_init.o)
 .debug_info    0x0000000000013c07     0x1238 /home/luevar/Документы/nstu/IoT/git/case_1/blinking_by_pressing/bin/unwd-range-l1-r3/core.a(thread.o)
 .debug_info    0x0000000000014e3f     0x13ea /home/luevar/Документы/nstu/IoT/git/case_1/blinking_by_pressing/bin/unwd-range-l1-r3/cortexm_common.a(cortexm_init.o)
 .debug_info    0x0000000000016229     0x1cea /home/luevar/Документы/nstu/IoT/git/case_1/blinking_by_pressing/bin/unwd-range-l1-r3/isrpipe.a(isrpipe.o)
 .debug_info    0x0000000000017f13      0xe5c /home/luevar/Документы/nstu/IoT/git/case_1/blinking_by_pressing/bin/unwd-range-l1-r3/pm_layered.a(pm.o)
 .debug_info    0x0000000000018d6f     0x196e /home/luevar/Документы/nstu/IoT/git/case_1/blinking_by_pressing/bin/unwd-range-l1-r3/stm32_common.a(cpu_init.o)
 .debug_info    0x000000000001a6dd     0x1948 /home/luevar/Документы/nstu/IoT/git/case_1/blinking_by_pressing/bin/unwd-range-l1-r3/stm32_common.a(stmclk_l0l1.o)
 .debug_info    0x000000000001c025     0x1922 /home/luevar/Документы/nstu/IoT/git/case_1/blinking_by_pressing/bin/unwd-range-l1-r3/stm32_common.a(cpu_common.o)
 .debug_info    0x000000000001d947     0x186f /home/luevar/Документы/nstu/IoT/git/case_1/blinking_by_pressing/bin/unwd-range-l1-r3/stm32_common.a(stm_status.o)
 .debug_info    0x000000000001f1b6     0x1ff6 /home/luevar/Документы/nstu/IoT/git/case_1/blinking_by_pressing/bin/unwd-range-l1-r3/stm32_common_periph.a(timer.o)
 .debug_info    0x00000000000211ac      0x39e /home/luevar/Документы/nstu/IoT/git/case_1/blinking_by_pressing/bin/unwd-range-l1-r3/tsrb.a(tsrb.o)
 .debug_info    0x000000000002154a       0x3b /home/luevar/Документы/nstu/IoT/git/case_1/blinking_by_pressing/bin/unwd-range-l1-r3/periph_common.a(init.o)
 .debug_info    0x0000000000021585     0x192d /home/luevar/Документы/nstu/IoT/git/case_1/blinking_by_pressing/bin/unwd-range-l1-r3/application_blinking_by_pressing.a(blinking_by_pressing.o)
 .debug_info    0x0000000000022eb2     0x16cf /home/luevar/Документы/nstu/IoT/git/case_1/blinking_by_pressing/bin/unwd-range-l1-r3/auto_init.a(auto_init.o)
 .debug_info    0x0000000000024581      0xf0d /home/luevar/Документы/nstu/IoT/git/case_1/blinking_by_pressing/bin/unwd-range-l1-r3/core.a(mutex.o)

.debug_abbrev   0x0000000000000000     0x5158
 .debug_abbrev  0x0000000000000000       0xc5 /home/luevar/Документы/nstu/IoT/git/case_1/blinking_by_pressing/bin/unwd-range-l1-r3/cpu/vectors.o
 .debug_abbrev  0x00000000000000c5      0x440 /home/luevar/Документы/nstu/IoT/git/case_1/blinking_by_pressing/bin/unwd-range-l1-r3/newlib_syscalls_default/syscalls.o
 .debug_abbrev  0x0000000000000505      0x347 /home/luevar/Документы/nstu/IoT/git/case_1/blinking_by_pressing/bin/unwd-range-l1-r3/core.a(sched.o)
 .debug_abbrev  0x000000000000084c      0x318 /home/luevar/Документы/nstu/IoT/git/case_1/blinking_by_pressing/bin/unwd-range-l1-r3/cortexm_common.a(thread_arch.o)
 .debug_abbrev  0x0000000000000b64      0x3a7 /home/luevar/Документы/nstu/IoT/git/case_1/blinking_by_pressing/bin/unwd-range-l1-r3/cortexm_common.a(vectors_cortexm.o)
 .debug_abbrev  0x0000000000000f0b      0x289 /home/luevar/Документы/nstu/IoT/git/case_1/blinking_by_pressing/bin/unwd-range-l1-r3/cortexm_common.a(irq_arch.o)
 .debug_abbrev  0x0000000000001194      0x27a /home/luevar/Документы/nstu/IoT/git/case_1/blinking_by_pressing/bin/unwd-range-l1-r3/stdio_uart.a(stdio_uart.o)
 .debug_abbrev  0x000000000000140e      0x3dc /home/luevar/Документы/nstu/IoT/git/case_1/blinking_by_pressing/bin/unwd-range-l1-r3/stm32_common_periph.a(pm.o)
 .debug_abbrev  0x00000000000017ea      0x444 /home/luevar/Документы/nstu/IoT/git/case_1/blinking_by_pressing/bin/unwd-range-l1-r3/stm32_common_periph.a(uart.o)
 .debug_abbrev  0x0000000000001c2e      0x4bd /home/luevar/Документы/nstu/IoT/git/case_1/blinking_by_pressing/bin/unwd-range-l1-r3/stm32_common_periph.a(gpio.o)
 .debug_abbrev  0x00000000000020eb      0x55b /home/luevar/Документы/nstu/IoT/git/case_1/blinking_by_pressing/bin/unwd-range-l1-r3/xtimer.a(xtimer_core.o)
 .debug_abbrev  0x0000000000002646      0x21b /home/luevar/Документы/nstu/IoT/git/case_1/blinking_by_pressing/bin/unwd-range-l1-r3/boards_common_unwd.a(board.o)
 .debug_abbrev  0x0000000000002861      0x270 /home/luevar/Документы/nstu/IoT/git/case_1/blinking_by_pressing/bin/unwd-range-l1-r3/core.a(panic.o)
 .debug_abbrev  0x0000000000002ad1      0x241 /home/luevar/Документы/nstu/IoT/git/case_1/blinking_by_pressing/bin/unwd-range-l1-r3/core.a(kernel_init.o)
 .debug_abbrev  0x0000000000002d12      0x341 /home/luevar/Документы/nstu/IoT/git/case_1/blinking_by_pressing/bin/unwd-range-l1-r3/core.a(thread.o)
 .debug_abbrev  0x0000000000003053      0x360 /home/luevar/Документы/nstu/IoT/git/case_1/blinking_by_pressing/bin/unwd-range-l1-r3/cortexm_common.a(cortexm_init.o)
 .debug_abbrev  0x00000000000033b3      0x34f /home/luevar/Документы/nstu/IoT/git/case_1/blinking_by_pressing/bin/unwd-range-l1-r3/isrpipe.a(isrpipe.o)
 .debug_abbrev  0x0000000000003702      0x235 /home/luevar/Документы/nstu/IoT/git/case_1/blinking_by_pressing/bin/unwd-range-l1-r3/pm_layered.a(pm.o)
 .debug_abbrev  0x0000000000003937      0x2b2 /home/luevar/Документы/nstu/IoT/git/case_1/blinking_by_pressing/bin/unwd-range-l1-r3/stm32_common.a(cpu_init.o)
 .debug_abbrev  0x0000000000003be9      0x275 /home/luevar/Документы/nstu/IoT/git/case_1/blinking_by_pressing/bin/unwd-range-l1-r3/stm32_common.a(stmclk_l0l1.o)
 .debug_abbrev  0x0000000000003e5e      0x2f5 /home/luevar/Документы/nstu/IoT/git/case_1/blinking_by_pressing/bin/unwd-range-l1-r3/stm32_common.a(cpu_common.o)
 .debug_abbrev  0x0000000000004153      0x290 /home/luevar/Документы/nstu/IoT/git/case_1/blinking_by_pressing/bin/unwd-range-l1-r3/stm32_common.a(stm_status.o)
 .debug_abbrev  0x00000000000043e3      0x3eb /home/luevar/Документы/nstu/IoT/git/case_1/blinking_by_pressing/bin/unwd-range-l1-r3/stm32_common_periph.a(timer.o)
 .debug_abbrev  0x00000000000047ce      0x193 /home/luevar/Документы/nstu/IoT/git/case_1/blinking_by_pressing/bin/unwd-range-l1-r3/tsrb.a(tsrb.o)
 .debug_abbrev  0x0000000000004961       0x2f /home/luevar/Документы/nstu/IoT/git/case_1/blinking_by_pressing/bin/unwd-range-l1-r3/periph_common.a(init.o)
 .debug_abbrev  0x0000000000004990      0x2f6 /home/luevar/Документы/nstu/IoT/git/case_1/blinking_by_pressing/bin/unwd-range-l1-r3/application_blinking_by_pressing.a(blinking_by_pressing.o)
 .debug_abbrev  0x0000000000004c86      0x20f /home/luevar/Документы/nstu/IoT/git/case_1/blinking_by_pressing/bin/unwd-range-l1-r3/auto_init.a(auto_init.o)
 .debug_abbrev  0x0000000000004e95      0x2c3 /home/luevar/Документы/nstu/IoT/git/case_1/blinking_by_pressing/bin/unwd-range-l1-r3/core.a(mutex.o)

.debug_aranges  0x0000000000000000      0x770
 .debug_aranges
                0x0000000000000000       0x20 /home/luevar/Документы/nstu/IoT/git/case_1/blinking_by_pressing/bin/unwd-range-l1-r3/cpu/vectors.o
 .debug_aranges
                0x0000000000000020       0xb8 /home/luevar/Документы/nstu/IoT/git/case_1/blinking_by_pressing/bin/unwd-range-l1-r3/newlib_syscalls_default/syscalls.o
 .debug_aranges
                0x00000000000000d8       0x38 /home/luevar/Документы/nstu/IoT/git/case_1/blinking_by_pressing/bin/unwd-range-l1-r3/core.a(sched.o)
 .debug_aranges
                0x0000000000000110       0x60 /home/luevar/Документы/nstu/IoT/git/case_1/blinking_by_pressing/bin/unwd-range-l1-r3/cortexm_common.a(thread_arch.o)
 .debug_aranges
                0x0000000000000170       0x68 /home/luevar/Документы/nstu/IoT/git/case_1/blinking_by_pressing/bin/unwd-range-l1-r3/cortexm_common.a(vectors_cortexm.o)
 .debug_aranges
                0x00000000000001d8       0x38 /home/luevar/Документы/nstu/IoT/git/case_1/blinking_by_pressing/bin/unwd-range-l1-r3/cortexm_common.a(irq_arch.o)
 .debug_aranges
                0x0000000000000210       0x30 /home/luevar/Документы/nstu/IoT/git/case_1/blinking_by_pressing/bin/unwd-range-l1-r3/stdio_uart.a(stdio_uart.o)
 .debug_aranges
                0x0000000000000240       0x38 /home/luevar/Документы/nstu/IoT/git/case_1/blinking_by_pressing/bin/unwd-range-l1-r3/stm32_common_periph.a(pm.o)
 .debug_aranges
                0x0000000000000278       0x68 /home/luevar/Документы/nstu/IoT/git/case_1/blinking_by_pressing/bin/unwd-range-l1-r3/stm32_common_periph.a(uart.o)
 .debug_aranges
                0x00000000000002e0       0x80 /home/luevar/Документы/nstu/IoT/git/case_1/blinking_by_pressing/bin/unwd-range-l1-r3/stm32_common_periph.a(gpio.o)
 .debug_aranges
                0x0000000000000360       0x80 /home/luevar/Документы/nstu/IoT/git/case_1/blinking_by_pressing/bin/unwd-range-l1-r3/xtimer.a(xtimer_core.o)
 .debug_aranges
                0x00000000000003e0       0x20 /home/luevar/Документы/nstu/IoT/git/case_1/blinking_by_pressing/bin/unwd-range-l1-r3/boards_common_unwd.a(board.o)
 .debug_aranges
                0x0000000000000400       0x28 /home/luevar/Документы/nstu/IoT/git/case_1/blinking_by_pressing/bin/unwd-range-l1-r3/core.a(panic.o)
 .debug_aranges
                0x0000000000000428       0x30 /home/luevar/Документы/nstu/IoT/git/case_1/blinking_by_pressing/bin/unwd-range-l1-r3/core.a(kernel_init.o)
 .debug_aranges
                0x0000000000000458       0x60 /home/luevar/Документы/nstu/IoT/git/case_1/blinking_by_pressing/bin/unwd-range-l1-r3/core.a(thread.o)
 .debug_aranges
                0x00000000000004b8       0x38 /home/luevar/Документы/nstu/IoT/git/case_1/blinking_by_pressing/bin/unwd-range-l1-r3/cortexm_common.a(cortexm_init.o)
 .debug_aranges
                0x00000000000004f0       0x48 /home/luevar/Документы/nstu/IoT/git/case_1/blinking_by_pressing/bin/unwd-range-l1-r3/isrpipe.a(isrpipe.o)
 .debug_aranges
                0x0000000000000538       0x30 /home/luevar/Документы/nstu/IoT/git/case_1/blinking_by_pressing/bin/unwd-range-l1-r3/pm_layered.a(pm.o)
 .debug_aranges
                0x0000000000000568       0x20 /home/luevar/Документы/nstu/IoT/git/case_1/blinking_by_pressing/bin/unwd-range-l1-r3/stm32_common.a(cpu_init.o)
 .debug_aranges
                0x0000000000000588       0x28 /home/luevar/Документы/nstu/IoT/git/case_1/blinking_by_pressing/bin/unwd-range-l1-r3/stm32_common.a(stmclk_l0l1.o)
 .debug_aranges
                0x00000000000005b0       0x40 /home/luevar/Документы/nstu/IoT/git/case_1/blinking_by_pressing/bin/unwd-range-l1-r3/stm32_common.a(cpu_common.o)
 .debug_aranges
                0x00000000000005f0       0x20 /home/luevar/Документы/nstu/IoT/git/case_1/blinking_by_pressing/bin/unwd-range-l1-r3/stm32_common.a(stm_status.o)
 .debug_aranges
                0x0000000000000610       0x80 /home/luevar/Документы/nstu/IoT/git/case_1/blinking_by_pressing/bin/unwd-range-l1-r3/stm32_common_periph.a(timer.o)
 .debug_aranges
                0x0000000000000690       0x48 /home/luevar/Документы/nstu/IoT/git/case_1/blinking_by_pressing/bin/unwd-range-l1-r3/tsrb.a(tsrb.o)
 .debug_aranges
                0x00000000000006d8       0x20 /home/luevar/Документы/nstu/IoT/git/case_1/blinking_by_pressing/bin/unwd-range-l1-r3/periph_common.a(init.o)
 .debug_aranges
                0x00000000000006f8       0x28 /home/luevar/Документы/nstu/IoT/git/case_1/blinking_by_pressing/bin/unwd-range-l1-r3/application_blinking_by_pressing.a(blinking_by_pressing.o)
 .debug_aranges
                0x0000000000000720       0x20 /home/luevar/Документы/nstu/IoT/git/case_1/blinking_by_pressing/bin/unwd-range-l1-r3/auto_init.a(auto_init.o)
 .debug_aranges
                0x0000000000000740       0x30 /home/luevar/Документы/nstu/IoT/git/case_1/blinking_by_pressing/bin/unwd-range-l1-r3/core.a(mutex.o)

.debug_ranges   0x0000000000000000      0xd50
 .debug_ranges  0x0000000000000000       0x10 /home/luevar/Документы/nstu/IoT/git/case_1/blinking_by_pressing/bin/unwd-range-l1-r3/cpu/vectors.o
 .debug_ranges  0x0000000000000010      0x108 /home/luevar/Документы/nstu/IoT/git/case_1/blinking_by_pressing/bin/unwd-range-l1-r3/newlib_syscalls_default/syscalls.o
 .debug_ranges  0x0000000000000118       0x88 /home/luevar/Документы/nstu/IoT/git/case_1/blinking_by_pressing/bin/unwd-range-l1-r3/core.a(sched.o)
 .debug_ranges  0x00000000000001a0       0xa0 /home/luevar/Документы/nstu/IoT/git/case_1/blinking_by_pressing/bin/unwd-range-l1-r3/cortexm_common.a(thread_arch.o)
 .debug_ranges  0x0000000000000240       0x58 /home/luevar/Документы/nstu/IoT/git/case_1/blinking_by_pressing/bin/unwd-range-l1-r3/cortexm_common.a(vectors_cortexm.o)
 .debug_ranges  0x0000000000000298       0x28 /home/luevar/Документы/nstu/IoT/git/case_1/blinking_by_pressing/bin/unwd-range-l1-r3/cortexm_common.a(irq_arch.o)
 .debug_ranges  0x00000000000002c0       0x20 /home/luevar/Документы/nstu/IoT/git/case_1/blinking_by_pressing/bin/unwd-range-l1-r3/stdio_uart.a(stdio_uart.o)
 .debug_ranges  0x00000000000002e0       0x60 /home/luevar/Документы/nstu/IoT/git/case_1/blinking_by_pressing/bin/unwd-range-l1-r3/stm32_common_periph.a(pm.o)
 .debug_ranges  0x0000000000000340       0xe8 /home/luevar/Документы/nstu/IoT/git/case_1/blinking_by_pressing/bin/unwd-range-l1-r3/stm32_common_periph.a(uart.o)
 .debug_ranges  0x0000000000000428       0xc0 /home/luevar/Документы/nstu/IoT/git/case_1/blinking_by_pressing/bin/unwd-range-l1-r3/stm32_common_periph.a(gpio.o)
 .debug_ranges  0x00000000000004e8      0x280 /home/luevar/Документы/nstu/IoT/git/case_1/blinking_by_pressing/bin/unwd-range-l1-r3/xtimer.a(xtimer_core.o)
 .debug_ranges  0x0000000000000768       0x10 /home/luevar/Документы/nstu/IoT/git/case_1/blinking_by_pressing/bin/unwd-range-l1-r3/boards_common_unwd.a(board.o)
 .debug_ranges  0x0000000000000778       0x18 /home/luevar/Документы/nstu/IoT/git/case_1/blinking_by_pressing/bin/unwd-range-l1-r3/core.a(panic.o)
 .debug_ranges  0x0000000000000790       0x20 /home/luevar/Документы/nstu/IoT/git/case_1/blinking_by_pressing/bin/unwd-range-l1-r3/core.a(kernel_init.o)
 .debug_ranges  0x00000000000007b0       0x80 /home/luevar/Документы/nstu/IoT/git/case_1/blinking_by_pressing/bin/unwd-range-l1-r3/core.a(thread.o)
 .debug_ranges  0x0000000000000830       0x78 /home/luevar/Документы/nstu/IoT/git/case_1/blinking_by_pressing/bin/unwd-range-l1-r3/cortexm_common.a(cortexm_init.o)
 .debug_ranges  0x00000000000008a8       0x70 /home/luevar/Документы/nstu/IoT/git/case_1/blinking_by_pressing/bin/unwd-range-l1-r3/isrpipe.a(isrpipe.o)
 .debug_ranges  0x0000000000000918       0x20 /home/luevar/Документы/nstu/IoT/git/case_1/blinking_by_pressing/bin/unwd-range-l1-r3/pm_layered.a(pm.o)
 .debug_ranges  0x0000000000000938       0x68 /home/luevar/Документы/nstu/IoT/git/case_1/blinking_by_pressing/bin/unwd-range-l1-r3/stm32_common.a(cpu_init.o)
 .debug_ranges  0x00000000000009a0       0x30 /home/luevar/Документы/nstu/IoT/git/case_1/blinking_by_pressing/bin/unwd-range-l1-r3/stm32_common.a(stmclk_l0l1.o)
 .debug_ranges  0x00000000000009d0       0x30 /home/luevar/Документы/nstu/IoT/git/case_1/blinking_by_pressing/bin/unwd-range-l1-r3/stm32_common.a(cpu_common.o)
 .debug_ranges  0x0000000000000a00       0xf0 /home/luevar/Документы/nstu/IoT/git/case_1/blinking_by_pressing/bin/unwd-range-l1-r3/stm32_common.a(stm_status.o)
 .debug_ranges  0x0000000000000af0       0xe0 /home/luevar/Документы/nstu/IoT/git/case_1/blinking_by_pressing/bin/unwd-range-l1-r3/stm32_common_periph.a(timer.o)
 .debug_ranges  0x0000000000000bd0       0x98 /home/luevar/Документы/nstu/IoT/git/case_1/blinking_by_pressing/bin/unwd-range-l1-r3/tsrb.a(tsrb.o)
 .debug_ranges  0x0000000000000c68       0x10 /home/luevar/Документы/nstu/IoT/git/case_1/blinking_by_pressing/bin/unwd-range-l1-r3/periph_common.a(init.o)
 .debug_ranges  0x0000000000000c78       0x48 /home/luevar/Документы/nstu/IoT/git/case_1/blinking_by_pressing/bin/unwd-range-l1-r3/application_blinking_by_pressing.a(blinking_by_pressing.o)
 .debug_ranges  0x0000000000000cc0       0x10 /home/luevar/Документы/nstu/IoT/git/case_1/blinking_by_pressing/bin/unwd-range-l1-r3/auto_init.a(auto_init.o)
 .debug_ranges  0x0000000000000cd0       0x80 /home/luevar/Документы/nstu/IoT/git/case_1/blinking_by_pressing/bin/unwd-range-l1-r3/core.a(mutex.o)

.debug_macro    0x0000000000000000    0x27a7f
 .debug_macro   0x0000000000000000       0xe2 /home/luevar/Документы/nstu/IoT/git/case_1/blinking_by_pressing/bin/unwd-range-l1-r3/cpu/vectors.o
 .debug_macro   0x00000000000000e2      0xa4e /home/luevar/Документы/nstu/IoT/git/case_1/blinking_by_pressing/bin/unwd-range-l1-r3/cpu/vectors.o
 .debug_macro   0x0000000000000b30      0x10c /home/luevar/Документы/nstu/IoT/git/case_1/blinking_by_pressing/bin/unwd-range-l1-r3/cpu/vectors.o
 .debug_macro   0x0000000000000c3c       0x22 /home/luevar/Документы/nstu/IoT/git/case_1/blinking_by_pressing/bin/unwd-range-l1-r3/cpu/vectors.o
 .debug_macro   0x0000000000000c5e       0x56 /home/luevar/Документы/nstu/IoT/git/case_1/blinking_by_pressing/bin/unwd-range-l1-r3/cpu/vectors.o
 .debug_macro   0x0000000000000cb4       0x51 /home/luevar/Документы/nstu/IoT/git/case_1/blinking_by_pressing/bin/unwd-range-l1-r3/cpu/vectors.o
 .debug_macro   0x0000000000000d05       0xef /home/luevar/Документы/nstu/IoT/git/case_1/blinking_by_pressing/bin/unwd-range-l1-r3/cpu/vectors.o
 .debug_macro   0x0000000000000df4       0x6a /home/luevar/Документы/nstu/IoT/git/case_1/blinking_by_pressing/bin/unwd-range-l1-r3/cpu/vectors.o
 .debug_macro   0x0000000000000e5e      0x1df /home/luevar/Документы/nstu/IoT/git/case_1/blinking_by_pressing/bin/unwd-range-l1-r3/cpu/vectors.o
 .debug_macro   0x000000000000103d       0x10 /home/luevar/Документы/nstu/IoT/git/case_1/blinking_by_pressing/bin/unwd-range-l1-r3/cpu/vectors.o
 .debug_macro   0x000000000000104d       0x2e /home/luevar/Документы/nstu/IoT/git/case_1/blinking_by_pressing/bin/unwd-range-l1-r3/cpu/vectors.o
 .debug_macro   0x000000000000107b       0x22 /home/luevar/Документы/nstu/IoT/git/case_1/blinking_by_pressing/bin/unwd-range-l1-r3/cpu/vectors.o
 .debug_macro   0x000000000000109d       0x1c /home/luevar/Документы/nstu/IoT/git/case_1/blinking_by_pressing/bin/unwd-range-l1-r3/cpu/vectors.o
 .debug_macro   0x00000000000010b9       0x22 /home/luevar/Документы/nstu/IoT/git/case_1/blinking_by_pressing/bin/unwd-range-l1-r3/cpu/vectors.o
 .debug_macro   0x00000000000010db       0xc3 /home/luevar/Документы/nstu/IoT/git/case_1/blinking_by_pressing/bin/unwd-range-l1-r3/cpu/vectors.o
 .debug_macro   0x000000000000119e      0xe49 /home/luevar/Документы/nstu/IoT/git/case_1/blinking_by_pressing/bin/unwd-range-l1-r3/cpu/vectors.o
 .debug_macro   0x0000000000001fe7      0x11f /home/luevar/Документы/nstu/IoT/git/case_1/blinking_by_pressing/bin/unwd-range-l1-r3/cpu/vectors.o
 .debug_macro   0x0000000000002106     0xbdd6 /home/luevar/Документы/nstu/IoT/git/case_1/blinking_by_pressing/bin/unwd-range-l1-r3/cpu/vectors.o
 .debug_macro   0x000000000000dedc       0x6a /home/luevar/Документы/nstu/IoT/git/case_1/blinking_by_pressing/bin/unwd-range-l1-r3/cpu/vectors.o
 .debug_macro   0x000000000000df46       0x16 /home/luevar/Документы/nstu/IoT/git/case_1/blinking_by_pressing/bin/unwd-range-l1-r3/cpu/vectors.o
 .debug_macro   0x000000000000df5c      0x4ac /home/luevar/Документы/nstu/IoT/git/case_1/blinking_by_pressing/bin/unwd-range-l1-r3/newlib_syscalls_default/syscalls.o
 .debug_macro   0x000000000000e408      0xa4e /home/luevar/Документы/nstu/IoT/git/case_1/blinking_by_pressing/bin/unwd-range-l1-r3/newlib_syscalls_default/syscalls.o
 .debug_macro   0x000000000000ee56       0x40 /home/luevar/Документы/nstu/IoT/git/case_1/blinking_by_pressing/bin/unwd-range-l1-r3/newlib_syscalls_default/syscalls.o
 .debug_macro   0x000000000000ee96       0x18 /home/luevar/Документы/nstu/IoT/git/case_1/blinking_by_pressing/bin/unwd-range-l1-r3/newlib_syscalls_default/syscalls.o
 .debug_macro   0x000000000000eeae       0x5c /home/luevar/Документы/nstu/IoT/git/case_1/blinking_by_pressing/bin/unwd-range-l1-r3/newlib_syscalls_default/syscalls.o
 .debug_macro   0x000000000000ef0a       0x3c /home/luevar/Документы/nstu/IoT/git/case_1/blinking_by_pressing/bin/unwd-range-l1-r3/newlib_syscalls_default/syscalls.o
 .debug_macro   0x000000000000ef46       0x34 /home/luevar/Документы/nstu/IoT/git/case_1/blinking_by_pressing/bin/unwd-range-l1-r3/newlib_syscalls_default/syscalls.o
 .debug_macro   0x000000000000ef7a       0x10 /home/luevar/Документы/nstu/IoT/git/case_1/blinking_by_pressing/bin/unwd-range-l1-r3/newlib_syscalls_default/syscalls.o
 .debug_macro   0x000000000000ef8a       0x57 /home/luevar/Документы/nstu/IoT/git/case_1/blinking_by_pressing/bin/unwd-range-l1-r3/newlib_syscalls_default/syscalls.o
 .debug_macro   0x000000000000efe1       0xcf /home/luevar/Документы/nstu/IoT/git/case_1/blinking_by_pressing/bin/unwd-range-l1-r3/newlib_syscalls_default/syscalls.o
 .debug_macro   0x000000000000f0b0      0x353 /home/luevar/Документы/nstu/IoT/git/case_1/blinking_by_pressing/bin/unwd-range-l1-r3/newlib_syscalls_default/syscalls.o
 .debug_macro   0x000000000000f403       0x10 /home/luevar/Документы/nstu/IoT/git/case_1/blinking_by_pressing/bin/unwd-range-l1-r3/newlib_syscalls_default/syscalls.o
 .debug_macro   0x000000000000f413       0xb7 /home/luevar/Документы/nstu/IoT/git/case_1/blinking_by_pressing/bin/unwd-range-l1-r3/newlib_syscalls_default/syscalls.o
 .debug_macro   0x000000000000f4ca       0x52 /home/luevar/Документы/nstu/IoT/git/case_1/blinking_by_pressing/bin/unwd-range-l1-r3/newlib_syscalls_default/syscalls.o
 .debug_macro   0x000000000000f51c       0x1f /home/luevar/Документы/nstu/IoT/git/case_1/blinking_by_pressing/bin/unwd-range-l1-r3/newlib_syscalls_default/syscalls.o
 .debug_macro   0x000000000000f53b       0x43 /home/luevar/Документы/nstu/IoT/git/case_1/blinking_by_pressing/bin/unwd-range-l1-r3/newlib_syscalls_default/syscalls.o
 .debug_macro   0x000000000000f57e       0x20 /home/luevar/Документы/nstu/IoT/git/case_1/blinking_by_pressing/bin/unwd-range-l1-r3/newlib_syscalls_default/syscalls.o
 .debug_macro   0x000000000000f59e       0xb6 /home/luevar/Документы/nstu/IoT/git/case_1/blinking_by_pressing/bin/unwd-range-l1-r3/newlib_syscalls_default/syscalls.o
 .debug_macro   0x000000000000f654      0x4fe /home/luevar/Документы/nstu/IoT/git/case_1/blinking_by_pressing/bin/unwd-range-l1-r3/newlib_syscalls_default/syscalls.o
 .debug_macro   0x000000000000fb52      0x1a3 /home/luevar/Документы/nstu/IoT/git/case_1/blinking_by_pressing/bin/unwd-range-l1-r3/newlib_syscalls_default/syscalls.o
 .debug_macro   0x000000000000fcf5       0x10 /home/luevar/Документы/nstu/IoT/git/case_1/blinking_by_pressing/bin/unwd-range-l1-r3/newlib_syscalls_default/syscalls.o
 .debug_macro   0x000000000000fd05       0x35 /home/luevar/Документы/nstu/IoT/git/case_1/blinking_by_pressing/bin/unwd-range-l1-r3/newlib_syscalls_default/syscalls.o
 .debug_macro   0x000000000000fd3a       0x10 /home/luevar/Документы/nstu/IoT/git/case_1/blinking_by_pressing/bin/unwd-range-l1-r3/newlib_syscalls_default/syscalls.o
 .debug_macro   0x000000000000fd4a      0x241 /home/luevar/Документы/nstu/IoT/git/case_1/blinking_by_pressing/bin/unwd-range-l1-r3/newlib_syscalls_default/syscalls.o
 .debug_macro   0x000000000000ff8b       0x16 /home/luevar/Документы/nstu/IoT/git/case_1/blinking_by_pressing/bin/unwd-range-l1-r3/newlib_syscalls_default/syscalls.o
 .debug_macro   0x000000000000ffa1       0x10 /home/luevar/Документы/nstu/IoT/git/case_1/blinking_by_pressing/bin/unwd-range-l1-r3/newlib_syscalls_default/syscalls.o
 .debug_macro   0x000000000000ffb1       0x16 /home/luevar/Документы/nstu/IoT/git/case_1/blinking_by_pressing/bin/unwd-range-l1-r3/newlib_syscalls_default/syscalls.o
 .debug_macro   0x000000000000ffc7       0xff /home/luevar/Документы/nstu/IoT/git/case_1/blinking_by_pressing/bin/unwd-range-l1-r3/newlib_syscalls_default/syscalls.o
 .debug_macro   0x00000000000100c6       0x16 /home/luevar/Документы/nstu/IoT/git/case_1/blinking_by_pressing/bin/unwd-range-l1-r3/newlib_syscalls_default/syscalls.o
 .debug_macro   0x00000000000100dc       0x22 /home/luevar/Документы/nstu/IoT/git/case_1/blinking_by_pressing/bin/unwd-range-l1-r3/newlib_syscalls_default/syscalls.o
 .debug_macro   0x00000000000100fe       0x16 /home/luevar/Документы/nstu/IoT/git/case_1/blinking_by_pressing/bin/unwd-range-l1-r3/newlib_syscalls_default/syscalls.o
 .debug_macro   0x0000000000010114       0x16 /home/luevar/Документы/nstu/IoT/git/case_1/blinking_by_pressing/bin/unwd-range-l1-r3/newlib_syscalls_default/syscalls.o
 .debug_macro   0x000000000001012a       0x10 /home/luevar/Документы/nstu/IoT/git/case_1/blinking_by_pressing/bin/unwd-range-l1-r3/newlib_syscalls_default/syscalls.o
 .debug_macro   0x000000000001013a       0x10 /home/luevar/Документы/nstu/IoT/git/case_1/blinking_by_pressing/bin/unwd-range-l1-r3/newlib_syscalls_default/syscalls.o
 .debug_macro   0x000000000001014a       0x2e /home/luevar/Документы/nstu/IoT/git/case_1/blinking_by_pressing/bin/unwd-range-l1-r3/newlib_syscalls_default/syscalls.o
 .debug_macro   0x0000000000010178       0xf5 /home/luevar/Документы/nstu/IoT/git/case_1/blinking_by_pressing/bin/unwd-range-l1-r3/newlib_syscalls_default/syscalls.o
 .debug_macro   0x000000000001026d       0x22 /home/luevar/Документы/nstu/IoT/git/case_1/blinking_by_pressing/bin/unwd-range-l1-r3/newlib_syscalls_default/syscalls.o
 .debug_macro   0x000000000001028f       0x35 /home/luevar/Документы/nstu/IoT/git/case_1/blinking_by_pressing/bin/unwd-range-l1-r3/newlib_syscalls_default/syscalls.o
 .debug_macro   0x00000000000102c4       0xbd /home/luevar/Документы/nstu/IoT/git/case_1/blinking_by_pressing/bin/unwd-range-l1-r3/newlib_syscalls_default/syscalls.o
 .debug_macro   0x0000000000010381       0xd6 /home/luevar/Документы/nstu/IoT/git/case_1/blinking_by_pressing/bin/unwd-range-l1-r3/newlib_syscalls_default/syscalls.o
 .debug_macro   0x0000000000010457       0x10 /home/luevar/Документы/nstu/IoT/git/case_1/blinking_by_pressing/bin/unwd-range-l1-r3/newlib_syscalls_default/syscalls.o
 .debug_macro   0x0000000000010467      0x460 /home/luevar/Документы/nstu/IoT/git/case_1/blinking_by_pressing/bin/unwd-range-l1-r3/newlib_syscalls_default/syscalls.o
 .debug_macro   0x00000000000108c7       0x2b /home/luevar/Документы/nstu/IoT/git/case_1/blinking_by_pressing/bin/unwd-range-l1-r3/newlib_syscalls_default/syscalls.o
 .debug_macro   0x00000000000108f2       0xee /home/luevar/Документы/nstu/IoT/git/case_1/blinking_by_pressing/bin/unwd-range-l1-r3/newlib_syscalls_default/syscalls.o
 .debug_macro   0x00000000000109e0       0x28 /home/luevar/Документы/nstu/IoT/git/case_1/blinking_by_pressing/bin/unwd-range-l1-r3/newlib_syscalls_default/syscalls.o
 .debug_macro   0x0000000000010a08       0x17 /home/luevar/Документы/nstu/IoT/git/case_1/blinking_by_pressing/bin/unwd-range-l1-r3/newlib_syscalls_default/syscalls.o
 .debug_macro   0x0000000000010a1f       0x10 /home/luevar/Документы/nstu/IoT/git/case_1/blinking_by_pressing/bin/unwd-range-l1-r3/newlib_syscalls_default/syscalls.o
 .debug_macro   0x0000000000010a2f       0x12 /home/luevar/Документы/nstu/IoT/git/case_1/blinking_by_pressing/bin/unwd-range-l1-r3/newlib_syscalls_default/syscalls.o
 .debug_macro   0x0000000000010a41       0x5f /home/luevar/Документы/nstu/IoT/git/case_1/blinking_by_pressing/bin/unwd-range-l1-r3/newlib_syscalls_default/syscalls.o
 .debug_macro   0x0000000000010aa0       0x17 /home/luevar/Документы/nstu/IoT/git/case_1/blinking_by_pressing/bin/unwd-range-l1-r3/newlib_syscalls_default/syscalls.o
 .debug_macro   0x0000000000010ab7      0x12a /home/luevar/Документы/nstu/IoT/git/case_1/blinking_by_pressing/bin/unwd-range-l1-r3/newlib_syscalls_default/syscalls.o
 .debug_macro   0x0000000000010be1       0x34 /home/luevar/Документы/nstu/IoT/git/case_1/blinking_by_pressing/bin/unwd-range-l1-r3/newlib_syscalls_default/syscalls.o
 .debug_macro   0x0000000000010c15       0x98 /home/luevar/Документы/nstu/IoT/git/case_1/blinking_by_pressing/bin/unwd-range-l1-r3/newlib_syscalls_default/syscalls.o
 .debug_macro   0x0000000000010cad       0x1c /home/luevar/Документы/nstu/IoT/git/case_1/blinking_by_pressing/bin/unwd-range-l1-r3/newlib_syscalls_default/syscalls.o
 .debug_macro   0x0000000000010cc9       0x1c /home/luevar/Документы/nstu/IoT/git/case_1/blinking_by_pressing/bin/unwd-range-l1-r3/newlib_syscalls_default/syscalls.o
 .debug_macro   0x0000000000010ce5       0x10 /home/luevar/Документы/nstu/IoT/git/case_1/blinking_by_pressing/bin/unwd-range-l1-r3/newlib_syscalls_default/syscalls.o
 .debug_macro   0x0000000000010cf5       0x43 /home/luevar/Документы/nstu/IoT/git/case_1/blinking_by_pressing/bin/unwd-range-l1-r3/newlib_syscalls_default/syscalls.o
 .debug_macro   0x0000000000010d38       0x1c /home/luevar/Документы/nstu/IoT/git/case_1/blinking_by_pressing/bin/unwd-range-l1-r3/newlib_syscalls_default/syscalls.o
 .debug_macro   0x0000000000010d54       0x34 /home/luevar/Документы/nstu/IoT/git/case_1/blinking_by_pressing/bin/unwd-range-l1-r3/newlib_syscalls_default/syscalls.o
 .debug_macro   0x0000000000010d88       0x16 /home/luevar/Документы/nstu/IoT/git/case_1/blinking_by_pressing/bin/unwd-range-l1-r3/newlib_syscalls_default/syscalls.o
 .debug_macro   0x0000000000010d9e      0x122 /home/luevar/Документы/nstu/IoT/git/case_1/blinking_by_pressing/bin/unwd-range-l1-r3/newlib_syscalls_default/syscalls.o
 .debug_macro   0x0000000000010ec0       0x4a /home/luevar/Документы/nstu/IoT/git/case_1/blinking_by_pressing/bin/unwd-range-l1-r3/newlib_syscalls_default/syscalls.o
 .debug_macro   0x0000000000010f0a       0x10 /home/luevar/Документы/nstu/IoT/git/case_1/blinking_by_pressing/bin/unwd-range-l1-r3/newlib_syscalls_default/syscalls.o
 .debug_macro   0x0000000000010f1a       0x10 /home/luevar/Документы/nstu/IoT/git/case_1/blinking_by_pressing/bin/unwd-range-l1-r3/newlib_syscalls_default/syscalls.o
 .debug_macro   0x0000000000010f2a      0x304 /home/luevar/Документы/nstu/IoT/git/case_1/blinking_by_pressing/bin/unwd-range-l1-r3/core.a(sched.o)
 .debug_macro   0x000000000001122e      0xa4e /home/luevar/Документы/nstu/IoT/git/case_1/blinking_by_pressing/bin/unwd-range-l1-r3/core.a(sched.o)
 .debug_macro   0x0000000000011c7c      0x16d /home/luevar/Документы/nstu/IoT/git/case_1/blinking_by_pressing/bin/unwd-range-l1-r3/core.a(sched.o)
 .debug_macro   0x0000000000011de9       0x46 /home/luevar/Документы/nstu/IoT/git/case_1/blinking_by_pressing/bin/unwd-range-l1-r3/core.a(sched.o)
 .debug_macro   0x0000000000011e2f       0x3a /home/luevar/Документы/nstu/IoT/git/case_1/blinking_by_pressing/bin/unwd-range-l1-r3/core.a(sched.o)
 .debug_macro   0x0000000000011e69      0x34d /home/luevar/Документы/nstu/IoT/git/case_1/blinking_by_pressing/bin/unwd-range-l1-r3/core.a(sched.o)
 .debug_macro   0x00000000000121b6       0x25 /home/luevar/Документы/nstu/IoT/git/case_1/blinking_by_pressing/bin/unwd-range-l1-r3/core.a(sched.o)
 .debug_macro   0x00000000000121db       0x2e /home/luevar/Документы/nstu/IoT/git/case_1/blinking_by_pressing/bin/unwd-range-l1-r3/core.a(sched.o)
 .debug_macro   0x0000000000012209       0x1c /home/luevar/Документы/nstu/IoT/git/case_1/blinking_by_pressing/bin/unwd-range-l1-r3/core.a(sched.o)
 .debug_macro   0x0000000000012225      0x114 /home/luevar/Документы/nstu/IoT/git/case_1/blinking_by_pressing/bin/unwd-range-l1-r3/core.a(sched.o)
 .debug_macro   0x0000000000012339       0x1c /home/luevar/Документы/nstu/IoT/git/case_1/blinking_by_pressing/bin/unwd-range-l1-r3/core.a(sched.o)
 .debug_macro   0x0000000000012355      0x2ec /home/luevar/Документы/nstu/IoT/git/case_1/blinking_by_pressing/bin/unwd-range-l1-r3/cortexm_common.a(thread_arch.o)
 .debug_macro   0x0000000000012641      0xa4e /home/luevar/Документы/nstu/IoT/git/case_1/blinking_by_pressing/bin/unwd-range-l1-r3/cortexm_common.a(thread_arch.o)
 .debug_macro   0x000000000001308f       0x97 /home/luevar/Документы/nstu/IoT/git/case_1/blinking_by_pressing/bin/unwd-range-l1-r3/cortexm_common.a(thread_arch.o)
 .debug_macro   0x0000000000013126       0xf6 /home/luevar/Документы/nstu/IoT/git/case_1/blinking_by_pressing/bin/unwd-range-l1-r3/cortexm_common.a(thread_arch.o)
 .debug_macro   0x000000000001321c       0x1d /home/luevar/Документы/nstu/IoT/git/case_1/blinking_by_pressing/bin/unwd-range-l1-r3/cortexm_common.a(thread_arch.o)
 .debug_macro   0x0000000000013239      0x323 /home/luevar/Документы/nstu/IoT/git/case_1/blinking_by_pressing/bin/unwd-range-l1-r3/cortexm_common.a(vectors_cortexm.o)
 .debug_macro   0x000000000001355c      0xa4e /home/luevar/Документы/nstu/IoT/git/case_1/blinking_by_pressing/bin/unwd-range-l1-r3/cortexm_common.a(vectors_cortexm.o)
 .debug_macro   0x0000000000013faa       0x16 /home/luevar/Документы/nstu/IoT/git/case_1/blinking_by_pressing/bin/unwd-range-l1-r3/cortexm_common.a(vectors_cortexm.o)
 .debug_macro   0x0000000000013fc0       0x1c /home/luevar/Документы/nstu/IoT/git/case_1/blinking_by_pressing/bin/unwd-range-l1-r3/cortexm_common.a(vectors_cortexm.o)
 .debug_macro   0x0000000000013fdc      0x2dc /home/luevar/Документы/nstu/IoT/git/case_1/blinking_by_pressing/bin/unwd-range-l1-r3/cortexm_common.a(irq_arch.o)
 .debug_macro   0x00000000000142b8      0xa4e /home/luevar/Документы/nstu/IoT/git/case_1/blinking_by_pressing/bin/unwd-range-l1-r3/cortexm_common.a(irq_arch.o)
 .debug_macro   0x0000000000014d06      0x3cb /home/luevar/Документы/nstu/IoT/git/case_1/blinking_by_pressing/bin/unwd-range-l1-r3/stdio_uart.a(stdio_uart.o)
 .debug_macro   0x00000000000150d1      0xa4e /home/luevar/Документы/nstu/IoT/git/case_1/blinking_by_pressing/bin/unwd-range-l1-r3/stdio_uart.a(stdio_uart.o)
 .debug_macro   0x0000000000015b1f       0x16 /home/luevar/Документы/nstu/IoT/git/case_1/blinking_by_pressing/bin/unwd-range-l1-r3/stdio_uart.a(stdio_uart.o)
 .debug_macro   0x0000000000015b35       0x92 /home/luevar/Документы/nstu/IoT/git/case_1/blinking_by_pressing/bin/unwd-range-l1-r3/stdio_uart.a(stdio_uart.o)
 .debug_macro   0x0000000000015bc7       0x16 /home/luevar/Документы/nstu/IoT/git/case_1/blinking_by_pressing/bin/unwd-range-l1-r3/stdio_uart.a(stdio_uart.o)
 .debug_macro   0x0000000000015bdd      0x366 /home/luevar/Документы/nstu/IoT/git/case_1/blinking_by_pressing/bin/unwd-range-l1-r3/stm32_common_periph.a(pm.o)
 .debug_macro   0x0000000000015f43      0xa4e /home/luevar/Документы/nstu/IoT/git/case_1/blinking_by_pressing/bin/unwd-range-l1-r3/stm32_common_periph.a(pm.o)
 .debug_macro   0x0000000000016991       0x22 /home/luevar/Документы/nstu/IoT/git/case_1/blinking_by_pressing/bin/unwd-range-l1-r3/stm32_common_periph.a(pm.o)
 .debug_macro   0x00000000000169b3      0x351 /home/luevar/Документы/nstu/IoT/git/case_1/blinking_by_pressing/bin/unwd-range-l1-r3/stm32_common_periph.a(uart.o)
 .debug_macro   0x0000000000016d04      0xa4e /home/luevar/Документы/nstu/IoT/git/case_1/blinking_by_pressing/bin/unwd-range-l1-r3/stm32_common_periph.a(uart.o)
 .debug_macro   0x0000000000017752      0x30b /home/luevar/Документы/nstu/IoT/git/case_1/blinking_by_pressing/bin/unwd-range-l1-r3/stm32_common_periph.a(gpio.o)
 .debug_macro   0x0000000000017a5d      0xa4e /home/luevar/Документы/nstu/IoT/git/case_1/blinking_by_pressing/bin/unwd-range-l1-r3/stm32_common_periph.a(gpio.o)
 .debug_macro   0x00000000000184ab      0x3c0 /home/luevar/Документы/nstu/IoT/git/case_1/blinking_by_pressing/bin/unwd-range-l1-r3/xtimer.a(xtimer_core.o)
 .debug_macro   0x000000000001886b      0xa4e /home/luevar/Документы/nstu/IoT/git/case_1/blinking_by_pressing/bin/unwd-range-l1-r3/xtimer.a(xtimer_core.o)
 .debug_macro   0x00000000000192b9       0x10 /home/luevar/Документы/nstu/IoT/git/case_1/blinking_by_pressing/bin/unwd-range-l1-r3/xtimer.a(xtimer_core.o)
 .debug_macro   0x00000000000192c9       0x16 /home/luevar/Документы/nstu/IoT/git/case_1/blinking_by_pressing/bin/unwd-range-l1-r3/xtimer.a(xtimer_core.o)
 .debug_macro   0x00000000000192df      0x347 /home/luevar/Документы/nstu/IoT/git/case_1/blinking_by_pressing/bin/unwd-range-l1-r3/boards_common_unwd.a(board.o)
 .debug_macro   0x0000000000019626      0xa4e /home/luevar/Документы/nstu/IoT/git/case_1/blinking_by_pressing/bin/unwd-range-l1-r3/boards_common_unwd.a(board.o)
 .debug_macro   0x000000000001a074      0x32d /home/luevar/Документы/nstu/IoT/git/case_1/blinking_by_pressing/bin/unwd-range-l1-r3/core.a(panic.o)
 .debug_macro   0x000000000001a3a1      0xa4e /home/luevar/Документы/nstu/IoT/git/case_1/blinking_by_pressing/bin/unwd-range-l1-r3/core.a(panic.o)