Archive member included to satisfy reference by file (symbol)

/home/luevar/Документы/nstu/IoT/git/case_1/hello-world/bin/unwd-range-l1-r3/core.a(sched.o)
                              /home/luevar/Документы/nstu/IoT/git/case_1/hello-world/bin/unwd-range-l1-r3/newlib_syscalls_default/syscalls.o (sched_active_pid)
/home/luevar/Документы/nstu/IoT/git/case_1/hello-world/bin/unwd-range-l1-r3/cortexm_common.a(thread_arch.o)
                              /home/luevar/Документы/nstu/IoT/git/case_1/hello-world/bin/unwd-range-l1-r3/core.a(sched.o) (cpu_switch_context_exit)
/home/luevar/Документы/nstu/IoT/git/case_1/hello-world/bin/unwd-range-l1-r3/cortexm_common.a(vectors_cortexm.o)
                              /home/luevar/Документы/nstu/IoT/git/case_1/hello-world/bin/unwd-range-l1-r3/cpu/vectors.o (dummy_handler_default)
/home/luevar/Документы/nstu/IoT/git/case_1/hello-world/bin/unwd-range-l1-r3/cortexm_common.a(irq_arch.o)
                              /home/luevar/Документы/nstu/IoT/git/case_1/hello-world/bin/unwd-range-l1-r3/newlib_syscalls_default/syscalls.o (irq_disable)
/home/luevar/Документы/nstu/IoT/git/case_1/hello-world/bin/unwd-range-l1-r3/stdio_uart.a(stdio_uart.o)
                              /home/luevar/Документы/nstu/IoT/git/case_1/hello-world/bin/unwd-range-l1-r3/newlib_syscalls_default/syscalls.o (stdio_init)
/home/luevar/Документы/nstu/IoT/git/case_1/hello-world/bin/unwd-range-l1-r3/stm32_common_periph.a(pm.o)
                              /home/luevar/Документы/nstu/IoT/git/case_1/hello-world/bin/unwd-range-l1-r3/newlib_syscalls_default/syscalls.o (pm_off)
/home/luevar/Документы/nstu/IoT/git/case_1/hello-world/bin/unwd-range-l1-r3/stm32_common_periph.a(uart.o)
                              /home/luevar/Документы/nstu/IoT/git/case_1/hello-world/bin/unwd-range-l1-r3/stdio_uart.a(stdio_uart.o) (uart_write)
/home/luevar/Документы/nstu/IoT/git/case_1/hello-world/bin/unwd-range-l1-r3/stm32_common_periph.a(gpio.o)
                              /home/luevar/Документы/nstu/IoT/git/case_1/hello-world/bin/unwd-range-l1-r3/stm32_common_periph.a(pm.o) (gpio_init)
/home/luevar/Документы/nstu/IoT/git/case_1/hello-world/bin/unwd-range-l1-r3/boards_common_unwd.a(board.o)
                              /home/luevar/Документы/nstu/IoT/git/case_1/hello-world/bin/unwd-range-l1-r3/cortexm_common.a(vectors_cortexm.o) (board_init)
/home/luevar/Документы/nstu/IoT/git/case_1/hello-world/bin/unwd-range-l1-r3/core.a(panic.o)
                              /home/luevar/Документы/nstu/IoT/git/case_1/hello-world/bin/unwd-range-l1-r3/cortexm_common.a(vectors_cortexm.o) (core_panic)
/home/luevar/Документы/nstu/IoT/git/case_1/hello-world/bin/unwd-range-l1-r3/core.a(kernel_init.o)
                              /home/luevar/Документы/nstu/IoT/git/case_1/hello-world/bin/unwd-range-l1-r3/cortexm_common.a(vectors_cortexm.o) (kernel_init)
/home/luevar/Документы/nstu/IoT/git/case_1/hello-world/bin/unwd-range-l1-r3/core.a(thread.o)
                              /home/luevar/Документы/nstu/IoT/git/case_1/hello-world/bin/unwd-range-l1-r3/core.a(kernel_init.o) (thread_create)
/home/luevar/Документы/nstu/IoT/git/case_1/hello-world/bin/unwd-range-l1-r3/cortexm_common.a(cortexm_init.o)
                              /home/luevar/Документы/nstu/IoT/git/case_1/hello-world/bin/unwd-range-l1-r3/stm32_common_periph.a(pm.o) (cpu_check_address)
/home/luevar/Документы/nstu/IoT/git/case_1/hello-world/bin/unwd-range-l1-r3/isrpipe.a(isrpipe.o)
                              /home/luevar/Документы/nstu/IoT/git/case_1/hello-world/bin/unwd-range-l1-r3/stdio_uart.a(stdio_uart.o) (isrpipe_write_one)
/home/luevar/Документы/nstu/IoT/git/case_1/hello-world/bin/unwd-range-l1-r3/pm_layered.a(pm.o)
                              /home/luevar/Документы/nstu/IoT/git/case_1/hello-world/bin/unwd-range-l1-r3/core.a(kernel_init.o) (pm_set_lowest)
/home/luevar/Документы/nstu/IoT/git/case_1/hello-world/bin/unwd-range-l1-r3/stm32_common.a(cpu_init.o)
                              /home/luevar/Документы/nstu/IoT/git/case_1/hello-world/bin/unwd-range-l1-r3/boards_common_unwd.a(board.o) (cpu_init)
/home/luevar/Документы/nstu/IoT/git/case_1/hello-world/bin/unwd-range-l1-r3/stm32_common.a(stmclk_l0l1.o)
                              /home/luevar/Документы/nstu/IoT/git/case_1/hello-world/bin/unwd-range-l1-r3/stm32_common_periph.a(pm.o) (stmclk_init_sysclk)
/home/luevar/Документы/nstu/IoT/git/case_1/hello-world/bin/unwd-range-l1-r3/stm32_common.a(cpu_common.o)
                              /home/luevar/Документы/nstu/IoT/git/case_1/hello-world/bin/unwd-range-l1-r3/stm32_common_periph.a(uart.o) (periph_apb_clk)
/home/luevar/Документы/nstu/IoT/git/case_1/hello-world/bin/unwd-range-l1-r3/stm32_common.a(stm_status.o)
                              /home/luevar/Документы/nstu/IoT/git/case_1/hello-world/bin/unwd-range-l1-r3/stm32_common.a(cpu_init.o) (cpu_init_status)
/home/luevar/Документы/nstu/IoT/git/case_1/hello-world/bin/unwd-range-l1-r3/tsrb.a(tsrb.o)
[...]
Memory Configuration

Name             Origin             Length             Attributes
ccmram           0x0000000010000000 0x0000000000000000
rom              0x0000000008000000 0x0000000000080000 xr
ram              0x0000000020000000 0x0000000000014000 w !xr
*default*        0x0000000000000000 0xffffffffffffffff

Linker script and memory map

LOAD /home/luevar/Документы/nstu/IoT/git/case_1/hello-world/bin/unwd-range-l1-r3/cpu/vectors.o
LOAD /home/luevar/Документы/nstu/IoT/git/case_1/hello-world/bin/unwd-range-l1-r3/newlib_syscalls_default/syscalls.o
START GROUP
LOAD /home/luevar/Документы/nstu/IoT/git/case_1/hello-world/bin/unwd-range-l1-r3/application_hello-world.a
LOAD /home/luevar/Документы/nstu/IoT/git/case_1/hello-world/bin/unwd-range-l1-r3/auto_init.a
LOAD /home/luevar/Документы/nstu/IoT/git/case_1/hello-world/bin/unwd-range-l1-r3/board.a
LOAD /home/luevar/Документы/nstu/IoT/git/case_1/hello-world/bin/unwd-range-l1-r3/boards_common_unwd.a
LOAD /home/luevar/Документы/nstu/IoT/git/case_1/hello-world/bin/unwd-range-l1-r3/core.a
LOAD /home/luevar/Документы/nstu/IoT/git/case_1/hello-world/bin/unwd-range-l1-r3/cortexm_common.a
LOAD /home/luevar/Документы/nstu/IoT/git/case_1/hello-world/bin/unwd-range-l1-r3/cortexm_common_periph.a
LOAD /home/luevar/Документы/nstu/IoT/git/case_1/hello-world/bin/unwd-range-l1-r3/cpu.a
LOAD /home/luevar/Документы/nstu/IoT/git/case_1/hello-world/bin/unwd-range-l1-r3/isrpipe.a
LOAD /home/luevar/Документы/nstu/IoT/git/case_1/hello-world/bin/unwd-range-l1-r3/newlib_syscalls_default.a
LOAD /home/luevar/Документы/nstu/IoT/git/case_1/hello-world/bin/unwd-range-l1-r3/periph.a
LOAD /home/luevar/Документы/nstu/IoT/git/case_1/hello-world/bin/unwd-range-l1-r3/pm_layered.a
LOAD /home/luevar/Документы/nstu/IoT/git/case_1/hello-world/bin/unwd-range-l1-r3/stdio_uart.a
LOAD /home/luevar/Документы/nstu/IoT/git/case_1/hello-world/bin/unwd-range-l1-r3/stm32_common.a
LOAD /home/luevar/Документы/nstu/IoT/git/case_1/hello-world/bin/unwd-range-l1-r3/stm32_common_periph.a
LOAD /home/luevar/Документы/nstu/IoT/git/case_1/hello-world/bin/unwd-range-l1-r3/sys.a
LOAD /home/luevar/Документы/nstu/IoT/git/case_1/hello-world/bin/unwd-range-l1-r3/tsrb.a
LOAD /home/luevar/Документы/nstu/IoT/git/case_1/hello-world/bin/unwd-range-l1-r3/periph_common.a
LOAD /usr/bin/../lib/gcc/arm-none-eabi/7.3.1/../../../../arm-none-eabi/lib/thumb/v7-m/libm.a
END GROUP
LOAD /usr/bin/../lib/gcc/arm-none-eabi/7.3.1/thumb/v7-m/libgcc.a
                0x0000000008000000                _rom_start_addr = 0x8000000
                0x0000000020000000                _ram_start_addr = 0x20000000
                0x0000000000080000                _rom_length = 0x80000
                0x0000000000014000                _ram_length = 0x14000
LOAD /usr/bin/../lib/gcc/arm-none-eabi/7.3.1/../../../../arm-none-eabi/lib/thumb/v7-m/libc_nano.a
START GROUP
LOAD /usr/bin/../lib/gcc/arm-none-eabi/7.3.1/thumb/v7-m/libgcc.a
LOAD /usr/bin/../lib/gcc/arm-none-eabi/7.3.1/../../../../arm-none-eabi/lib/thumb/v7-m/libg_nano.a
LOAD /usr/bin/../lib/gcc/arm-none-eabi/7.3.1/../../../../arm-none-eabi/lib/thumb/v7-m/libc_nano.a
END GROUP
START GROUP
LOAD /usr/bin/../lib/gcc/arm-none-eabi/7.3.1/thumb/v7-m/libgcc.a
LOAD /usr/bin/../lib/gcc/arm-none-eabi/7.3.1/../../../../arm-none-eabi/lib/thumb/v7-m/libc_nano.a
END GROUP
                0x0000000000000000                ccmram_length = DEFINED (ccmram_len)?ccmram_len:0x0
                0x0000000000000000                _rom_offset = DEFINED (_rom_offset)?_rom_offset:0x0
                0x0000000000080000                _fw_rom_length = DEFINED (_fw_rom_length)?_fw_rom_length:(_rom_length - _rom_offset)
                0x0000000000000001                ASSERT ((_fw_rom_length <= (_rom_length - _rom_offset)), Specified firmware size does not fit in ROM)

.text           0x0000000008000000     0x2530
                0x0000000008000000                . = ALIGN (0x4)
                0x0000000008000000                _sfixed = .
                0x0000000008000000                _isr_vectors = DEFINED (_isr_vectors)?_isr_vectors:.
 *(SORT_BY_NAME(.vectors*))
 .vectors.0     0x0000000008000000       0x40 /home/luevar/Документы/nstu/IoT/git/case_1/hello-world/bin/unwd-range-l1-r3/cortexm_common.a(vectors_cortexm.o)
                0x0000000008000000                cortex_vector_base
 .vectors.1     0x0000000008000040       0xe4 /home/luevar/Документы/nstu/IoT/git/case_1/hello-world/bin/unwd-range-l1-r3/cpu/vectors.o
                0x0000000008000040                vector_cpu
 *(.text .text.* .gnu.linkonce.t.*)
 .text.dummy_handler
                0x0000000008000124        0x4 /home/luevar/Документы/nstu/IoT/git/case_1/hello-world/bin/unwd-range-l1-r3/cpu/vectors.o
                0x0000000008000124                isr_pvd
                0x0000000008000124                isr_rtc_wkup
                0x0000000008000124                isr_comp_acq
                0x0000000008000124                isr_tim10
                0x0000000008000124                isr_dac
                0x0000000008000124                isr_exti
                0x0000000008000124                isr_dma2_ch5
                0x0000000008000124                isr_dma1_ch2
                0x0000000008000124                isr_tim7
                0x0000000008000124                isr_tim5
                0x0000000008000124                isr_i2c1_ev
                0x0000000008000124                isr_dma1_ch7
                0x0000000008000124                isr_tim4
                0x0000000008000124                isr_dma1_ch3
                0x0000000008000124                isr_dma2_ch3
                0x0000000008000124                isr_tim2
                0x0000000008000124                isr_sdio
                0x0000000008000124                isr_spi2
                0x0000000008000124                dummy_handler
                0x0000000008000124                isr_usb_hp
                0x0000000008000124                isr_aes
                0x0000000008000124                isr_dma2_ch4
                0x0000000008000124                isr_dma1_ch1
                0x0000000008000124                isr_tim9
                0x0000000008000124                isr_comp
                0x0000000008000124                isr_dma1_ch6
                0x0000000008000124                isr_spi1
                0x0000000008000124                isr_tim6
                0x0000000008000124                isr_usb_lp
                0x0000000008000124                isr_rcc
                0x0000000008000124                isr_flash
                0x0000000008000124                isr_uart5
                0x0000000008000124                isr_dma2_ch2
                0x0000000008000124                isr_adc1
                0x0000000008000124                isr_uart4
                0x0000000008000124                isr_i2c2_er
                0x0000000008000124                isr_usb_fs_wkup
                0x0000000008000124                isr_dma2_ch1
                0x0000000008000124                isr_tim11
                0x0000000008000124                isr_spi3
                0x0000000008000124                isr_lcd
                0x0000000008000124                isr_tim3
                0x0000000008000124                isr_dma1_ch5
                0x0000000008000124                isr_dma1_ch4
                0x0000000008000124                isr_i2c2_ev
                0x0000000008000124                isr_rtc_alarm
                0x0000000008000124                isr_tamper_stamp
                0x0000000008000124                isr_i2c1_er
                0x0000000008000124                isr_wwdg
 .text._init    0x0000000008000128        0x4 /home/luevar/Документы/nstu/IoT/git/case_1/hello-world/bin/unwd-range-l1-r3/newlib_syscalls_default/syscalls.o
                0x0000000008000128                _init
 .text._fini    0x000000000800012c        0x2 /home/luevar/Документы/nstu/IoT/git/case_1/hello-world/bin/unwd-range-l1-r3/newlib_syscalls_default/syscalls.o
                0x000000000800012c                _fini
 *fill*         0x000000000800012e        0x2 
 .text._sbrk_r  0x0000000008000130       0x3c /home/luevar/Документы/nstu/IoT/git/case_1/hello-world/bin/unwd-range-l1-r3/newlib_syscalls_default/syscalls.o
                0x0000000008000130                _sbrk_r
 .text._read_r  0x000000000800016c        0x8 /home/luevar/Документы/nstu/IoT/git/case_1/hello-world/bin/unwd-range-l1-r3/newlib_syscalls_default/syscalls.o
                0x000000000800016c                _read_r
 .text._write_r
                0x0000000008000174        0x8 /home/luevar/Документы/nstu/IoT/git/case_1/hello-world/bin/unwd-range-l1-r3/newlib_syscalls_default/syscalls.o
                0x0000000008000174                _write_r
 .text._close_r
                0x000000000800017c        0xa /home/luevar/Документы/nstu/IoT/git/case_1/hello-world/bin/unwd-range-l1-r3/newlib_syscalls_default/syscalls.o
                0x000000000800017c                _close_r
 .text._lseek_r
                0x0000000008000186        0xa /home/luevar/Документы/nstu/IoT/git/case_1/hello-world/bin/unwd-range-l1-r3/newlib_syscalls_default/syscalls.o
                0x0000000008000186                _lseek_r
 .text._fstat_r
                0x0000000008000190        0xa /home/luevar/Документы/nstu/IoT/git/case_1/hello-world/bin/unwd-range-l1-r3/newlib_syscalls_default/syscalls.o
                0x0000000008000190                _fstat_r
 .text._isatty_r
                0x000000000800019a        0xe /home/luevar/Документы/nstu/IoT/git/case_1/hello-world/bin/unwd-range-l1-r3/newlib_syscalls_default/syscalls.o
                0x000000000800019a                _isatty_r
 .text.sched_run
                0x00000000080001a8       0x64 /home/luevar/Документы/nstu/IoT/git/case_1/hello-world/bin/unwd-range-l1-r3/core.a(sched.o)
                0x00000000080001a8                sched_run
 .text.sched_set_status
                0x000000000800020c       0x80 /home/luevar/Документы/nstu/IoT/git/case_1/hello-world/bin/unwd-range-l1-r3/core.a(sched.o)
                0x000000000800020c                sched_set_status
 .text.sched_switch
                0x000000000800028c       0x30 /home/luevar/Документы/nstu/IoT/git/case_1/hello-world/bin/unwd-range-l1-r3/core.a(sched.o)
                0x000000000800028c                sched_switch
 .text.sched_task_exit
                0x00000000080002bc       0x3c /home/luevar/Документы/nstu/IoT/git/case_1/hello-world/bin/unwd-range-l1-r3/core.a(sched.o)
                0x00000000080002bc                sched_task_exit
 .text.thread_stack_init
                0x00000000080002f8       0x64 /home/luevar/Документы/nstu/IoT/git/case_1/hello-world/bin/unwd-range-l1-r3/cortexm_common.a(thread_arch.o)
                0x00000000080002f8                thread_stack_init
 .text.cpu_switch_context_exit
                0x000000000800035c        0x8 /home/luevar/Документы/nstu/IoT/git/case_1/hello-world/bin/unwd-range-l1-r3/cortexm_common.a(thread_arch.o)
                0x000000000800035c                cpu_switch_context_exit
 .text.thread_yield_higher
                0x0000000008000364       0x10 /home/luevar/Документы/nstu/IoT/git/case_1/hello-world/bin/unwd-range-l1-r3/cortexm_common.a(thread_arch.o)
                0x0000000008000364                thread_yield_higher
 .text.isr_pendsv
                0x0000000008000374       0x1c /home/luevar/Документы/nstu/IoT/git/case_1/hello-world/bin/unwd-range-l1-r3/cortexm_common.a(thread_arch.o)
                0x0000000008000374                isr_pendsv
 .text.isr_svc  0x0000000008000390       0x1c /home/luevar/Документы/nstu/IoT/git/case_1/hello-world/bin/unwd-range-l1-r3/cortexm_common.a(thread_arch.o)
                0x0000000008000390                isr_svc
 .text.hard_fault_default
                0x00000000080003ac       0x44 /home/luevar/Документы/nstu/IoT/git/case_1/hello-world/bin/unwd-range-l1-r3/cortexm_common.a(vectors_cortexm.o)
                0x00000000080003ac                hard_fault_default
 .text.nmi_default
                0x00000000080003f0       0x10 /home/luevar/Документы/nstu/IoT/git/case_1/hello-world/bin/unwd-range-l1-r3/cortexm_common.a(vectors_cortexm.o)
                0x00000000080003f0                nmi_default
 .text.mem_manage_default
                0x0000000008000400       0x10 /home/luevar/Документы/nstu/IoT/git/case_1/hello-world/bin/unwd-range-l1-r3/cortexm_common.a(vectors_cortexm.o)
                0x0000000008000400                mem_manage_default
 .text.bus_fault_default
                0x0000000008000410       0x10 /home/luevar/Документы/nstu/IoT/git/case_1/hello-world/bin/unwd-range-l1-r3/cortexm_common.a(vectors_cortexm.o)
                0x0000000008000410                bus_fault_default
 .text.usage_fault_default
                0x0000000008000420       0x10 /home/luevar/Документы/nstu/IoT/git/case_1/hello-world/bin/unwd-range-l1-r3/cortexm_common.a(vectors_cortexm.o)
                0x0000000008000420                usage_fault_default
 .text.debug_mon_default
                0x0000000008000430       0x10 /home/luevar/Документы/nstu/IoT/git/case_1/hello-world/bin/unwd-range-l1-r3/cortexm_common.a(vectors_cortexm.o)
                0x0000000008000430                debug_mon_default
 .text.dummy_handler_default
                0x0000000008000440       0x10 /home/luevar/Документы/nstu/IoT/git/case_1/hello-world/bin/unwd-range-l1-r3/cortexm_common.a(vectors_cortexm.o)
                0x0000000008000440                dummy_handler_default
                0x0000000008000440                isr_systick
 .text.pre_startup
                0x0000000008000450        0x2 /home/luevar/Документы/nstu/IoT/git/case_1/hello-world/bin/unwd-range-l1-r3/cortexm_common.a(vectors_cortexm.o)
                0x0000000008000450                pre_startup
 .text.post_startup
                0x0000000008000452        0x2 /home/luevar/Документы/nstu/IoT/git/case_1/hello-world/bin/unwd-range-l1-r3/cortexm_common.a(vectors_cortexm.o)
                0x0000000008000452                post_startup
 .text.reset_handler_default
                0x0000000008000454       0x6c /home/luevar/Документы/nstu/IoT/git/case_1/hello-world/bin/unwd-range-l1-r3/cortexm_common.a(vectors_cortexm.o)
                0x0000000008000454                reset_handler_default
 .text.hard_fault_handler
                0x00000000080004c0      0x188 /home/luevar/Документы/nstu/IoT/git/case_1/hello-world/bin/unwd-range-l1-r3/cortexm_common.a(vectors_cortexm.o)
                0x00000000080004c0                hard_fault_handler
 .text.irq_disable
                0x0000000008000648        0x8 /home/luevar/Документы/nstu/IoT/git/case_1/hello-world/bin/unwd-range-l1-r3/cortexm_common.a(irq_arch.o)
                0x0000000008000648                irq_disable
 .text.irq_enable
                0x0000000008000650        0x8 /home/luevar/Документы/nstu/IoT/git/case_1/hello-world/bin/unwd-range-l1-r3/cortexm_common.a(irq_arch.o)
                0x0000000008000650                irq_enable
 .text.irq_restore
                0x0000000008000658        0x6 /home/luevar/Документы/nstu/IoT/git/case_1/hello-world/bin/unwd-range-l1-r3/cortexm_common.a(irq_arch.o)
                0x0000000008000658                irq_restore
 .text.irq_is_in
                0x000000000800065e        0x8 /home/luevar/Документы/nstu/IoT/git/case_1/hello-world/bin/unwd-range-l1-r3/cortexm_common.a(irq_arch.o)
                0x000000000800065e                irq_is_in
 *fill*         0x0000000008000666        0x2 
 .text.stdio_init
                0x0000000008000668       0x18 /home/luevar/Документы/nstu/IoT/git/case_1/hello-world/bin/unwd-range-l1-r3/stdio_uart.a(stdio_uart.o)
                0x0000000008000668                stdio_init
 .text.stdio_read
                0x0000000008000680       0x10 /home/luevar/Документы/nstu/IoT/git/case_1/hello-world/bin/unwd-range-l1-r3/stdio_uart.a(stdio_uart.o)
                0x0000000008000680                stdio_read
 .text.stdio_write
                0x0000000008000690       0x12 /home/luevar/Документы/nstu/IoT/git/case_1/hello-world/bin/unwd-range-l1-r3/stdio_uart.a(stdio_uart.o)
                0x0000000008000690                stdio_write
 *fill*         0x00000000080006a2        0x2 
 .text.pm_set   0x00000000080006a4      0x220 /home/luevar/Документы/nstu/IoT/git/case_1/hello-world/bin/unwd-range-l1-r3/stm32_common_periph.a(pm.o)
                0x00000000080006a4                pm_set
 .text.pm_off   0x00000000080008c4       0x14 /home/luevar/Документы/nstu/IoT/git/case_1/hello-world/bin/unwd-range-l1-r3/stm32_common_periph.a(pm.o)
                0x00000000080008c4                pm_off
 .text.irq_handler
                0x00000000080008d8       0x48 /home/luevar/Документы/nstu/IoT/git/case_1/hello-world/bin/unwd-range-l1-r3/stm32_common_periph.a(uart.o)
 .text.uart_set_baudrate
                0x0000000008000920       0x7c /home/luevar/Документы/nstu/IoT/git/case_1/hello-world/bin/unwd-range-l1-r3/stm32_common_periph.a(uart.o)
                0x0000000008000920                uart_set_baudrate
 .text.uart_write
                0x000000000800099c       0x40 /home/luevar/Документы/nstu/IoT/git/case_1/hello-world/bin/unwd-range-l1-r3/stm32_common_periph.a(uart.o)
                0x000000000800099c                uart_write
 .text.uart_poweron
                0x00000000080009dc       0x2c /home/luevar/Документы/nstu/IoT/git/case_1/hello-world/bin/unwd-range-l1-r3/stm32_common_periph.a(uart.o)
                0x00000000080009dc                uart_poweron
 .text.uart_init
                0x0000000008000a08       0xc0 /home/luevar/Документы/nstu/IoT/git/case_1/hello-world/bin/unwd-range-l1-r3/stm32_common_periph.a(uart.o)
                0x0000000008000a08                uart_init
 .text.isr_usart1
                0x0000000008000ac8        0x6 /home/luevar/Документы/nstu/IoT/git/case_1/hello-world/bin/unwd-range-l1-r3/stm32_common_periph.a(uart.o)
                0x0000000008000ac8                isr_usart1
 .text.isr_usart2
                0x0000000008000ace        0x6 /home/luevar/Документы/nstu/IoT/git/case_1/hello-world/bin/unwd-range-l1-r3/stm32_common_periph.a(uart.o)
                0x0000000008000ace                isr_usart2
 .text.isr_usart3
                0x0000000008000ad4        0x6 /home/luevar/Документы/nstu/IoT/git/case_1/hello-world/bin/unwd-range-l1-r3/stm32_common_periph.a(uart.o)
                0x0000000008000ad4                isr_usart3
 .text.gpio_init
                0x0000000008000ada       0x7a /home/luevar/Документы/nstu/IoT/git/case_1/hello-world/bin/unwd-range-l1-r3/stm32_common_periph.a(gpio.o)
                0x0000000008000ada                gpio_init
 .text.gpio_init_af
                0x0000000008000b54       0x5a /home/luevar/Документы/nstu/IoT/git/case_1/hello-world/bin/unwd-range-l1-r3/stm32_common_periph.a(gpio.o)
                0x0000000008000b54                gpio_init_af
 .text.gpio_set
                0x0000000008000bae       0x16 /home/luevar/Документы/nstu/IoT/git/case_1/hello-world/bin/unwd-range-l1-r3/stm32_common_periph.a(gpio.o)
                0x0000000008000bae                gpio_set
 .text.board_init
                0x0000000008000bc4       0x18 /home/luevar/Документы/nstu/IoT/git/case_1/hello-world/bin/unwd-range-l1-r3/boards_common_unwd.a(board.o)
                0x0000000008000bc4                board_init
 .text.panic_arch
                0x0000000008000bdc        0x2 /home/luevar/Документы/nstu/IoT/git/case_1/hello-world/bin/unwd-range-l1-r3/core.a(panic.o)
                0x0000000008000bdc                panic_arch
 *fill*         0x0000000008000bde        0x2 
 .text.core_panic
                0x0000000008000be0       0x44 /home/luevar/Документы/nstu/IoT/git/case_1/hello-world/bin/unwd-range-l1-r3/core.a(panic.o)
                0x0000000008000be0                core_panic
 .text.main_trampoline
                0x0000000008000c24       0x18 /home/luevar/Документы/nstu/IoT/git/case_1/hello-world/bin/unwd-range-l1-r3/core.a(kernel_init.o)
 .text.idle_thread
                0x0000000008000c3c        0x8 /home/luevar/Документы/nstu/IoT/git/case_1/hello-world/bin/unwd-range-l1-r3/core.a(kernel_init.o)
 .text.kernel_init
                0x0000000008000c44       0x58 /home/luevar/Документы/nstu/IoT/git/case_1/hello-world/bin/unwd-range-l1-r3/core.a(kernel_init.o)
                0x0000000008000c44                kernel_init
 .text.thread_add_to_list
                0x0000000008000c9c       0x30 /home/luevar/Документы/nstu/IoT/git/case_1/hello-world/bin/unwd-range-l1-r3/core.a(thread.o)
                0x0000000008000c9c                thread_add_to_list
 .text.thread_create
                0x0000000008000ccc       0xec /home/luevar/Документы/nstu/IoT/git/case_1/hello-world/bin/unwd-range-l1-r3/core.a(thread.o)
                0x0000000008000ccc                thread_create
 .text.cpu_check_address
                0x0000000008000db8       0x38 /home/luevar/Документы/nstu/IoT/git/case_1/hello-world/bin/unwd-range-l1-r3/cortexm_common.a(cortexm_init.o)
                0x0000000008000db8                cpu_check_address
 .text.cpu_find_memory_size
                0x0000000008000df0       0x1e /home/luevar/Документы/nstu/IoT/git/case_1/hello-world/bin/unwd-range-l1-r3/cortexm_common.a(cortexm_init.o)
                0x0000000008000df0                cpu_find_memory_size
 *fill*         0x0000000008000e0e        0x2 
 .text.cortexm_init
                0x0000000008000e10       0x40 /home/luevar/Документы/nstu/IoT/git/case_1/hello-world/bin/unwd-range-l1-r3/cortexm_common.a(cortexm_init.o)
                0x0000000008000e10                cortexm_init
 .text.isrpipe_write_one
                0x0000000008000e50       0x16 /home/luevar/Документы/nstu/IoT/git/case_1/hello-world/bin/unwd-range-l1-r3/isrpipe.a(isrpipe.o)
                0x0000000008000e50                isrpipe_write_one
 .text.isrpipe_read
                0x0000000008000e66       0x24 /home/luevar/Документы/nstu/IoT/git/case_1/hello-world/bin/unwd-range-l1-r3/isrpipe.a(isrpipe.o)
                0x0000000008000e66                isrpipe_read
 *fill*         0x0000000008000e8a        0x2 
 .text.pm_set_lowest
                0x0000000008000e8c       0x40 /home/luevar/Документы/nstu/IoT/git/case_1/hello-world/bin/unwd-range-l1-r3/pm_layered.a(pm.o)
                0x0000000008000e8c                pm_set_lowest
 .text.cpu_init
                0x0000000008000ecc       0x90 /home/luevar/Документы/nstu/IoT/git/case_1/hello-world/bin/unwd-range-l1-r3/stm32_common.a(cpu_init.o)
                0x0000000008000ecc                cpu_init
 .text.stmclk_init_sysclk
                0x0000000008000f5c      0x160 /home/luevar/Документы/nstu/IoT/git/case_1/hello-world/bin/unwd-range-l1-r3/stm32_common.a(stmclk_l0l1.o)
                0x0000000008000f5c                stmclk_init_sysclk
 .text.periph_apb_clk
                0x00000000080010bc        0xc /home/luevar/Документы/nstu/IoT/git/case_1/hello-world/bin/unwd-range-l1-r3/stm32_common.a(cpu_common.o)
                0x00000000080010bc                periph_apb_clk
 .text.periph_clk_en
                0x00000000080010c8       0x34 /home/luevar/Документы/nstu/IoT/git/case_1/hello-world/bin/unwd-range-l1-r3/stm32_common.a(cpu_common.o)
                0x00000000080010c8                periph_clk_en
 .text.periph_clk_dis
                0x00000000080010fc       0x34 /home/luevar/Документы/nstu/IoT/git/case_1/hello-world/bin/unwd-range-l1-r3/stm32_common.a(cpu_common.o)
                0x00000000080010fc                periph_clk_dis
 .text.is_periph_clk
                0x0000000008001130       0x30 /home/luevar/Документы/nstu/IoT/git/case_1/hello-world/bin/unwd-range-l1-r3/stm32_common.a(cpu_common.o)
                0x0000000008001130                is_periph_clk
 .text.cpu_init_status
                0x0000000008001160       0x78 /home/luevar/Документы/nstu/IoT/git/case_1/hello-world/bin/unwd-range-l1-r3/stm32_common.a(stm_status.o)
                0x0000000008001160                cpu_init_status
 .text._pop     0x00000000080011d8       0x12 /home/luevar/Документы/nstu/IoT/git/case_1/hello-world/bin/unwd-range-l1-r3/tsrb.a(tsrb.o)
 .text.tsrb_get
                0x00000000080011ea       0x26 /home/luevar/Документы/nstu/IoT/git/case_1/hello-world/bin/unwd-range-l1-r3/tsrb.a(tsrb.o)
                0x00000000080011ea                tsrb_get
 .text.tsrb_add_one
                0x0000000008001210       0x26 /home/luevar/Документы/nstu/IoT/git/case_1/hello-world/bin/unwd-range-l1-r3/tsrb.a(tsrb.o)
                0x0000000008001210                tsrb_add_one
 .text.periph_init
                0x0000000008001236        0x2 /home/luevar/Документы/nstu/IoT/git/case_1/hello-world/bin/unwd-range-l1-r3/periph_common.a(init.o)
                0x0000000008001236                periph_init
 .text.startup.main
                0x0000000008001238       0x10 /home/luevar/Документы/nstu/IoT/git/case_1/hello-world/bin/unwd-range-l1-r3/application_hello-world.a(main.o)
                0x0000000008001238                main
 .text.auto_init
                0x0000000008001248        0x2 /home/luevar/Документы/nstu/IoT/git/case_1/hello-world/bin/unwd-range-l1-r3/auto_init.a(auto_init.o)
                0x0000000008001248                auto_init
 *fill*         0x000000000800124a        0x2 
 .text._mutex_lock
                0x000000000800124c       0x60 /home/luevar/Документы/nstu/IoT/git/case_1/hello-world/bin/unwd-range-l1-r3/core.a(mutex.o)
                0x000000000800124c                _mutex_lock
 .text.mutex_unlock
                0x00000000080012ac       0x4c /home/luevar/Документы/nstu/IoT/git/case_1/hello-world/bin/unwd-range-l1-r3/core.a(mutex.o)
                0x00000000080012ac                mutex_unlock
 .text.__libc_init_array
                0x00000000080012f8       0x48 /usr/bin/../lib/gcc/arm-none-eabi/7.3.1/../../../../arm-none-eabi/lib/thumb/v7-m/libc_nano.a(lib_a-init.o)
                0x00000000080012f8                __libc_init_array
 .text.printf   0x0000000008001340       0x30 /usr/bin/../lib/gcc/arm-none-eabi/7.3.1/../../../../arm-none-eabi/lib/thumb/v7-m/libc_nano.a(lib_a-printf.o)
                0x0000000008001340                printf
                0x0000000008001340                iprintf
 .text._puts_r  0x0000000008001370       0xb8 /usr/bin/../lib/gcc/arm-none-eabi/7.3.1/../../../../arm-none-eabi/lib/thumb/v7-m/libc_nano.a(lib_a-puts.o)
                0x0000000008001370                _puts_r
 .text.puts     0x0000000008001428       0x10 /usr/bin/../lib/gcc/arm-none-eabi/7.3.1/../../../../arm-none-eabi/lib/thumb/v7-m/libc_nano.a(lib_a-puts.o)
                0x0000000008001428                puts
 .text.__swbuf_r
                0x0000000008001438       0xa4 /usr/bin/../lib/gcc/arm-none-eabi/7.3.1/../../../../arm-none-eabi/lib/thumb/v7-m/libc_nano.a(lib_a-wbuf.o)
                0x0000000008001438                __swbuf_r
 .text.__swsetup_r
                0x00000000080014dc       0xdc /usr/bin/../lib/gcc/arm-none-eabi/7.3.1/../../../../arm-none-eabi/lib/thumb/v7-m/libc_nano.a(lib_a-wsetup.o)
                0x00000000080014dc                __swsetup_r
 .text.__sflush_r
                0x00000000080015b8      0x10c /usr/bin/../lib/gcc/arm-none-eabi/7.3.1/../../../../arm-none-eabi/lib/thumb/v7-m/libc_nano.a(lib_a-fflush.o)
                0x00000000080015b8                __sflush_r
 .text._fflush_r
                0x00000000080016c4       0x54 /usr/bin/../lib/gcc/arm-none-eabi/7.3.1/../../../../arm-none-eabi/lib/thumb/v7-m/libc_nano.a(lib_a-fflush.o)
                0x00000000080016c4                _fflush_r
 .text.std      0x0000000008001718       0x48 /usr/bin/../lib/gcc/arm-none-eabi/7.3.1/../../../../arm-none-eabi/lib/thumb/v7-m/libc_nano.a(lib_a-findfp.o)
 .text._cleanup_r
                0x0000000008001760        0xc /usr/bin/../lib/gcc/arm-none-eabi/7.3.1/../../../../arm-none-eabi/lib/thumb/v7-m/libc_nano.a(lib_a-findfp.o)
                0x0000000008001760                _cleanup_r
 .text.__sfmoreglue
                0x000000000800176c       0x2c /usr/bin/../lib/gcc/arm-none-eabi/7.3.1/../../../../arm-none-eabi/lib/thumb/v7-m/libc_nano.a(lib_a-findfp.o)
                0x000000000800176c                __sfmoreglue
 .text.__sinit  0x0000000008001798       0x60 /usr/bin/../lib/gcc/arm-none-eabi/7.3.1/../../../../arm-none-eabi/lib/thumb/v7-m/libc_nano.a(lib_a-findfp.o)
                0x0000000008001798                __sinit
 .text.__sfp    0x00000000080017f8       0x78 /usr/bin/../lib/gcc/arm-none-eabi/7.3.1/../../../../arm-none-eabi/lib/thumb/v7-m/libc_nano.a(lib_a-findfp.o)
                0x00000000080017f8                __sfp
 .text._fwalk_reent
                0x0000000008001870       0x3c /usr/bin/../lib/gcc/arm-none-eabi/7.3.1/../../../../arm-none-eabi/lib/thumb/v7-m/libc_nano.a(lib_a-fwalk.o)
                0x0000000008001870                _fwalk_reent
 .text.__swhatbuf_r
                0x00000000080018ac       0x48 /usr/bin/../lib/gcc/arm-none-eabi/7.3.1/../../../../arm-none-eabi/lib/thumb/v7-m/libc_nano.a(lib_a-makebuf.o)
                0x00000000080018ac                __swhatbuf_r
 .text.__smakebuf_r
                0x00000000080018f4       0x80 /usr/bin/../lib/gcc/arm-none-eabi/7.3.1/../../../../arm-none-eabi/lib/thumb/v7-m/libc_nano.a(lib_a-makebuf.o)
                0x00000000080018f4                __smakebuf_r
 .text.memset   0x0000000008001974       0x10 /usr/bin/../lib/gcc/arm-none-eabi/7.3.1/../../../../arm-none-eabi/lib/thumb/v7-m/libc_nano.a(lib_a-memset.o)
                0x0000000008001974                memset
 .text._free_r  0x0000000008001984       0x98 /usr/bin/../lib/gcc/arm-none-eabi/7.3.1/../../../../arm-none-eabi/lib/thumb/v7-m/libc_nano.a(lib_a-nano-freer.o)
                0x0000000008001984                _free_r
 .text._malloc_r
                0x0000000008001a1c       0xb4 /usr/bin/../lib/gcc/arm-none-eabi/7.3.1/../../../../arm-none-eabi/lib/thumb/v7-m/libc_nano.a(lib_a-nano-mallocr.o)
                0x0000000008001a1c                _malloc_r
 .text.__sfputc_r
                0x0000000008001ad0       0x2a /usr/bin/../lib/gcc/arm-none-eabi/7.3.1/../../../../arm-none-eabi/lib/thumb/v7-m/libc_nano.a(lib_a-nano-vfprintf.o)
 .text.__sfputs_r
                0x0000000008001afa       0x24 /usr/bin/../lib/gcc/arm-none-eabi/7.3.1/../../../../arm-none-eabi/lib/thumb/v7-m/libc_nano.a(lib_a-nano-vfprintf.o)
                0x0000000008001afa                __sfputs_r
 *fill*         0x0000000008001b1e        0x2 
 .text._vfprintf_r
                0x0000000008001b20      0x22c /usr/bin/../lib/gcc/arm-none-eabi/7.3.1/../../../../arm-none-eabi/lib/thumb/v7-m/libc_nano.a(lib_a-nano-vfprintf.o)
                0x0000000008001b20                _vfiprintf_r
                0x0000000008001b20                _vfprintf_r
 .text._printf_common
                0x0000000008001d4c       0xec /usr/bin/../lib/gcc/arm-none-eabi/7.3.1/../../../../arm-none-eabi/lib/thumb/v7-m/libc_nano.a(lib_a-nano-vfprintf_i.o)
                0x0000000008001d4c                _printf_common
 .text._printf_i
                0x0000000008001e38      0x224 /usr/bin/../lib/gcc/arm-none-eabi/7.3.1/../../../../arm-none-eabi/lib/thumb/v7-m/libc_nano.a(lib_a-nano-vfprintf_i.o)
                0x0000000008001e38                _printf_i
 .text.__sread  0x000000000800205c       0x22 /usr/bin/../lib/gcc/arm-none-eabi/7.3.1/../../../../arm-none-eabi/lib/thumb/v7-m/libc_nano.a(lib_a-stdio.o)
                0x000000000800205c                __sread
 .text.__swrite
                0x000000000800207e       0x38 /usr/bin/../lib/gcc/arm-none-eabi/7.3.1/../../../../arm-none-eabi/lib/thumb/v7-m/libc_nano.a(lib_a-stdio.o)
                0x000000000800207e                __swrite
 .text.__sseek  0x00000000080020b6       0x24 /usr/bin/../lib/gcc/arm-none-eabi/7.3.1/../../../../arm-none-eabi/lib/thumb/v7-m/libc_nano.a(lib_a-stdio.o)
                0x00000000080020b6                __sseek
 .text.__sclose
                0x00000000080020da        0x8 /usr/bin/../lib/gcc/arm-none-eabi/7.3.1/../../../../arm-none-eabi/lib/thumb/v7-m/libc_nano.a(lib_a-stdio.o)
                0x00000000080020da                __sclose
 .text.memchr   0x00000000080020e2       0x1c /usr/bin/../lib/gcc/arm-none-eabi/7.3.1/../../../../arm-none-eabi/lib/thumb/v7-m/libc_nano.a(lib_a-memchr-stub.o)
                0x00000000080020e2                memchr
 .text.__malloc_lock
                0x00000000080020fe        0x2 /usr/bin/../lib/gcc/arm-none-eabi/7.3.1/../../../../arm-none-eabi/lib/thumb/v7-m/libc_nano.a(lib_a-mlock.o)
                0x00000000080020fe                __malloc_lock
 .text.__malloc_unlock
                0x0000000008002100        0x2 /usr/bin/../lib/gcc/arm-none-eabi/7.3.1/../../../../arm-none-eabi/lib/thumb/v7-m/libc_nano.a(lib_a-mlock.o)
                0x0000000008002100                __malloc_unlock
 *(.glue_7t)
 .glue_7t       0x0000000008002102        0x0 linker stubs
 *(.glue_7)
 .glue_7        0x0000000008002102        0x0 linker stubs
 *(.rodata .rodata* .gnu.linkonce.r.*)
 .rodata.bus_fault_default.str1.1
                0x0000000008002102       0x12 /home/luevar/Документы/nstu/IoT/git/case_1/hello-world/bin/unwd-range-l1-r3/cortexm_common.a(vectors_cortexm.o)
 .rodata.debug_mon_default.str1.1
                0x0000000008002114       0x12 /home/luevar/Документы/nstu/IoT/git/case_1/hello-world/bin/unwd-range-l1-r3/cortexm_common.a(vectors_cortexm.o)
 .rodata.dummy_handler_default.str1.1
                0x0000000008002126        0xe /home/luevar/Документы/nstu/IoT/git/case_1/hello-world/bin/unwd-range-l1-r3/cortexm_common.a(vectors_cortexm.o)
 .rodata.hard_fault_handler.str1.1
                0x0000000008002134      0x1f4 /home/luevar/Документы/nstu/IoT/git/case_1/hello-world/bin/unwd-range-l1-r3/cortexm_common.a(vectors_cortexm.o)
 .rodata.mem_manage_default.str1.1
                0x0000000008002328       0x13 /home/luevar/Документы/nstu/IoT/git/case_1/hello-world/bin/unwd-range-l1-r3/cortexm_common.a(vectors_cortexm.o)
 .rodata.nmi_default.str1.1
                0x000000000800233b        0xc /home/luevar/Документы/nstu/IoT/git/case_1/hello-world/bin/unwd-range-l1-r3/cortexm_common.a(vectors_cortexm.o)
 .rodata.usage_fault_default.str1.1
                0x0000000008002347       0x14 /home/luevar/Документы/nstu/IoT/git/case_1/hello-world/bin/unwd-range-l1-r3/cortexm_common.a(vectors_cortexm.o)
 *fill*         0x000000000800235b        0x1 
 .rodata.uart_config
                0x000000000800235c       0x48 /home/luevar/Документы/nstu/IoT/git/case_1/hello-world/bin/unwd-range-l1-r3/stm32_common_periph.a(pm.o)
 .rodata.uart_config
                0x00000000080023a4       0x48 /home/luevar/Документы/nstu/IoT/git/case_1/hello-world/bin/unwd-range-l1-r3/stm32_common_periph.a(uart.o)
 .rodata.assert_crash_message
                0x00000000080023ec       0x12 /home/luevar/Документы/nstu/IoT/git/case_1/hello-world/bin/unwd-range-l1-r3/core.a(panic.o)
                0x00000000080023ec                assert_crash_message
 .rodata.core_panic.str1.1
                0x00000000080023fe       0x2e /home/luevar/Документы/nstu/IoT/git/case_1/hello-world/bin/unwd-range-l1-r3/core.a(panic.o)
 .rodata.main_trampoline.str1.1
                0x000000000800242c       0x30 /home/luevar/Документы/nstu/IoT/git/case_1/hello-world/bin/unwd-range-l1-r3/core.a(kernel_init.o)
 .rodata.str1.1
                0x000000000800245c        0xa /home/luevar/Документы/nstu/IoT/git/case_1/hello-world/bin/unwd-range-l1-r3/core.a(kernel_init.o)
 .rodata.CSWTCH.1
                0x0000000008002466       0x22 /home/luevar/Документы/nstu/IoT/git/case_1/hello-world/bin/unwd-range-l1-r3/stm32_common.a(stm_status.o)
 .rodata.main.str1.1
                0x0000000008002488        0xd /home/luevar/Документы/nstu/IoT/git/case_1/hello-world/bin/unwd-range-l1-r3/application_hello-world.a(main.o)
 *fill*         0x0000000008002495        0x3 
 .rodata._global_impure_ptr
                0x0000000008002498        0x4 /usr/bin/../lib/gcc/arm-none-eabi/7.3.1/../../../../arm-none-eabi/lib/thumb/v7-m/libc_nano.a(lib_a-impure.o)
                0x0000000008002498                _global_impure_ptr
 .rodata.__sf_fake_stderr
                0x000000000800249c       0x20 /usr/bin/../lib/gcc/arm-none-eabi/7.3.1/../../../../arm-none-eabi/lib/thumb/v7-m/libc_nano.a(lib_a-findfp.o)
                0x000000000800249c                __sf_fake_stderr
 .rodata.__sf_fake_stdin
                0x00000000080024bc       0x20 /usr/bin/../lib/gcc/arm-none-eabi/7.3.1/../../../../arm-none-eabi/lib/thumb/v7-m/libc_nano.a(lib_a-findfp.o)
                0x00000000080024bc                __sf_fake_stdin
 .rodata.__sf_fake_stdout
                0x00000000080024dc       0x20 /usr/bin/../lib/gcc/arm-none-eabi/7.3.1/../../../../arm-none-eabi/lib/thumb/v7-m/libc_nano.a(lib_a-findfp.o)
                0x00000000080024dc                __sf_fake_stdout
 .rodata._vfprintf_r.str1.1
                0x00000000080024fc       0x11 /usr/bin/../lib/gcc/arm-none-eabi/7.3.1/../../../../arm-none-eabi/lib/thumb/v7-m/libc_nano.a(lib_a-nano-vfprintf.o)
 .rodata._printf_i.str1.1
                0x000000000800250d       0x22 /usr/bin/../lib/gcc/arm-none-eabi/7.3.1/../../../../arm-none-eabi/lib/thumb/v7-m/libc_nano.a(lib_a-nano-vfprintf_i.o)
 *(.ARM.extab* .gnu.linkonce.armextab.*)
                0x0000000008002530                . = ALIGN (0x4)
 *fill*         0x000000000800252f        0x1 
 *(.init)
                0x0000000008002530                . = ALIGN (0x4)
                0x0000000008002530                __preinit_array_start = .
 *(.preinit_array)
                0x0000000008002530                __preinit_array_end = .
                0x0000000008002530                . = ALIGN (0x4)
                0x0000000008002530                __init_array_start = .
 *(SORT_BY_NAME(.init_array.*))
 *(.init_array)
                0x0000000008002530                __init_array_end = .
                0x0000000008002530                . = ALIGN (0x4)
 *crtbegin.o(.ctors)
 *(EXCLUDE_FILE(*crtend.o) .ctors)
 *(SORT_BY_NAME(.ctors.*))
 *crtend.o(.ctors)
                0x0000000008002530                . = ALIGN (0x4)
 *(.fini)
                0x0000000008002530                . = ALIGN (0x4)
                0x0000000008002530                __fini_array_start = .
 *(.fini_array)
 *(SORT_BY_NAME(.fini_array.*))
                0x0000000008002530                __fini_array_end = .
 *crtbegin.o(.dtors)
 *(EXCLUDE_FILE(*crtend.o) .dtors)
 *(SORT_BY_NAME(.dtors.*))
 *crtend.o(.dtors)
                0x0000000008002530                . = ALIGN (0x4)
                0x0000000008002530                _efixed = .
                [!provide]                        PROVIDE (__exidx_start = .)

.vfp11_veneer   0x0000000008002530        0x0
 .vfp11_veneer  0x0000000008002530        0x0 linker stubs

.v4_bx          0x0000000008002530        0x0
 .v4_bx         0x0000000008002530        0x0 linker stubs

.iplt           0x0000000008002530        0x0
 .iplt          0x0000000008002530        0x0 /home/luevar/Документы/nstu/IoT/git/case_1/hello-world/bin/unwd-range-l1-r3/cpu/vectors.o

.igot.plt       0x0000000008002530        0x0
 .igot.plt      0x0000000008002530        0x0 /home/luevar/Документы/nstu/IoT/git/case_1/hello-world/bin/unwd-range-l1-r3/cpu/vectors.o

.rel.dyn        0x0000000008002530        0x0
 .rel.iplt      0x0000000008002530        0x0 /home/luevar/Документы/nstu/IoT/git/case_1/hello-world/bin/unwd-range-l1-r3/cpu/vectors.o

.ARM.exidx
 *(.ARM.exidx* .gnu.linkonce.armexidx.*)
                [!provide]                        PROVIDE (__exidx_end = .)
                0x0000000008002530                . = ALIGN (0x4)

.eh_frame
 *(.eh_frame)
                0x0000000008002530                . = ALIGN (0x4)
                0x0000000008002530                _etext = .

.stack          0x0000000020000000      0x200
 *(.puf)
                0x0000000020000000                . = ALIGN (0x8)
                0x0000000020000000                _sstack = .
 *(.isr_stack)
 .isr_stack     0x0000000020000000      0x200 /home/luevar/Документы/nstu/IoT/git/case_1/hello-world/bin/unwd-range-l1-r3/cortexm_common.a(vectors_cortexm.o)
                0x0000000020000000                isr_stack
                0x0000000020000200                . = ALIGN (0x8)
                0x0000000020000200                _estack = .

.relocate       0x0000000020000200       0x8c load address 0x0000000008002530
                0x0000000020000200                . = ALIGN (0x4)
                0x0000000020000200                _srelocate = .
 *(.ramfunc .ramfunc.*)
 *(.data .data.*)
 .data.heap_top
                0x0000000020000200        0x4 /home/luevar/Документы/nstu/IoT/git/case_1/hello-world/bin/unwd-range-l1-r3/newlib_syscalls_default/syscalls.o
                0x0000000020000200                heap_top
 .data.stdio_uart_isrpipe
                0x0000000020000204       0x14 /home/luevar/Документы/nstu/IoT/git/case_1/hello-world/bin/unwd-range-l1-r3/stdio_uart.a(stdio_uart.o)
                0x0000000020000204                stdio_uart_isrpipe
 .data.idle_name
                0x0000000020000218        0x4 /home/luevar/Документы/nstu/IoT/git/case_1/hello-world/bin/unwd-range-l1-r3/core.a(kernel_init.o)
                0x0000000020000218                idle_name
 .data.main_name
                0x000000002000021c        0x4 /home/luevar/Документы/nstu/IoT/git/case_1/hello-world/bin/unwd-range-l1-r3/core.a(kernel_init.o)
                0x000000002000021c                main_name
 .data.pm_blocker
                0x0000000020000220        0x4 /home/luevar/Документы/nstu/IoT/git/case_1/hello-world/bin/unwd-range-l1-r3/pm_layered.a(pm.o)
                0x0000000020000220                pm_blocker
 .data._impure_ptr
                0x0000000020000224        0x4 /usr/bin/../lib/gcc/arm-none-eabi/7.3.1/../../../../arm-none-eabi/lib/thumb/v7-m/libc_nano.a(lib_a-impure.o)
                0x0000000020000224                _impure_ptr
 .data.impure_data
                0x0000000020000228       0x60 /usr/bin/../lib/gcc/arm-none-eabi/7.3.1/../../../../arm-none-eabi/lib/thumb/v7-m/libc_nano.a(lib_a-impure.o)
 *(.openocd .openocd.*)
 .openocd       0x0000000020000288        0x2 /home/luevar/Документы/nstu/IoT/git/case_1/hello-world/bin/unwd-range-l1-r3/core.a(sched.o)
                0x0000000020000288                _tcb_name_offset
                0x0000000020000289                max_threads
                0x000000002000028c                . = ALIGN (0x4)
 *fill*         0x000000002000028a        0x2 
                0x000000002000028c                _erelocate = .

.noinit         0x000000002000028c        0x0 load address 0x00000000080025bc
                0x000000002000028c                __noinit_start = .
 *(.noinit)
                0x000000002000028c                . = ALIGN (0x4)
                0x000000002000028c                __noinit_end = .

.bss            0x000000002000028c      0xed8 load address 0x00000000080025bc
                0x000000002000028c                . = ALIGN (0x4)
                0x000000002000028c                _sbss = .
                0x000000002000028c                _szero = .
 *(.bss .bss.*)
 .bss.runqueue_bitcache
                0x000000002000028c        0x4 /home/luevar/Документы/nstu/IoT/git/case_1/hello-world/bin/unwd-range-l1-r3/core.a(sched.o)
 .bss.sched_active_pid
                0x0000000020000290        0x2 /home/luevar/Документы/nstu/IoT/git/case_1/hello-world/bin/unwd-range-l1-r3/core.a(sched.o)
                0x0000000020000290                sched_active_pid
 *fill*         0x0000000020000292        0x2 
 .bss.sched_active_thread
                0x0000000020000294        0x4 /home/luevar/Документы/nstu/IoT/git/case_1/hello-world/bin/unwd-range-l1-r3/core.a(sched.o)
                0x0000000020000294                sched_active_thread
 .bss.sched_context_switch_request
                0x0000000020000298        0x4 /home/luevar/Документы/nstu/IoT/git/case_1/hello-world/bin/unwd-range-l1-r3/core.a(sched.o)
                0x0000000020000298                sched_context_switch_request
 .bss.sched_num_threads
                0x000000002000029c        0x4 /home/luevar/Документы/nstu/IoT/git/case_1/hello-world/bin/unwd-range-l1-r3/core.a(sched.o)
                0x000000002000029c                sched_num_threads
 .bss.sched_runqueues
                0x00000000200002a0       0x40 /home/luevar/Документы/nstu/IoT/git/case_1/hello-world/bin/unwd-range-l1-r3/core.a(sched.o)
                0x00000000200002a0                sched_runqueues
 .bss.sched_threads
                0x00000000200002e0       0x84 /home/luevar/Документы/nstu/IoT/git/case_1/hello-world/bin/unwd-range-l1-r3/core.a(sched.o)
                0x00000000200002e0                sched_threads
 .bss._rx_buf_mem
                0x0000000020000364       0x40 /home/luevar/Документы/nstu/IoT/git/case_1/hello-world/bin/unwd-range-l1-r3/stdio_uart.a(stdio_uart.o)
 .bss.lpm_gpio_brr
                0x00000000200003a4       0x10 /home/luevar/Документы/nstu/IoT/git/case_1/hello-world/bin/unwd-range-l1-r3/stm32_common_periph.a(pm.o)
 .bss.lpm_gpio_moder
                0x00000000200003b4       0x20 /home/luevar/Документы/nstu/IoT/git/case_1/hello-world/bin/unwd-range-l1-r3/stm32_common_periph.a(pm.o)
 .bss.lpm_gpio_otyper
                0x00000000200003d4       0x10 /home/luevar/Документы/nstu/IoT/git/case_1/hello-world/bin/unwd-range-l1-r3/stm32_common_periph.a(pm.o)
 .bss.lpm_gpio_pupdr
                0x00000000200003e4       0x20 /home/luevar/Документы/nstu/IoT/git/case_1/hello-world/bin/unwd-range-l1-r3/stm32_common_periph.a(pm.o)
 .bss.lpm_usart
                0x0000000020000404        0x3 /home/luevar/Документы/nstu/IoT/git/case_1/hello-world/bin/unwd-range-l1-r3/stm32_common_periph.a(pm.o)
 .bss.powermode
                0x0000000020000407        0x1 /home/luevar/Документы/nstu/IoT/git/case_1/hello-world/bin/unwd-range-l1-r3/stm32_common_periph.a(pm.o)
 .bss.isr_ctx   0x0000000020000408       0x24 /home/luevar/Документы/nstu/IoT/git/case_1/hello-world/bin/unwd-range-l1-r3/stm32_common_periph.a(uart.o)
 .bss.crashed   0x000000002000042c        0x4 /home/luevar/Документы/nstu/IoT/git/case_1/hello-world/bin/unwd-range-l1-r3/core.a(panic.o)
 .bss.idle_stack
                0x0000000020000430      0x100 /home/luevar/Документы/nstu/IoT/git/case_1/hello-world/bin/unwd-range-l1-r3/core.a(kernel_init.o)
 .bss.main_stack
                0x0000000020000530      0xc00 /home/luevar/Документы/nstu/IoT/git/case_1/hello-world/bin/unwd-range-l1-r3/core.a(kernel_init.o)
 .bss.clock_source_rdy
                0x0000000020001130        0x4 /home/luevar/Документы/nstu/IoT/git/case_1/hello-world/bin/unwd-range-l1-r3/stm32_common.a(stmclk_l0l1.o)
 .bss.cpu_status
                0x0000000020001134       0x28 /home/luevar/Документы/nstu/IoT/git/case_1/hello-world/bin/unwd-range-l1-r3/stm32_common.a(stm_status.o)
                0x0000000020001134                cpu_status
 .bss.__malloc_free_list
                0x000000002000115c        0x4 /usr/bin/../lib/gcc/arm-none-eabi/7.3.1/../../../../arm-none-eabi/lib/thumb/v7-m/libc_nano.a(lib_a-nano-mallocr.o)
                0x000000002000115c                __malloc_free_list
 .bss.__malloc_sbrk_start
                0x0000000020001160        0x4 /usr/bin/../lib/gcc/arm-none-eabi/7.3.1/../../../../arm-none-eabi/lib/thumb/v7-m/libc_nano.a(lib_a-nano-mallocr.o)
                0x0000000020001160                __malloc_sbrk_start
 *(COMMON)
                0x0000000020001164                . = ALIGN (0x4)
                0x0000000020001164                _ebss = .
                0x0000000020001164                _ezero = .
                0x0000000020001164                . = ALIGN (0x4)
                0x0000000020001164                _sheap = .
                0x0000000020014000                _eheap = (ORIGIN (ram) + LENGTH (ram))
                0x0000000020000000                _sram = ORIGIN (ram)
                0x0000000020014000                _eram = (ORIGIN (ram) + LENGTH (ram))
OUTPUT(/home/luevar/Документы/nstu/IoT/git/case_1/hello-world/bin/unwd-range-l1-r3/hello-world.elf elf32-littlearm)

.debug_info     0x0000000000000000    0x1e31b
 .debug_info    0x0000000000000000       0xfe /home/luevar/Документы/nstu/IoT/git/case_1/hello-world/bin/unwd-range-l1-r3/cpu/vectors.o
 .debug_info    0x00000000000000fe     0x1538 /home/luevar/Документы/nstu/IoT/git/case_1/hello-world/bin/unwd-range-l1-r3/newlib_syscalls_default/syscalls.o
 .debug_info    0x0000000000001636      0xec0 /home/luevar/Документы/nstu/IoT/git/case_1/hello-world/bin/unwd-range-l1-r3/core.a(sched.o)
 .debug_info    0x00000000000024f6     0x10fe /home/luevar/Документы/nstu/IoT/git/case_1/hello-world/bin/unwd-range-l1-r3/cortexm_common.a(thread_arch.o)
 .debug_info    0x00000000000035f4     0x1583 /home/luevar/Документы/nstu/IoT/git/case_1/hello-world/bin/unwd-range-l1-r3/cortexm_common.a(vectors_cortexm.o)
 .debug_info    0x0000000000004b77      0xe15 /home/luevar/Документы/nstu/IoT/git/case_1/hello-world/bin/unwd-range-l1-r3/cortexm_common.a(irq_arch.o)
 .debug_info    0x000000000000598c     0x18cc /home/luevar/Документы/nstu/IoT/git/case_1/hello-world/bin/unwd-range-l1-r3/stdio_uart.a(stdio_uart.o)
 .debug_info    0x0000000000007258     0x1f46 /home/luevar/Документы/nstu/IoT/git/case_1/hello-world/bin/unwd-range-l1-r3/stm32_common_periph.a(pm.o)
 .debug_info    0x000000000000919e     0x21d8 /home/luevar/Документы/nstu/IoT/git/case_1/hello-world/bin/unwd-range-l1-r3/stm32_common_periph.a(uart.o)
 .debug_info    0x000000000000b376     0x1e5f /home/luevar/Документы/nstu/IoT/git/case_1/hello-world/bin/unwd-range-l1-r3/stm32_common_periph.a(gpio.o)
 .debug_info    0x000000000000d1d5     0x173f /home/luevar/Документы/nstu/IoT/git/case_1/hello-world/bin/unwd-range-l1-r3/boards_common_unwd.a(board.o)
 .debug_info    0x000000000000e914      0xe61 /home/luevar/Документы/nstu/IoT/git/case_1/hello-world/bin/unwd-range-l1-r3/core.a(panic.o)
 .debug_info    0x000000000000f775      0xecb /home/luevar/Документы/nstu/IoT/git/case_1/hello-world/bin/unwd-range-l1-r3/core.a(kernel_init.o)
 .debug_info    0x0000000000010640     0x1238 /home/luevar/Документы/nstu/IoT/git/case_1/hello-world/bin/unwd-range-l1-r3/core.a(thread.o)
 .debug_info    0x0000000000011878     0x13ea /home/luevar/Документы/nstu/IoT/git/case_1/hello-world/bin/unwd-range-l1-r3/cortexm_common.a(cortexm_init.o)
 .debug_info    0x0000000000012c62     0x1cea /home/luevar/Документы/nstu/IoT/git/case_1/hello-world/bin/unwd-range-l1-r3/isrpipe.a(isrpipe.o)
 .debug_info    0x000000000001494c      0xe5c /home/luevar/Документы/nstu/IoT/git/case_1/hello-world/bin/unwd-range-l1-r3/pm_layered.a(pm.o)
 .debug_info    0x00000000000157a8     0x196e /home/luevar/Документы/nstu/IoT/git/case_1/hello-world/bin/unwd-range-l1-r3/stm32_common.a(cpu_init.o)
 .debug_info    0x0000000000017116     0x1948 /home/luevar/Документы/nstu/IoT/git/case_1/hello-world/bin/unwd-range-l1-r3/stm32_common.a(stmclk_l0l1.o)
 .debug_info    0x0000000000018a5e     0x1922 /home/luevar/Документы/nstu/IoT/git/case_1/hello-world/bin/unwd-range-l1-r3/stm32_common.a(cpu_common.o)
 .debug_info    0x000000000001a380     0x186f /home/luevar/Документы/nstu/IoT/git/case_1/hello-world/bin/unwd-range-l1-r3/stm32_common.a(stm_status.o)
 .debug_info    0x000000000001bbef      0x39e /home/luevar/Документы/nstu/IoT/git/case_1/hello-world/bin/unwd-range-l1-r3/tsrb.a(tsrb.o)
 .debug_info    0x000000000001bf8d       0x3b /home/luevar/Документы/nstu/IoT/git/case_1/hello-world/bin/unwd-range-l1-r3/periph_common.a(init.o)
 .debug_info    0x000000000001bfc8      0x8ba /home/luevar/Документы/nstu/IoT/git/case_1/hello-world/bin/unwd-range-l1-r3/application_hello-world.a(main.o)
 .debug_info    0x000000000001c882      0xb8c /home/luevar/Документы/nstu/IoT/git/case_1/hello-world/bin/unwd-range-l1-r3/auto_init.a(auto_init.o)
 .debug_info    0x000000000001d40e      0xf0d /home/luevar/Документы/nstu/IoT/git/case_1/hello-world/bin/unwd-range-l1-r3/core.a(mutex.o)

.debug_abbrev   0x0000000000000000     0x4479
 .debug_abbrev  0x0000000000000000       0xc5 /home/luevar/Документы/nstu/IoT/git/case_1/hello-world/bin/unwd-range-l1-r3/cpu/vectors.o
 .debug_abbrev  0x00000000000000c5      0x39a /home/luevar/Документы/nstu/IoT/git/case_1/hello-world/bin/unwd-range-l1-r3/newlib_syscalls_default/syscalls.o
 .debug_abbrev  0x000000000000045f      0x347 /home/luevar/Документы/nstu/IoT/git/case_1/hello-world/bin/unwd-range-l1-r3/core.a(sched.o)
 .debug_abbrev  0x00000000000007a6      0x318 /home/luevar/Документы/nstu/IoT/git/case_1/hello-world/bin/unwd-range-l1-r3/cortexm_common.a(thread_arch.o)
 .debug_abbrev  0x0000000000000abe      0x3a7 /home/luevar/Документы/nstu/IoT/git/case_1/hello-world/bin/unwd-range-l1-r3/cortexm_common.a(vectors_cortexm.o)
 .debug_abbrev  0x0000000000000e65      0x289 /home/luevar/Документы/nstu/IoT/git/case_1/hello-world/bin/unwd-range-l1-r3/cortexm_common.a(irq_arch.o)
 .debug_abbrev  0x00000000000010ee      0x27a /home/luevar/Документы/nstu/IoT/git/case_1/hello-world/bin/unwd-range-l1-r3/stdio_uart.a(stdio_uart.o)
 .debug_abbrev  0x0000000000001368      0x3dc /home/luevar/Документы/nstu/IoT/git/case_1/hello-world/bin/unwd-range-l1-r3/stm32_common_periph.a(pm.o)
 .debug_abbrev  0x0000000000001744      0x444 /home/luevar/Документы/nstu/IoT/git/case_1/hello-world/bin/unwd-range-l1-r3/stm32_common_periph.a(uart.o)
 .debug_abbrev  0x0000000000001b88      0x399 /home/luevar/Документы/nstu/IoT/git/case_1/hello-world/bin/unwd-range-l1-r3/stm32_common_periph.a(gpio.o)
 .debug_abbrev  0x0000000000001f21      0x21b /home/luevar/Документы/nstu/IoT/git/case_1/hello-world/bin/unwd-range-l1-r3/boards_common_unwd.a(board.o)
 .debug_abbrev  0x000000000000213c      0x270 /home/luevar/Документы/nstu/IoT/git/case_1/hello-world/bin/unwd-range-l1-r3/core.a(panic.o)
 .debug_abbrev  0x00000000000023ac      0x241 /home/luevar/Документы/nstu/IoT/git/case_1/hello-world/bin/unwd-range-l1-r3/core.a(kernel_init.o)
 .debug_abbrev  0x00000000000025ed      0x341 /home/luevar/Документы/nstu/IoT/git/case_1/hello-world/bin/unwd-range-l1-r3/core.a(thread.o)
 .debug_abbrev  0x000000000000292e      0x360 /home/luevar/Документы/nstu/IoT/git/case_1/hello-world/bin/unwd-range-l1-r3/cortexm_common.a(cortexm_init.o)
 .debug_abbrev  0x0000000000002c8e      0x34f /home/luevar/Документы/nstu/IoT/git/case_1/hello-world/bin/unwd-range-l1-r3/isrpipe.a(isrpipe.o)
 .debug_abbrev  0x0000000000002fdd      0x235 /home/luevar/Документы/nstu/IoT/git/case_1/hello-world/bin/unwd-range-l1-r3/pm_layered.a(pm.o)
 .debug_abbrev  0x0000000000003212      0x2b2 /home/luevar/Документы/nstu/IoT/git/case_1/hello-world/bin/unwd-range-l1-r3/stm32_common.a(cpu_init.o)
 .debug_abbrev  0x00000000000034c4      0x275 /home/luevar/Документы/nstu/IoT/git/case_1/hello-world/bin/unwd-range-l1-r3/stm32_common.a(stmclk_l0l1.o)
 .debug_abbrev  0x0000000000003739      0x2f5 /home/luevar/Документы/nstu/IoT/git/case_1/hello-world/bin/unwd-range-l1-r3/stm32_common.a(cpu_common.o)
 .debug_abbrev  0x0000000000003a2e      0x290 /home/luevar/Документы/nstu/IoT/git/case_1/hello-world/bin/unwd-range-l1-r3/stm32_common.a(stm_status.o)
 .debug_abbrev  0x0000000000003cbe      0x193 /home/luevar/Документы/nstu/IoT/git/case_1/hello-world/bin/unwd-range-l1-r3/tsrb.a(tsrb.o)
 .debug_abbrev  0x0000000000003e51       0x2f /home/luevar/Документы/nstu/IoT/git/case_1/hello-world/bin/unwd-range-l1-r3/periph_common.a(init.o)
 .debug_abbrev  0x0000000000003e80      0x18f /home/luevar/Документы/nstu/IoT/git/case_1/hello-world/bin/unwd-range-l1-r3/application_hello-world.a(main.o)
 .debug_abbrev  0x000000000000400f      0x1a7 /home/luevar/Документы/nstu/IoT/git/case_1/hello-world/bin/unwd-range-l1-r3/auto_init.a(auto_init.o)
 .debug_abbrev  0x00000000000041b6      0x2c3 /home/luevar/Документы/nstu/IoT/git/case_1/hello-world/bin/unwd-range-l1-r3/core.a(mutex.o)

.debug_aranges  0x0000000000000000      0x650
 .debug_aranges
                0x0000000000000000       0x20 /home/luevar/Документы/nstu/IoT/git/case_1/hello-world/bin/unwd-range-l1-r3/cpu/vectors.o
 .debug_aranges
                0x0000000000000020       0xb0 /home/luevar/Документы/nstu/IoT/git/case_1/hello-world/bin/unwd-range-l1-r3/newlib_syscalls_default/syscalls.o
 .debug_aranges
                0x00000000000000d0       0x38 /home/luevar/Документы/nstu/IoT/git/case_1/hello-world/bin/unwd-range-l1-r3/core.a(sched.o)
 .debug_aranges
                0x0000000000000108       0x60 /home/luevar/Документы/nstu/IoT/git/case_1/hello-world/bin/unwd-range-l1-r3/cortexm_common.a(thread_arch.o)
 .debug_aranges
                0x0000000000000168       0x68 /home/luevar/Документы/nstu/IoT/git/case_1/hello-world/bin/unwd-range-l1-r3/cortexm_common.a(vectors_cortexm.o)
 .debug_aranges
                0x00000000000001d0       0x38 /home/luevar/Документы/nstu/IoT/git/case_1/hello-world/bin/unwd-range-l1-r3/cortexm_common.a(irq_arch.o)
 .debug_aranges
                0x0000000000000208       0x30 /home/luevar/Документы/nstu/IoT/git/case_1/hello-world/bin/unwd-range-l1-r3/stdio_uart.a(stdio_uart.o)
 .debug_aranges
                0x0000000000000238       0x38 /home/luevar/Документы/nstu/IoT/git/case_1/hello-world/bin/unwd-range-l1-r3/stm32_common_periph.a(pm.o)
 .debug_aranges
                0x0000000000000270       0x68 /home/luevar/Документы/nstu/IoT/git/case_1/hello-world/bin/unwd-range-l1-r3/stm32_common_periph.a(uart.o)
 .debug_aranges
                0x00000000000002d8       0x70 /home/luevar/Документы/nstu/IoT/git/case_1/hello-world/bin/unwd-range-l1-r3/stm32_common_periph.a(gpio.o)
 .debug_aranges
                0x0000000000000348       0x20 /home/luevar/Документы/nstu/IoT/git/case_1/hello-world/bin/unwd-range-l1-r3/boards_common_unwd.a(board.o)
 .debug_aranges
                0x0000000000000368       0x28 /home/luevar/Документы/nstu/IoT/git/case_1/hello-world/bin/unwd-range-l1-r3/core.a(panic.o)
 .debug_aranges
                0x0000000000000390       0x30 /home/luevar/Документы/nstu/IoT/git/case_1/hello-world/bin/unwd-range-l1-r3/core.a(kernel_init.o)
 .debug_aranges
                0x00000000000003c0       0x60 /home/luevar/Документы/nstu/IoT/git/case_1/hello-world/bin/unwd-range-l1-r3/core.a(thread.o)
 .debug_aranges
                0x0000000000000420       0x38 /home/luevar/Документы/nstu/IoT/git/case_1/hello-world/bin/unwd-range-l1-r3/cortexm_common.a(cortexm_init.o)
 .debug_aranges
                0x0000000000000458       0x48 /home/luevar/Документы/nstu/IoT/git/case_1/hello-world/bin/unwd-range-l1-r3/isrpipe.a(isrpipe.o)
 .debug_aranges
                0x00000000000004a0       0x30 /home/luevar/Документы/nstu/IoT/git/case_1/hello-world/bin/unwd-range-l1-r3/pm_layered.a(pm.o)
 .debug_aranges
                0x00000000000004d0       0x20 /home/luevar/Документы/nstu/IoT/git/case_1/hello-world/bin/unwd-range-l1-r3/stm32_common.a(cpu_init.o)
 .debug_aranges
                0x00000000000004f0       0x28 /home/luevar/Документы/nstu/IoT/git/case_1/hello-world/bin/unwd-range-l1-r3/stm32_common.a(stmclk_l0l1.o)
 .debug_aranges
                0x0000000000000518       0x40 /home/luevar/Документы/nstu/IoT/git/case_1/hello-world/bin/unwd-range-l1-r3/stm32_common.a(cpu_common.o)
 .debug_aranges
                0x0000000000000558       0x20 /home/luevar/Документы/nstu/IoT/git/case_1/hello-world/bin/unwd-range-l1-r3/stm32_common.a(stm_status.o)
 .debug_aranges
                0x0000000000000578       0x48 /home/luevar/Документы/nstu/IoT/git/case_1/hello-world/bin/unwd-range-l1-r3/tsrb.a(tsrb.o)
 .debug_aranges
                0x00000000000005c0       0x20 /home/luevar/Документы/nstu/IoT/git/case_1/hello-world/bin/unwd-range-l1-r3/periph_common.a(init.o)
 .debug_aranges
                0x00000000000005e0       0x20 /home/luevar/Документы/nstu/IoT/git/case_1/hello-world/bin/unwd-range-l1-r3/application_hello-world.a(main.o)
 .debug_aranges
                0x0000000000000600       0x20 /home/luevar/Документы/nstu/IoT/git/case_1/hello-world/bin/unwd-range-l1-r3/auto_init.a(auto_init.o)
 .debug_aranges
                0x0000000000000620       0x30 /home/luevar/Документы/nstu/IoT/git/case_1/hello-world/bin/unwd-range-l1-r3/core.a(mutex.o)

.debug_ranges   0x0000000000000000      0x8f0
 .debug_ranges  0x0000000000000000       0x10 /home/luevar/Документы/nstu/IoT/git/case_1/hello-world/bin/unwd-range-l1-r3/cpu/vectors.o
 .debug_ranges  0x0000000000000010       0xa0 /home/luevar/Документы/nstu/IoT/git/case_1/hello-world/bin/unwd-range-l1-r3/newlib_syscalls_default/syscalls.o
 .debug_ranges  0x00000000000000b0       0x88 /home/luevar/Документы/nstu/IoT/git/case_1/hello-world/bin/unwd-range-l1-r3/core.a(sched.o)
 .debug_ranges  0x0000000000000138       0xa0 /home/luevar/Документы/nstu/IoT/git/case_1/hello-world/bin/unwd-range-l1-r3/cortexm_common.a(thread_arch.o)
 .debug_ranges  0x00000000000001d8       0x58 /home/luevar/Документы/nstu/IoT/git/case_1/hello-world/bin/unwd-range-l1-r3/cortexm_common.a(vectors_cortexm.o)
 .debug_ranges  0x0000000000000230       0x28 /home/luevar/Документы/nstu/IoT/git/case_1/hello-world/bin/unwd-range-l1-r3/cortexm_common.a(irq_arch.o)
 .debug_ranges  0x0000000000000258       0x20 /home/luevar/Документы/nstu/IoT/git/case_1/hello-world/bin/unwd-range-l1-r3/stdio_uart.a(stdio_uart.o)
 .debug_ranges  0x0000000000000278       0x60 /home/luevar/Документы/nstu/IoT/git/case_1/hello-world/bin/unwd-range-l1-r3/stm32_common_periph.a(pm.o)
 .debug_ranges  0x00000000000002d8       0xe8 /home/luevar/Документы/nstu/IoT/git/case_1/hello-world/bin/unwd-range-l1-r3/stm32_common_periph.a(uart.o)
 .debug_ranges  0x00000000000003c0       0x60 /home/luevar/Документы/nstu/IoT/git/case_1/hello-world/bin/unwd-range-l1-r3/stm32_common_periph.a(gpio.o)
 .debug_ranges  0x0000000000000420       0x10 /home/luevar/Документы/nstu/IoT/git/case_1/hello-world/bin/unwd-range-l1-r3/boards_common_unwd.a(board.o)
 .debug_ranges  0x0000000000000430       0x18 /home/luevar/Документы/nstu/IoT/git/case_1/hello-world/bin/unwd-range-l1-r3/core.a(panic.o)
 .debug_ranges  0x0000000000000448       0x20 /home/luevar/Документы/nstu/IoT/git/case_1/hello-world/bin/unwd-range-l1-r3/core.a(kernel_init.o)
 .debug_ranges  0x0000000000000468       0x80 /home/luevar/Документы/nstu/IoT/git/case_1/hello-world/bin/unwd-range-l1-r3/core.a(thread.o)
 .debug_ranges  0x00000000000004e8       0x78 /home/luevar/Документы/nstu/IoT/git/case_1/hello-world/bin/unwd-range-l1-r3/cortexm_common.a(cortexm_init.o)
 .debug_ranges  0x0000000000000560       0x70 /home/luevar/Документы/nstu/IoT/git/case_1/hello-world/bin/unwd-range-l1-r3/isrpipe.a(isrpipe.o)
 .debug_ranges  0x00000000000005d0       0x20 /home/luevar/Документы/nstu/IoT/git/case_1/hello-world/bin/unwd-range-l1-r3/pm_layered.a(pm.o)
 .debug_ranges  0x00000000000005f0       0x68 /home/luevar/Документы/nstu/IoT/git/case_1/hello-world/bin/unwd-range-l1-r3/stm32_common.a(cpu_init.o)
 .debug_ranges  0x0000000000000658       0x30 /home/luevar/Документы/nstu/IoT/git/case_1/hello-world/bin/unwd-range-l1-r3/stm32_common.a(stmclk_l0l1.o)
 .debug_ranges  0x0000000000000688       0x30 /home/luevar/Документы/nstu/IoT/git/case_1/hello-world/bin/unwd-range-l1-r3/stm32_common.a(cpu_common.o)
 .debug_ranges  0x00000000000006b8       0xf0 /home/luevar/Документы/nstu/IoT/git/case_1/hello-world/bin/unwd-range-l1-r3/stm32_common.a(stm_status.o)
 .debug_ranges  0x00000000000007a8       0x98 /home/luevar/Документы/nstu/IoT/git/case_1/hello-world/bin/unwd-range-l1-r3/tsrb.a(tsrb.o)
 .debug_ranges  0x0000000000000840       0x10 /home/luevar/Документы/nstu/IoT/git/case_1/hello-world/bin/unwd-range-l1-r3/periph_common.a(init.o)
 .debug_ranges  0x0000000000000850       0x10 /home/luevar/Документы/nstu/IoT/git/case_1/hello-world/bin/unwd-range-l1-r3/application_hello-world.a(main.o)
 .debug_ranges  0x0000000000000860       0x10 /home/luevar/Документы/nstu/IoT/git/case_1/hello-world/bin/unwd-range-l1-r3/auto_init.a(auto_init.o)
 .debug_ranges  0x0000000000000870       0x80 /home/luevar/Документы/nstu/IoT/git/case_1/hello-world/bin/unwd-range-l1-r3/core.a(mutex.o)

.debug_macro    0x0000000000000000    0x25a4b
 .debug_macro   0x0000000000000000       0xe2 /home/luevar/Документы/nstu/IoT/git/case_1/hello-world/bin/unwd-range-l1-r3/cpu/vectors.o
 .debug_macro   0x00000000000000e2      0xa4e /home/luevar/Документы/nstu/IoT/git/case_1/hello-world/bin/unwd-range-l1-r3/cpu/vectors.o
 .debug_macro   0x0000000000000b30       0xee /home/luevar/Документы/nstu/IoT/git/case_1/hello-world/bin/unwd-range-l1-r3/cpu/vectors.o
 .debug_macro   0x0000000000000c1e       0x22 /home/luevar/Документы/nstu/IoT/git/case_1/hello-world/bin/unwd-range-l1-r3/cpu/vectors.o
 .debug_macro   0x0000000000000c40       0x56 /home/luevar/Документы/nstu/IoT/git/case_1/hello-world/bin/unwd-range-l1-r3/cpu/vectors.o
 .debug_macro   0x0000000000000c96       0x51 /home/luevar/Документы/nstu/IoT/git/case_1/hello-world/bin/unwd-range-l1-r3/cpu/vectors.o
 .debug_macro   0x0000000000000ce7       0xef /home/luevar/Документы/nstu/IoT/git/case_1/hello-world/bin/unwd-range-l1-r3/cpu/vectors.o
 .debug_macro   0x0000000000000dd6       0x6a /home/luevar/Документы/nstu/IoT/git/case_1/hello-world/bin/unwd-range-l1-r3/cpu/vectors.o
 .debug_macro   0x0000000000000e40      0x1df /home/luevar/Документы/nstu/IoT/git/case_1/hello-world/bin/unwd-range-l1-r3/cpu/vectors.o
 .debug_macro   0x000000000000101f       0x10 /home/luevar/Документы/nstu/IoT/git/case_1/hello-world/bin/unwd-range-l1-r3/cpu/vectors.o
 .debug_macro   0x000000000000102f       0x2e /home/luevar/Документы/nstu/IoT/git/case_1/hello-world/bin/unwd-range-l1-r3/cpu/vectors.o
 .debug_macro   0x000000000000105d       0x22 /home/luevar/Документы/nstu/IoT/git/case_1/hello-world/bin/unwd-range-l1-r3/cpu/vectors.o
 .debug_macro   0x000000000000107f       0x1c /home/luevar/Документы/nstu/IoT/git/case_1/hello-world/bin/unwd-range-l1-r3/cpu/vectors.o
 .debug_macro   0x000000000000109b       0x22 /home/luevar/Документы/nstu/IoT/git/case_1/hello-world/bin/unwd-range-l1-r3/cpu/vectors.o
 .debug_macro   0x00000000000010bd       0xc3 /home/luevar/Документы/nstu/IoT/git/case_1/hello-world/bin/unwd-range-l1-r3/cpu/vectors.o
 .debug_macro   0x0000000000001180      0xe49 /home/luevar/Документы/nstu/IoT/git/case_1/hello-world/bin/unwd-range-l1-r3/cpu/vectors.o
 .debug_macro   0x0000000000001fc9      0x11f /home/luevar/Документы/nstu/IoT/git/case_1/hello-world/bin/unwd-range-l1-r3/cpu/vectors.o
 .debug_macro   0x00000000000020e8     0xbdd6 /home/luevar/Документы/nstu/IoT/git/case_1/hello-world/bin/unwd-range-l1-r3/cpu/vectors.o
 .debug_macro   0x000000000000debe       0x6a /home/luevar/Документы/nstu/IoT/git/case_1/hello-world/bin/unwd-range-l1-r3/cpu/vectors.o
 .debug_macro   0x000000000000df28       0x16 /home/luevar/Документы/nstu/IoT/git/case_1/hello-world/bin/unwd-range-l1-r3/cpu/vectors.o
 .debug_macro   0x000000000000df3e      0x416 /home/luevar/Документы/nstu/IoT/git/case_1/hello-world/bin/unwd-range-l1-r3/newlib_syscalls_default/syscalls.o
 .debug_macro   0x000000000000e354      0xa4e /home/luevar/Документы/nstu/IoT/git/case_1/hello-world/bin/unwd-range-l1-r3/newlib_syscalls_default/syscalls.o
 .debug_macro   0x000000000000eda2       0x40 /home/luevar/Документы/nstu/IoT/git/case_1/hello-world/bin/unwd-range-l1-r3/newlib_syscalls_default/syscalls.o
 .debug_macro   0x000000000000ede2       0x18 /home/luevar/Документы/nstu/IoT/git/case_1/hello-world/bin/unwd-range-l1-r3/newlib_syscalls_default/syscalls.o
 .debug_macro   0x000000000000edfa       0x5c /home/luevar/Документы/nstu/IoT/git/case_1/hello-world/bin/unwd-range-l1-r3/newlib_syscalls_default/syscalls.o
 .debug_macro   0x000000000000ee56       0x3c /home/luevar/Документы/nstu/IoT/git/case_1/hello-world/bin/unwd-range-l1-r3/newlib_syscalls_default/syscalls.o
 .debug_macro   0x000000000000ee92       0x34 /home/luevar/Документы/nstu/IoT/git/case_1/hello-world/bin/unwd-range-l1-r3/newlib_syscalls_default/syscalls.o
 .debug_macro   0x000000000000eec6       0x10 /home/luevar/Документы/nstu/IoT/git/case_1/hello-world/bin/unwd-range-l1-r3/newlib_syscalls_default/syscalls.o
 .debug_macro   0x000000000000eed6       0x57 /home/luevar/Документы/nstu/IoT/git/case_1/hello-world/bin/unwd-range-l1-r3/newlib_syscalls_default/syscalls.o
 .debug_macro   0x000000000000ef2d       0xcf /home/luevar/Документы/nstu/IoT/git/case_1/hello-world/bin/unwd-range-l1-r3/newlib_syscalls_default/syscalls.o
 .debug_macro   0x000000000000effc      0x353 /home/luevar/Документы/nstu/IoT/git/case_1/hello-world/bin/unwd-range-l1-r3/newlib_syscalls_default/syscalls.o
 .debug_macro   0x000000000000f34f       0x10 /home/luevar/Документы/nstu/IoT/git/case_1/hello-world/bin/unwd-range-l1-r3/newlib_syscalls_default/syscalls.o
 .debug_macro   0x000000000000f35f       0xb7 /home/luevar/Документы/nstu/IoT/git/case_1/hello-world/bin/unwd-range-l1-r3/newlib_syscalls_default/syscalls.o
 .debug_macro   0x000000000000f416       0x52 /home/luevar/Документы/nstu/IoT/git/case_1/hello-world/bin/unwd-range-l1-r3/newlib_syscalls_default/syscalls.o
 .debug_macro   0x000000000000f468       0x1f /home/luevar/Документы/nstu/IoT/git/case_1/hello-world/bin/unwd-range-l1-r3/newlib_syscalls_default/syscalls.o
 .debug_macro   0x000000000000f487       0x43 /home/luevar/Документы/nstu/IoT/git/case_1/hello-world/bin/unwd-range-l1-r3/newlib_syscalls_default/syscalls.o
 .debug_macro   0x000000000000f4ca       0x20 /home/luevar/Документы/nstu/IoT/git/case_1/hello-world/bin/unwd-range-l1-r3/newlib_syscalls_default/syscalls.o
 .debug_macro   0x000000000000f4ea       0xb6 /home/luevar/Документы/nstu/IoT/git/case_1/hello-world/bin/unwd-range-l1-r3/newlib_syscalls_default/syscalls.o
 .debug_macro   0x000000000000f5a0      0x4fe /home/luevar/Документы/nstu/IoT/git/case_1/hello-world/bin/unwd-range-l1-r3/newlib_syscalls_default/syscalls.o
 .debug_macro   0x000000000000fa9e      0x1a3 /home/luevar/Документы/nstu/IoT/git/case_1/hello-world/bin/unwd-range-l1-r3/newlib_syscalls_default/syscalls.o
 .debug_macro   0x000000000000fc41       0x10 /home/luevar/Документы/nstu/IoT/git/case_1/hello-world/bin/unwd-range-l1-r3/newlib_syscalls_default/syscalls.o
 .debug_macro   0x000000000000fc51       0x35 /home/luevar/Документы/nstu/IoT/git/case_1/hello-world/bin/unwd-range-l1-r3/newlib_syscalls_default/syscalls.o
 .debug_macro   0x000000000000fc86       0x10 /home/luevar/Документы/nstu/IoT/git/case_1/hello-world/bin/unwd-range-l1-r3/newlib_syscalls_default/syscalls.o
 .debug_macro   0x000000000000fc96      0x241 /home/luevar/Документы/nstu/IoT/git/case_1/hello-world/bin/unwd-range-l1-r3/newlib_syscalls_default/syscalls.o
 .debug_macro   0x000000000000fed7       0x16 /home/luevar/Документы/nstu/IoT/git/case_1/hello-world/bin/unwd-range-l1-r3/newlib_syscalls_default/syscalls.o
 .debug_macro   0x000000000000feed       0x10 /home/luevar/Документы/nstu/IoT/git/case_1/hello-world/bin/unwd-range-l1-r3/newlib_syscalls_default/syscalls.o
 .debug_macro   0x000000000000fefd       0x16 /home/luevar/Документы/nstu/IoT/git/case_1/hello-world/bin/unwd-range-l1-r3/newlib_syscalls_default/syscalls.o
 .debug_macro   0x000000000000ff13       0xff /home/luevar/Документы/nstu/IoT/git/case_1/hello-world/bin/unwd-range-l1-r3/newlib_syscalls_default/syscalls.o
 .debug_macro   0x0000000000010012       0x16 /home/luevar/Документы/nstu/IoT/git/case_1/hello-world/bin/unwd-range-l1-r3/newlib_syscalls_default/syscalls.o
 .debug_macro   0x0000000000010028       0x22 /home/luevar/Документы/nstu/IoT/git/case_1/hello-world/bin/unwd-range-l1-r3/newlib_syscalls_default/syscalls.o
 .debug_macro   0x000000000001004a       0x16 /home/luevar/Документы/nstu/IoT/git/case_1/hello-world/bin/unwd-range-l1-r3/newlib_syscalls_default/syscalls.o
 .debug_macro   0x0000000000010060       0x16 /home/luevar/Документы/nstu/IoT/git/case_1/hello-world/bin/unwd-range-l1-r3/newlib_syscalls_default/syscalls.o
 .debug_macro   0x0000000000010076       0x10 /home/luevar/Документы/nstu/IoT/git/case_1/hello-world/bin/unwd-range-l1-r3/newlib_syscalls_default/syscalls.o
 .debug_macro   0x0000000000010086       0x10 /home/luevar/Документы/nstu/IoT/git/case_1/hello-world/bin/unwd-range-l1-r3/newlib_syscalls_default/syscalls.o
 .debug_macro   0x0000000000010096       0x2e /home/luevar/Документы/nstu/IoT/git/case_1/hello-world/bin/unwd-range-l1-r3/newlib_syscalls_default/syscalls.o
 .debug_macro   0x00000000000100c4       0xf5 /home/luevar/Документы/nstu/IoT/git/case_1/hello-world/bin/unwd-range-l1-r3/newlib_syscalls_default/syscalls.o
 .debug_macro   0x00000000000101b9       0x22 /home/luevar/Документы/nstu/IoT/git/case_1/hello-world/bin/unwd-range-l1-r3/newlib_syscalls_default/syscalls.o
 .debug_macro   0x00000000000101db       0x35 /home/luevar/Документы/nstu/IoT/git/case_1/hello-world/bin/unwd-range-l1-r3/newlib_syscalls_default/syscalls.o
 .debug_macro   0x0000000000010210       0xbd /home/luevar/Документы/nstu/IoT/git/case_1/hello-world/bin/unwd-range-l1-r3/newlib_syscalls_default/syscalls.o
 .debug_macro   0x00000000000102cd       0xd6 /home/luevar/Документы/nstu/IoT/git/case_1/hello-world/bin/unwd-range-l1-r3/newlib_syscalls_default/syscalls.o
 .debug_macro   0x00000000000103a3       0x10 /home/luevar/Документы/nstu/IoT/git/case_1/hello-world/bin/unwd-range-l1-r3/newlib_syscalls_default/syscalls.o
 .debug_macro   0x00000000000103b3      0x460 /home/luevar/Документы/nstu/IoT/git/case_1/hello-world/bin/unwd-range-l1-r3/newlib_syscalls_default/syscalls.o
 .debug_macro   0x0000000000010813       0x2b /home/luevar/Документы/nstu/IoT/git/case_1/hello-world/bin/unwd-range-l1-r3/newlib_syscalls_default/syscalls.o
 .debug_macro   0x000000000001083e       0xee /home/luevar/Документы/nstu/IoT/git/case_1/hello-world/bin/unwd-range-l1-r3/newlib_syscalls_default/syscalls.o
 .debug_macro   0x000000000001092c       0x28 /home/luevar/Документы/nstu/IoT/git/case_1/hello-world/bin/unwd-range-l1-r3/newlib_syscalls_default/syscalls.o
 .debug_macro   0x0000000000010954       0x17 /home/luevar/Документы/nstu/IoT/git/case_1/hello-world/bin/unwd-range-l1-r3/newlib_syscalls_default/syscalls.o
 .debug_macro   0x000000000001096b       0x10 /home/luevar/Документы/nstu/IoT/git/case_1/hello-world/bin/unwd-range-l1-r3/newlib_syscalls_default/syscalls.o
 .debug_macro   0x000000000001097b       0x12 /home/luevar/Документы/nstu/IoT/git/case_1/hello-world/bin/unwd-range-l1-r3/newlib_syscalls_default/syscalls.o
 .debug_macro   0x000000000001098d       0x5f /home/luevar/Документы/nstu/IoT/git/case_1/hello-world/bin/unwd-range-l1-r3/newlib_syscalls_default/syscalls.o
 .debug_macro   0x00000000000109ec       0x17 /home/luevar/Документы/nstu/IoT/git/case_1/hello-world/bin/unwd-range-l1-r3/newlib_syscalls_default/syscalls.o
 .debug_macro   0x0000000000010a03      0x12a /home/luevar/Документы/nstu/IoT/git/case_1/hello-world/bin/unwd-range-l1-r3/newlib_syscalls_default/syscalls.o
 .debug_macro   0x0000000000010b2d       0x34 /home/luevar/Документы/nstu/IoT/git/case_1/hello-world/bin/unwd-range-l1-r3/newlib_syscalls_default/syscalls.o
 .debug_macro   0x0000000000010b61       0x98 /home/luevar/Документы/nstu/IoT/git/case_1/hello-world/bin/unwd-range-l1-r3/newlib_syscalls_default/syscalls.o
 .debug_macro   0x0000000000010bf9       0x1c /home/luevar/Документы/nstu/IoT/git/case_1/hello-world/bin/unwd-range-l1-r3/newlib_syscalls_default/syscalls.o
 .debug_macro   0x0000000000010c15       0x1c /home/luevar/Документы/nstu/IoT/git/case_1/hello-world/bin/unwd-range-l1-r3/newlib_syscalls_default/syscalls.o
 .debug_macro   0x0000000000010c31      0x304 /home/luevar/Документы/nstu/IoT/git/case_1/hello-world/bin/unwd-range-l1-r3/core.a(sched.o)
 .debug_macro   0x0000000000010f35      0xa4e /home/luevar/Документы/nstu/IoT/git/case_1/hello-world/bin/unwd-range-l1-r3/core.a(sched.o)
 .debug_macro   0x0000000000011983      0x16d /home/luevar/Документы/nstu/IoT/git/case_1/hello-world/bin/unwd-range-l1-r3/core.a(sched.o)
 .debug_macro   0x0000000000011af0       0x46 /home/luevar/Документы/nstu/IoT/git/case_1/hello-world/bin/unwd-range-l1-r3/core.a(sched.o)
 .debug_macro   0x0000000000011b36       0x3a /home/luevar/Документы/nstu/IoT/git/case_1/hello-world/bin/unwd-range-l1-r3/core.a(sched.o)
 .debug_macro   0x0000000000011b70      0x34d /home/luevar/Документы/nstu/IoT/git/case_1/hello-world/bin/unwd-range-l1-r3/core.a(sched.o)
 .debug_macro   0x0000000000011ebd       0x25 /home/luevar/Документы/nstu/IoT/git/case_1/hello-world/bin/unwd-range-l1-r3/core.a(sched.o)
 .debug_macro   0x0000000000011ee2       0x2e /home/luevar/Документы/nstu/IoT/git/case_1/hello-world/bin/unwd-range-l1-r3/core.a(sched.o)
 .debug_macro   0x0000000000011f10       0x1c /home/luevar/Документы/nstu/IoT/git/case_1/hello-world/bin/unwd-range-l1-r3/core.a(sched.o)
 .debug_macro   0x0000000000011f2c      0x114 /home/luevar/Документы/nstu/IoT/git/case_1/hello-world/bin/unwd-range-l1-r3/core.a(sched.o)
 .debug_macro   0x0000000000012040       0x1c /home/luevar/Документы/nstu/IoT/git/case_1/hello-world/bin/unwd-range-l1-r3/core.a(sched.o)
 .debug_macro   0x000000000001205c      0x2ec /home/luevar/Документы/nstu/IoT/git/case_1/hello-world/bin/unwd-range-l1-r3/cortexm_common.a(thread_arch.o)
 .debug_macro   0x0000000000012348      0xa4e /home/luevar/Документы/nstu/IoT/git/case_1/hello-world/bin/unwd-range-l1-r3/cortexm_common.a(thread_arch.o)
 .debug_macro   0x0000000000012d96       0x97 /home/luevar/Документы/nstu/IoT/git/case_1/hello-world/bin/unwd-range-l1-r3/cortexm_common.a(thread_arch.o)
 .debug_macro   0x0000000000012e2d       0xf6 /home/luevar/Документы/nstu/IoT/git/case_1/hello-world/bin/unwd-range-l1-r3/cortexm_common.a(thread_arch.o)
 .debug_macro   0x0000000000012f23       0x1d /home/luevar/Документы/nstu/IoT/git/case_1/hello-world/bin/unwd-range-l1-r3/cortexm_common.a(thread_arch.o)
 .debug_macro   0x0000000000012f40      0x323 /home/luevar/Документы/nstu/IoT/git/case_1/hello-world/bin/unwd-range-l1-r3/cortexm_common.a(vectors_cortexm.o)
 .debug_macro   0x0000000000013263      0xa4e /home/luevar/Документы/nstu/IoT/git/case_1/hello-world/bin/unwd-range-l1-r3/cortexm_common.a(vectors_cortexm.o)
 .debug_macro   0x0000000000013cb1       0x16 /home/luevar/Документы/nstu/IoT/git/case_1/hello-world/bin/unwd-range-l1-r3/cortexm_common.a(vectors_cortexm.o)
 .debug_macro   0x0000000000013cc7       0x1c /home/luevar/Документы/nstu/IoT/git/case_1/hello-world/bin/unwd-range-l1-r3/cortexm_common.a(vectors_cortexm.o)
 .debug_macro   0x0000000000013ce3      0x2dc /home/luevar/Документы/nstu/IoT/git/case_1/hello-world/bin/unwd-range-l1-r3/cortexm_common.a(irq_arch.o)
 .debug_macro   0x0000000000013fbf      0xa4e /home/luevar/Документы/nstu/IoT/git/case_1/hello-world/bin/unwd-range-l1-r3/cortexm_common.a(irq_arch.o)
 .debug_macro   0x0000000000014a0d      0x3cb /home/luevar/Документы/nstu/IoT/git/case_1/hello-world/bin/unwd-range-l1-r3/stdio_uart.a(stdio_uart.o)
 .debug_macro   0x0000000000014dd8      0xa4e /home/luevar/Документы/nstu/IoT/git/case_1/hello-world/bin/unwd-range-l1-r3/stdio_uart.a(stdio_uart.o)
 .debug_macro   0x0000000000015826       0x16 /home/luevar/Документы/nstu/IoT/git/case_1/hello-world/bin/unwd-range-l1-r3/stdio_uart.a(stdio_uart.o)
 .debug_macro   0x000000000001583c       0x92 /home/luevar/Документы/nstu/IoT/git/case_1/hello-world/bin/unwd-range-l1-r3/stdio_uart.a(stdio_uart.o)
 .debug_macro   0x00000000000158ce      0x122 /home/luevar/Документы/nstu/IoT/git/case_1/hello-world/bin/unwd-range-l1-r3/stdio_uart.a(stdio_uart.o)
 .debug_macro   0x00000000000159f0       0x16 /home/luevar/Документы/nstu/IoT/git/case_1/hello-world/bin/unwd-range-l1-r3/stdio_uart.a(stdio_uart.o)
 .debug_macro   0x0000000000015a06       0x16 /home/luevar/Документы/nstu/IoT/git/case_1/hello-world/bin/unwd-range-l1-r3/stdio_uart.a(stdio_uart.o)
 .debug_macro   0x0000000000015a1c      0x366 /home/luevar/Документы/nstu/IoT/git/case_1/hello-world/bin/unwd-range-l1-r3/stm32_common_periph.a(pm.o)
 .debug_macro   0x0000000000015d82      0xa4e /home/luevar/Документы/nstu/IoT/git/case_1/hello-world/bin/unwd-range-l1-r3/stm32_common_periph.a(pm.o)
 .debug_macro   0x00000000000167d0       0x22 /home/luevar/Документы/nstu/IoT/git/case_1/hello-world/bin/unwd-range-l1-r3/stm32_common_periph.a(pm.o)
 .debug_macro   0x00000000000167f2      0x351 /home/luevar/Документы/nstu/IoT/git/case_1/hello-world/bin/unwd-range-l1-r3/stm32_common_periph.a(uart.o)
 .debug_macro   0x0000000000016b43      0xa4e /home/luevar/Документы/nstu/IoT/git/case_1/hello-world/bin/unwd-range-l1-r3/stm32_common_periph.a(uart.o)
 .debug_macro   0x0000000000017591      0x305 /home/luevar/Документы/nstu/IoT/git/case_1/hello-world/bin/unwd-range-l1-r3/stm32_common_periph.a(gpio.o)
 .debug_macro   0x0000000000017896      0xa4e /home/luevar/Документы/nstu/IoT/git/case_1/hello-world/bin/unwd-range-l1-r3/stm32_common_periph.a(gpio.o)
 .debug_macro   0x00000000000182e4      0x347 /home/luevar/Документы/nstu/IoT/git/case_1/hello-world/bin/unwd-range-l1-r3/boards_common_unwd.a(board.o)
 .debug_macro   0x000000000001862b      0xa4e /home/luevar/Документы/nstu/IoT/git/case_1/hello-world/bin/unwd-range-l1-r3/boards_common_unwd.a(board.o)
 .debug_macro   0x0000000000019079      0x32d /home/luevar/Документы/nstu/IoT/git/case_1/hello-world/bin/unwd-range-l1-r3/core.a(panic.o)
 .debug_macro   0x00000000000193a6      0xa4e /home/luevar/Документы/nstu/IoT/git/case_1/hello-world/bin/unwd-range-l1-r3/core.a(panic.o)
 .debug_macro   0x0000000000019df4       0x10 /home/luevar/Документы/nstu/IoT/git/case_1/hello-world/bin/unwd-range-l1-r3/core.a(panic.o)
 .debug_macro   0x0000000000019e04      0x370 /home/luevar/Документы/nstu/IoT/git/case_1/hello-world/bin/unwd-range-l1-r3/core.a(kernel_init.o)
 .debug_macro   0x000000000001a174      0xa4e /home/luevar/Документы/nstu/IoT/git/case_1/hello-world/bin/unwd-range-l1-r3/core.a(kernel_init.o)
 .debug_macro   0x000000000001abc2      0x23b /home/luevar/Документы/nstu/IoT/git/case_1/hello-world/bin/unwd-range-l1-r3/core.a(kernel_init.o)
 .debug_macro   0x000000000001adfd       0xdc /home/luevar/Документы/nstu/IoT/git/case_1/hello-world/bin/unwd-range-l1-r3/core.a(kernel_init.o)
 .debug_macro   0x000000000001aed9      0x306 /home/luevar/Документы/nstu/IoT/git/case_1/hello-world/bin/unwd-range-l1-r3/core.a(thread.o)
 .debug_macro   0x000000000001b1df      0xa4e /home/luevar/Документы/nstu/IoT/git/case_1/hello-world/bin/unwd-range-l1-r3/core.a(thread.o)
 .debug_macro   0x000000000001bc2d      0x30b /home/luevar/Документы/nstu/IoT/git/case_1/hello-world/bin/unwd-range-l1-r3/cortexm_common.a(cortexm_init.o)
 .debug_macro   0x000000000001bf38      0xa4e /home/luevar/Документы/nstu/IoT/git/case_1/hello-world/bin/unwd-range-l1-r3/cortexm_common.a(cortexm_init.o)
 .debug_macro   0x000000000001c986      0x3e4 /home/luevar/Документы/nstu/IoT/git/case_1/hello-world/bin/unwd-range-l1-r3/isrpipe.a(isrpipe.o)
 .debug_macro   0x000000000001cd6a      0xa4e /home/luevar/Документы/nstu/IoT/git/case_1/hello-world/bin/unwd-range-l1-r3/isrpipe.a(isrpipe.o)
 .debug_macro   0x000000000001d7b8       0x2e /home/luevar/Документы/nstu/IoT/git/case_1/hello-world/bin/unwd-range-l1-r3/isrpipe.a(isrpipe.o)
 .debug_macro   0x000000000001d7e6      0x11c /home/luevar/Документы/nstu/IoT/git/case_1/hello-world/bin/unwd-range-l1-r3/isrpipe.a(isrpipe.o)
 .debug_macro   0x000000000001d902       0x4a /home/luevar/Документы/nstu/IoT/git/case_1/hello-world/bin/unwd-range-l1-r3/isrpipe.a(isrpipe.o)
 .debug_macro   0x000000000001d94c       0x1c /home/luevar/Документы/nstu/IoT/git/case_1/hello-world/bin/unwd-range-l1-r3/isrpipe.a(isrpipe.o)
 .debug_macro   0x000000000001d968       0x10 /home/luevar/Документы/nstu/IoT/git/case_1/hello-world/bin/unwd-range-l1-r3/isrpipe.a(isrpipe.o)
 .debug_macro   0x000000000001d978       0x10 /home/luevar/Документы/nstu/IoT/git/case_1/hello-world/bin/unwd-range-l1-r3/isrpipe.a(isrpipe.o)
 .debug_macro   0x000000000001d988      0x32a /home/luevar/Документы/nstu/IoT/git/case_1/hello-world/bin/unwd-range-l1-r3/pm_layered.a(pm.o)
 .debug_macro   0x000000000001dcb2      0xa4e /home/luevar/Документы/nstu/IoT/git/case_1/hello-world/bin/unwd-range-l1-r3/pm_layered.a(pm.o)
 .debug_macro   0x000000000001e700      0x399 /home/luevar/Документы/nstu/IoT/git/case_1/hello-world/bin/unwd-range-l1-r3/stm32_common.a(cpu_init.o)
 .debug_macro   0x000000000001ea99      0xa4e /home/luevar/Документы/nstu/IoT/git/case_1/hello-world/bin/unwd-range-l1-r3/stm32_common.a(cpu_init.o)
 .debug_macro   0x000000000001f4e7      0x349 /home/luevar/Документы/nstu/IoT/git/case_1/hello-world/bin/unwd-range-l1-r3/stm32_common.a(stmclk_l0l1.o)
 .debug_macro   0x000000000001f830      0xa4e /home/luevar/Документы/nstu/IoT/git/case_1/hello-world/bin/unwd-range-l1-r3/stm32_common.a(stmclk_l0l1.o)
 .debug_macro   0x000000000002027e      0x31c /home/luevar/Документы/nstu/IoT/git/case_1/hello-world/bin/unwd-range-l1-r3/stm32_common.a(cpu_common.o)
 .debug_macro   0x000000000002059a      0xa4e /home/luevar/Документы/nstu/IoT/git/case_1/hello-world/bin/unwd-range-l1-r3/stm32_common.a(cpu_common.o)
 .debug_macro   0x0000000000020fe8      0x314 /home/luevar/Документы/nstu/IoT/git/case_1/hello-world/bin/unwd-range-l1-r3/stm32_common.a(stm_status.o)
 .debug_macro   0x00000000000212fc      0xa4e /home/luevar/Документы/nstu/IoT/git/case_1/hello-world/bin/unwd-range-l1-r3/stm32_common.a(stm_status.o)
 .debug_macro   0x0000000000021d4a       0x5f /home/luevar/Документы/nstu/IoT/git/case_1/hello-world/bin/unwd-range-l1-r3/tsrb.a(tsrb.o)
 .debug_macro   0x0000000000021da9      0xa4e /home/luevar/Документы/nstu/IoT/git/case_1/hello-world/bin/unwd-range-l1-r3/tsrb.a(tsrb.o)
 .debug_macro   0x00000000000227f7       0x1a /home/luevar/Документы/nstu/IoT/git/case_1/hello-world/bin/unwd-range-l1-r3/periph_common.a(init.o)
 .debug_macro   0x0000000000022811      0xa4e /home/luevar/Документы/nstu/IoT/git/case_1/hello-world/bin/unwd-range-l1-r3/periph_common.a(init.o)
 .debug_macro   0x000000000002325f      0x138 /home/luevar/Документы/nstu/IoT/git/case_1/hello-world/bin/unwd-range-l1-r3/application_hello-world.a(main.o)
 .debug_macro   0x0000000000023397      0xa4e /home/luevar/Документы/nstu/IoT/git/case_1/hello-world/bin/unwd-range-l1-r3/application_hello-world.a(main.o)
 .debug_macro   0x0000000000023de5      0x2e8 /home/luevar/Документы/nstu/IoT/git/case_1/hello-world/bin/unwd-range-l1-r3/auto_init.a(auto_init.o)
 .debug_macro   0x00000000000240cd      0xa4e /home/luevar/Документы/nstu/IoT/git/case_1/hello-world/bin/unwd-range-l1-r3/auto_init.a(auto_init.o)
 .debug_macro   0x0000000000024b1b      0x2fd /home/luevar/Документы/nstu/IoT/git/case_1/hello-world/bin/unwd-range-l1-r3/core.a(mutex.o)
 .debug_macro   0x0000000000024e18      0xa4e /home/luevar/Документы/nstu/IoT/git/case_1/hello-world/bin/unwd-range-l1-r3/core.a(mutex.o)
 .debug_macro   0x0000000000025866      0x1e5 /home/luevar/Документы/nstu/IoT/git/case_1/hello-world/bin/unwd-range-l1-r3/core.a(mutex.o)

.debug_line     0x0000000000000000     0xb1c3
 .debug_line    0x0000000000000000      0x3a5 /home/luevar/Документы/nstu/IoT/git/case_1/hello-world/bin/unwd-range-l1-r3/cpu/vectors.o
 .debug_line    0x00000000000003a5      0x9d0 /home/luevar/Документы/nstu/IoT/git/case_1/hello-world/bin/unwd-range-l1-r3/newlib_syscalls_default/syscalls.o
 .debug_line    0x0000000000000d75      0x69a /home/luevar/Документы/nstu/IoT/git/case_1/hello-world/bin/unwd-range-l1-r3/core.a(sched.o)
 .debug_line    0x000000000000140f      0x6de /home/luevar/Документы/nstu/IoT/git/case_1/hello-world/bin/unwd-range-l1-r3/cortexm_common.a(thread_arch.o)
 .debug_line    0x0000000000001aed      0x7ed /home/luevar/Документы/nstu/IoT/git/case_1/hello-world/bin/unwd-range-l1-r3/cortexm_common.a(vectors_cortexm.o)
 .debug_line    0x00000000000022da      0x63f /home/luevar/Документы/nstu/IoT/git/case_1/hello-world/bin/unwd-range-l1-r3/cortexm_common.a(irq_arch.o)
 .debug_line    0x0000000000002919      0x83f /home/luevar/Документы/nstu/IoT/git/case_1/hello-world/bin/unwd-range-l1-r3/stdio_uart.a(stdio_uart.o)
 .debug_line    0x0000000000003158      0x870 /home/luevar/Документы/nstu/IoT/git/case_1/hello-world/bin/unwd-range-l1-r3/stm32_common_periph.a(pm.o)
 .debug_line    0x00000000000039c8      0x932 /home/luevar/Документы/nstu/IoT/git/case_1/hello-world/bin/unwd-range-l1-r3/stm32_common_periph.a(uart.o)
 .debug_line    0x00000000000042fa      0x88b /home/luevar/Документы/nstu/IoT/git/case_1/hello-world/bin/unwd-range-l1-r3/stm32_common_periph.a(gpio.o)
 .debug_line    0x0000000000004b85      0x7c4 /home/luevar/Документы/nstu/IoT/git/case_1/hello-world/bin/unwd-range-l1-r3/boards_common_unwd.a(board.o)
 .debug_line    0x0000000000005349      0x72b /home/luevar/Документы/nstu/IoT/git/case_1/hello-world/bin/unwd-range-l1-r3/core.a(panic.o)
 .debug_line    0x0000000000005a74      0x75a /home/luevar/Документы/nstu/IoT/git/case_1/hello-world/bin/unwd-range-l1-r3/core.a(kernel_init.o)
 .debug_line    0x00000000000061ce      0x724 /home/luevar/Документы/nstu/IoT/git/case_1/hello-world/bin/unwd-range-l1-r3/core.a(thread.o)
 .debug_line    0x00000000000068f2      0x786 /home/luevar/Документы/nstu/IoT/git/case_1/hello-world/bin/unwd-range-l1-r3/cortexm_common.a(cortexm_init.o)
 .debug_line    0x0000000000007078      0x933 /home/luevar/Документы/nstu/IoT/git/case_1/hello-world/bin/unwd-range-l1-r3/isrpipe.a(isrpipe.o)
 .debug_line    0x00000000000079ab      0x724 /home/luevar/Документы/nstu/IoT/git/case_1/hello-world/bin/unwd-range-l1-r3/pm_layered.a(pm.o)
 .debug_line    0x00000000000080cf      0x7e7 /home/luevar/Документы/nstu/IoT/git/case_1/hello-world/bin/unwd-range-l1-r3/stm32_common.a(cpu_init.o)
 .debug_line    0x00000000000088b6      0x83e /home/luevar/Документы/nstu/IoT/git/case_1/hello-world/bin/unwd-range-l1-r3/stm32_common.a(stmclk_l0l1.o)
 .debug_line    0x00000000000090f4      0x72c /home/luevar/Документы/nstu/IoT/git/case_1/hello-world/bin/unwd-range-l1-r3/stm32_common.a(cpu_common.o)
 .debug_line    0x0000000000009820      0x71c /home/luevar/Документы/nstu/IoT/git/case_1/hello-world/bin/unwd-range-l1-r3/stm32_common.a(stm_status.o)
 .debug_line    0x0000000000009f3c      0x286 /home/luevar/Документы/nstu/IoT/git/case_1/hello-world/bin/unwd-range-l1-r3/tsrb.a(tsrb.o)
 .debug_line    0x000000000000a1c2       0xef /home/luevar/Документы/nstu/IoT/git/case_1/hello-world/bin/unwd-range-l1-r3/periph_common.a(init.o)
 .debug_line    0x000000000000a2b1      0x295 /home/luevar/Документы/nstu/IoT/git/case_1/hello-world/bin/unwd-range-l1-r3/application_hello-world.a(main.o)
 .debug_line    0x000000000000a546      0x621 /home/luevar/Документы/nstu/IoT/git/case_1/hello-world/bin/unwd-range-l1-r3/auto_init.a(auto_init.o)
 .debug_line    0x000000000000ab67      0x65c /home/luevar/Документы/nstu/IoT/git/case_1/hello-world/bin/unwd-range-l1-r3/core.a(mutex.o)

.debug_str      0x0000000000000000    0x59ec9
 .debug_str     0x0000000000000000    0x4e5b8 /home/luevar/Документы/nstu/IoT/git/case_1/hello-world/bin/unwd-range-l1-r3/cpu/vectors.o
                                      0x4e72e (size before relaxing)
 .debug_str     0x000000000004e5b8     0x7f37 /home/luevar/Документы/nstu/IoT/git/case_1/hello-world/bin/unwd-range-l1-r3/newlib_syscalls_default/syscalls.o
                                      0x5679d (size before relaxing)
 .debug_str     0x00000000000564ef      0x399 /home/luevar/Документы/nstu/IoT/git/case_1/hello-world/bin/unwd-range-l1-r3/core.a(sched.o)
                                      0x543c6 (size before relaxing)
 .debug_str     0x0000000000056888      0x282 /home/luevar/Документы/nstu/IoT/git/case_1/hello-world/bin/unwd-range-l1-r3/cortexm_common.a(thread_arch.o)
                                      0x54295 (size before relaxing)
 .debug_str     0x0000000000056b0a      0x46a /home/luevar/Документы/nstu/IoT/git/case_1/hello-world/bin/unwd-range-l1-r3/cortexm_common.a(vectors_cortexm.o)
                                      0x54bf8 (size before relaxing)
 .debug_str     0x0000000000056f74       0xeb /home/luevar/Документы/nstu/IoT/git/case_1/hello-world/bin/unwd-range-l1-r3/cortexm_common.a(irq_arch.o)
                                      0x54129 (size before relaxing)
 .debug_str     0x000000000005705f      0xc9d /home/luevar/Документы/nstu/IoT/git/case_1/hello-world/bin/unwd-range-l1-r3/stdio_uart.a(stdio_uart.o)
                                      0x566a7 (size before relaxing)
 .debug_str     0x0000000000057cfc      0x665 /home/luevar/Документы/nstu/IoT/git/case_1/hello-world/bin/unwd-range-l1-r3/stm32_common_periph.a(pm.o)
                                      0x55526 (size before relaxing)
 .debug_str     0x0000000000058361      0x401 /home/luevar/Документы/nstu/IoT/git/case_1/hello-world/bin/unwd-range-l1-r3/stm32_common_periph.a(uart.o)
                                      0x5565c (size before relaxing)
 .debug_str     0x0000000000058762      0x182 /home/luevar/Документы/nstu/IoT/git/case_1/hello-world/bin/unwd-range-l1-r3/stm32_common_periph.a(gpio.o)
                                      0x54e9e (size before relaxing)
 .debug_str     0x00000000000588e4       0xe6 /home/luevar/Документы/nstu/IoT/git/case_1/hello-world/bin/unwd-range-l1-r3/boards_common_unwd.a(board.o)
                                      0x55414 (size before relaxing)
 .debug_str     0x00000000000589ca       0xc9 /home/luevar/Документы/nstu/IoT/git/case_1/hello-world/bin/unwd-range-l1-r3/core.a(panic.o)
                                      0x54677 (size before relaxing)
 .debug_str     0x0000000000058a93      0x102 /home/luevar/Документы/nstu/IoT/git/case_1/hello-world/bin/unwd-range-l1-r3/core.a(kernel_init.o)
                                      0x54bd9 (size before relaxing)
 .debug_str     0x0000000000058b95      0x183 /home/luevar/Документы/nstu/IoT/git/case_1/hello-world/bin/unwd-range-l1-r3/core.a(thread.o)
                                      0x5483a (size before relaxing)
 .debug_str     0x0000000000058d18      0x1a6 /home/luevar/Документы/nstu/IoT/git/case_1/hello-world/bin/unwd-range-l1-r3/cortexm_common.a(cortexm_init.o)
                                      0x54958 (size before relaxing)
 .debug_str     0x0000000000058ebe      0x4ad /home/luevar/Документы/nstu/IoT/git/case_1/hello-world/bin/unwd-range-l1-r3/isrpipe.a(isrpipe.o)
                                      0x55dcf (size before relaxing)
 .debug_str     0x000000000005936b      0x121 /home/luevar/Документы/nstu/IoT/git/case_1/hello-world/bin/unwd-range-l1-r3/pm_layered.a(pm.o)
                                      0x545d1 (size before relaxing)